C:\Users\Lauta\Documents\MCUXpressoIDE_11.4.0_6224\workspace\usbsss\CMSIS/core_cm4.h:1679:22:__NVIC_EnableIRQ	16	static
C:\Users\Lauta\Documents\MCUXpressoIDE_11.4.0_6224\workspace\usbsss\drivers/fsl_common_arm.h:488:24:EnableIRQ	24	static
C:\Users\Lauta\Documents\MCUXpressoIDE_11.4.0_6224\workspace\usbsss\drivers/fsl_pit.h:159:20:PIT_EnableInterrupts	24	static
C:\Users\Lauta\Documents\MCUXpressoIDE_11.4.0_6224\workspace\usbsss\drivers/fsl_pit.h:246:20:PIT_SetTimerPeriod	24	static
C:\Users\Lauta\Documents\MCUXpressoIDE_11.4.0_6224\workspace\usbsss\drivers/fsl_pit.h:288:20:PIT_StartTimer	16	static
C:\Users\Lauta\Documents\MCUXpressoIDE_11.4.0_6224\workspace\usbsss\drivers/fsl_ftm.h:648:20:FTM_SetTimerPeriod	16	static
C:\Users\Lauta\Documents\MCUXpressoIDE_11.4.0_6224\workspace\usbsss\drivers/fsl_ftm.h:700:20:FTM_StartTimer	24	static
../board/peripherals.c:131:13:UART3_init	8	static
../board/peripherals.c:177:13:PIT_init	8	static
../board/peripherals.c:323:13:FTM0_init	8	static
../board/peripherals.c:409:13:USB0_init	8	static
../board/peripherals.c:416:6:BOARD_InitPeripherals	8	static
../board/peripherals.c:428:6:BOARD_InitBootPeripherals	8	static
