Archive member included to satisfy reference by file (symbol)

c:/nxp/mcuxpressoide_11.4.0_6224/ide/plugins/com.nxp.mcuxpresso.tools.win32_11.4.0.202103011116/tools/bin/../lib/gcc/arm-none-eabi/10.2.1/../../../../arm-none-eabi/lib/thumb/v7e-m+fp/hard\libcr_semihost_nf.a(_cr__main.o)
                              ./startup/startup_mk64f12.o (__main)
c:/nxp/mcuxpressoide_11.4.0_6224/ide/plugins/com.nxp.mcuxpresso.tools.win32_11.4.0.202103011116/tools/bin/../lib/gcc/arm-none-eabi/10.2.1/../../../../arm-none-eabi/lib/thumb/v7e-m+fp/hard\libcr_semihost_nf.a(_cr_assert.o)
                              ./drivers/fsl_adc16.o (__assertion_failed)
c:/nxp/mcuxpressoide_11.4.0_6224/ide/plugins/com.nxp.mcuxpresso.tools.win32_11.4.0.202103011116/tools/bin/../lib/gcc/arm-none-eabi/10.2.1/../../../../arm-none-eabi/lib/thumb/v7e-m+fp/hard\libcr_semihost_nf.a(__ciob.o)
                              c:/nxp/mcuxpressoide_11.4.0_6224/ide/plugins/com.nxp.mcuxpresso.tools.win32_11.4.0.202103011116/tools/bin/../lib/gcc/arm-none-eabi/10.2.1/../../../../arm-none-eabi/lib/thumb/v7e-m+fp/hard\libcr_semihost_nf.a(_cr_assert.o) (__Ciob)
c:/nxp/mcuxpressoide_11.4.0_6224/ide/plugins/com.nxp.mcuxpresso.tools.win32_11.4.0.202103011116/tools/bin/../lib/gcc/arm-none-eabi/10.2.1/../../../../arm-none-eabi/lib/thumb/v7e-m+fp/hard\libcr_semihost_nf.a(__sys_appexit.o)
                              c:/nxp/mcuxpressoide_11.4.0_6224/ide/plugins/com.nxp.mcuxpresso.tools.win32_11.4.0.202103011116/tools/bin/../lib/gcc/arm-none-eabi/10.2.1/../../../../arm-none-eabi/lib/thumb/v7e-m+fp/hard\libcr_semihost_nf.a(_cr_assert.o) (__sys_appexit)
c:/nxp/mcuxpressoide_11.4.0_6224/ide/plugins/com.nxp.mcuxpresso.tools.win32_11.4.0.202103011116/tools/bin/../lib/gcc/arm-none-eabi/10.2.1/../../../../arm-none-eabi/lib/thumb/v7e-m+fp/hard\libcr_c.a(memcpy.o)
                              ./utilities/fsl_str.o (memcpy)
c:/nxp/mcuxpressoide_11.4.0_6224/ide/plugins/com.nxp.mcuxpresso.tools.win32_11.4.0.202103011116/tools/bin/../lib/gcc/arm-none-eabi/10.2.1/../../../../arm-none-eabi/lib/thumb/v7e-m+fp/hard\libcr_c.a(memset.o)
                              ./drivers/fsl_adc16.o (memset)
c:/nxp/mcuxpressoide_11.4.0_6224/ide/plugins/com.nxp.mcuxpresso.tools.win32_11.4.0.202103011116/tools/bin/../lib/gcc/arm-none-eabi/10.2.1/../../../../arm-none-eabi/lib/thumb/v7e-m+fp/hard\libcr_c.a(_deferredlazyseek.o)
                              c:/nxp/mcuxpressoide_11.4.0_6224/ide/plugins/com.nxp.mcuxpresso.tools.win32_11.4.0.202103011116/tools/bin/../lib/gcc/arm-none-eabi/10.2.1/../../../../arm-none-eabi/lib/thumb/v7e-m+fp/hard\libcr_semihost_nf.a(_cr_assert.o) (__flsbuf)
c:/nxp/mcuxpressoide_11.4.0_6224/ide/plugins/com.nxp.mcuxpresso.tools.win32_11.4.0.202103011116/tools/bin/../lib/gcc/arm-none-eabi/10.2.1/../../../../arm-none-eabi/lib/thumb/v7e-m+fp/hard\libcr_c.a(_fflush.o)
                              c:/nxp/mcuxpressoide_11.4.0_6224/ide/plugins/com.nxp.mcuxpresso.tools.win32_11.4.0.202103011116/tools/bin/../lib/gcc/arm-none-eabi/10.2.1/../../../../arm-none-eabi/lib/thumb/v7e-m+fp/hard\libcr_c.a(_deferredlazyseek.o) (_fflush)
c:/nxp/mcuxpressoide_11.4.0_6224/ide/plugins/com.nxp.mcuxpresso.tools.win32_11.4.0.202103011116/tools/bin/../lib/gcc/arm-none-eabi/10.2.1/../../../../arm-none-eabi/lib/thumb/v7e-m+fp/hard\libcr_c.a(_writebuf.o)
                              c:/nxp/mcuxpressoide_11.4.0_6224/ide/plugins/com.nxp.mcuxpresso.tools.win32_11.4.0.202103011116/tools/bin/../lib/gcc/arm-none-eabi/10.2.1/../../../../arm-none-eabi/lib/thumb/v7e-m+fp/hard\libcr_c.a(_deferredlazyseek.o) (_Cwritebuf)
c:/nxp/mcuxpressoide_11.4.0_6224/ide/plugins/com.nxp.mcuxpresso.tools.win32_11.4.0.202103011116/tools/bin/../lib/gcc/arm-none-eabi/10.2.1/../../../../arm-none-eabi/lib/thumb/v7e-m+fp/hard\libcr_c.a(alloc.o)
                              ./drivers/fsl_common.o (malloc)
c:/nxp/mcuxpressoide_11.4.0_6224/ide/plugins/com.nxp.mcuxpresso.tools.win32_11.4.0.202103011116/tools/bin/../lib/gcc/arm-none-eabi/10.2.1/../../../../arm-none-eabi/lib/thumb/v7e-m+fp/hard\libcr_c.a(errno.o)
                              ./utilities/fsl_str.o (errno)
c:/nxp/mcuxpressoide_11.4.0_6224/ide/plugins/com.nxp.mcuxpresso.tools.win32_11.4.0.202103011116/tools/bin/../lib/gcc/arm-none-eabi/10.2.1/../../../../arm-none-eabi/lib/thumb/v7e-m+fp/hard\libcr_c.a(fputs.o)
                              c:/nxp/mcuxpressoide_11.4.0_6224/ide/plugins/com.nxp.mcuxpresso.tools.win32_11.4.0.202103011116/tools/bin/../lib/gcc/arm-none-eabi/10.2.1/../../../../arm-none-eabi/lib/thumb/v7e-m+fp/hard\libcr_semihost_nf.a(_cr_assert.o) (fputs)
c:/nxp/mcuxpressoide_11.4.0_6224/ide/plugins/com.nxp.mcuxpresso.tools.win32_11.4.0.202103011116/tools/bin/../lib/gcc/arm-none-eabi/10.2.1/../../../../arm-none-eabi/lib/thumb/v7e-m+fp/hard\libcr_c.a(fseek.o)
[...]
Memory Configuration

Name             Origin             Length             Attributes
PROGRAM_FLASH    0x00000000         0x00100000         xr
SRAM_UPPER       0x20000000         0x00030000         xrw
SRAM_LOWER       0x1fff0000         0x00010000         xrw
FLEX_RAM         0x14000000         0x00001000         xrw
*default*        0x00000000         0xffffffff

Linker script and memory map

LOAD ./utilities/fsl_debug_console.o
LOAD ./utilities/fsl_str.o
LOAD ./usb/device/source/khci/usb_device_khci.o
LOAD ./usb/device/source/usb_device_ch9.o
LOAD ./usb/device/source/usb_device_dci.o
LOAD ./usb/device/class/cdc/usb_device_cdc_acm.o
LOAD ./usb/device/class/usb_device_class.o
LOAD ./startup/startup_mk64f12.o
LOAD ./source/generated/usb_device_composite.o
LOAD ./source/generated/usb_device_descriptor.o
LOAD ./source/semihost_hardfault.o
LOAD ./source/usb_device_interface_0_cic_vcom.o
LOAD ./source/usbsss.o
LOAD ./drivers/fsl_adc16.o
LOAD ./drivers/fsl_clock.o
LOAD ./drivers/fsl_common.o
LOAD ./drivers/fsl_common_arm.o
LOAD ./drivers/fsl_ftm.o
LOAD ./drivers/fsl_gpio.o
LOAD ./drivers/fsl_i2c.o
LOAD ./drivers/fsl_pit.o
LOAD ./drivers/fsl_smc.o
LOAD ./drivers/fsl_sysmpu.o
LOAD ./drivers/fsl_uart.o
LOAD ./device/system_MK64F12.o
LOAD ./component/uart/fsl_adapter_uart.o
LOAD ./component/serial_manager/fsl_component_serial_manager.o
LOAD ./component/serial_manager/fsl_component_serial_port_uart.o
LOAD ./component/osa/fsl_os_abstraction_bm.o
LOAD ./component/lists/fsl_component_generic_list.o
LOAD ./board/board.o
LOAD ./board/clock_config.o
LOAD ./board/peripherals.o
LOAD ./board/pin_mux.o
START GROUP
LOAD c:/nxp/mcuxpressoide_11.4.0_6224/ide/plugins/com.nxp.mcuxpresso.tools.win32_11.4.0.202103011116/tools/bin/../lib/gcc/arm-none-eabi/10.2.1/../../../../arm-none-eabi/lib/thumb/v7e-m+fp/hard\libcr_semihost_nf.a
LOAD c:/nxp/mcuxpressoide_11.4.0_6224/ide/plugins/com.nxp.mcuxpresso.tools.win32_11.4.0.202103011116/tools/bin/../lib/gcc/arm-none-eabi/10.2.1/../../../../arm-none-eabi/lib/thumb/v7e-m+fp/hard\libcr_c.a
LOAD c:/nxp/mcuxpressoide_11.4.0_6224/ide/plugins/com.nxp.mcuxpresso.tools.win32_11.4.0.202103011116/tools/bin/../lib/gcc/arm-none-eabi/10.2.1/thumb/v7e-m+fp/hard\libcr_eabihelpers.a
LOAD c:/nxp/mcuxpressoide_11.4.0_6224/ide/plugins/com.nxp.mcuxpresso.tools.win32_11.4.0.202103011116/tools/bin/../lib/gcc/arm-none-eabi/10.2.1/thumb/v7e-m+fp/hard\libgcc.a
END GROUP
                0x00000000                __base_PROGRAM_FLASH = 0x0
                0x00000000                __base_Flash = 0x0
                0x00100000                __top_PROGRAM_FLASH = 0x100000
                0x00100000                __top_Flash = 0x100000
                0x20000000                __base_SRAM_UPPER = 0x20000000
                0x20000000                __base_RAM = 0x20000000
                0x20030000                __top_SRAM_UPPER = 0x20030000
                0x20030000                __top_RAM = 0x20030000
                0x1fff0000                __base_SRAM_LOWER = 0x1fff0000
                0x1fff0000                __base_RAM2 = 0x1fff0000
                0x20000000                __top_SRAM_LOWER = 0x20000000
                0x20000000                __top_RAM2 = 0x20000000
                0x14000000                __base_FLEX_RAM = 0x14000000
                0x14000000                __base_RAM3 = 0x14000000
                0x14001000                __top_FLEX_RAM = 0x14001000
                0x14001000                __top_RAM3 = 0x14001000

.text           0x00000000     0xb6a0
 FILL mask 0xff
                0x00000000                __vectors_start__ = ABSOLUTE (.)
 *(SORT_BY_ALIGNMENT(.isr_vector))
 .isr_vector    0x00000000      0x198 ./startup/startup_mk64f12.o
                0x00000000                g_pfnVectors
                0x00000000                __Vectors
                0x00000198                . = ALIGN (0x4)
                0x00000198                __section_table_start = .
                0x00000198                __data_section_table = .
                0x00000198        0x4 LONG 0xb6a0 LOADADDR (.data)
                0x0000019c        0x4 LONG 0x20000000 ADDR (.data)
                0x000001a0        0x4 LONG 0x150 SIZEOF (.data)
                0x000001a4        0x4 LONG 0xb6a0 LOADADDR (.data_RAM2)
                0x000001a8        0x4 LONG 0x1fff0000 ADDR (.data_RAM2)
                0x000001ac        0x4 LONG 0x0 SIZEOF (.data_RAM2)
                0x000001b0        0x4 LONG 0xb6a0 LOADADDR (.data_RAM3)
                0x000001b4        0x4 LONG 0x14000000 ADDR (.data_RAM3)
                0x000001b8        0x4 LONG 0x0 SIZEOF (.data_RAM3)
                0x000001bc                __data_section_table_end = .
                0x000001bc                __bss_section_table = .
                0x000001bc        0x4 LONG 0x20000200 ADDR (.bss)
                0x000001c0        0x4 LONG 0xa78 SIZEOF (.bss)
                0x000001c4        0x4 LONG 0x1fff0000 ADDR (.bss_RAM2)
                0x000001c8        0x4 LONG 0x0 SIZEOF (.bss_RAM2)
                0x000001cc        0x4 LONG 0x14000000 ADDR (.bss_RAM3)
                0x000001d0        0x4 LONG 0x0 SIZEOF (.bss_RAM3)
                0x000001d4                __bss_section_table_end = .
                0x000001d4                __section_table_end = .
 *(SORT_BY_ALIGNMENT(.after_vectors*))
 .after_vectors.reset
                0x000001d4       0x4c ./startup/startup_mk64f12.o
                0x000001d4                ResetISR
 .after_vectors.init_data
                0x00000220       0x1e ./startup/startup_mk64f12.o
                0x00000220                data_init
 .after_vectors.init_bss
                0x0000023e       0x12 ./startup/startup_mk64f12.o
                0x0000023e                bss_init
 .after_vectors
                0x00000250       0x14 ./startup/startup_mk64f12.o
                0x00000250                NMI_Handler
                0x00000254                MemManage_Handler
                0x00000256                BusFault_Handler
                0x00000258                UsageFault_Handler
                0x0000025a                SVC_Handler
                0x0000025c                DebugMon_Handler
                0x0000025e                PendSV_Handler
                0x00000262                DMA_Error_DriverIRQHandler
                0x00000262                LPTMR0_DriverIRQHandler
                0x00000262                FTM1_DriverIRQHandler
                0x00000262                FTM2_DriverIRQHandler
                0x00000262                PIT2_DriverIRQHandler
                0x00000262                SDHC_DriverIRQHandler
                0x00000262                I2S0_Tx_DriverIRQHandler
                0x00000262                RTC_Seconds_DriverIRQHandler
                0x00000262                DMA6_DriverIRQHandler
                0x00000262                LLWU_DriverIRQHandler
                0x00000262                MCM_DriverIRQHandler
                0x00000262                MCG_DriverIRQHandler
                0x00000262                ENET_1588_Timer_DriverIRQHandler
                0x00000262                DAC1_DriverIRQHandler
                0x00000262                SPI1_DriverIRQHandler
                0x00000262                CMP1_DriverIRQHandler
                0x00000262                FTM0_DriverIRQHandler
                0x00000262                IntDefaultHandler
                0x00000262                USB0_DriverIRQHandler
                0x00000262                UART5_ERR_DriverIRQHandler
                0x00000262                PORTC_DriverIRQHandler
                0x00000262                DMA11_DriverIRQHandler
                0x00000262                DAC0_DriverIRQHandler
                0x00000262                DMA10_DriverIRQHandler
                0x00000262                CMP2_DriverIRQHandler
                0x00000262                UART2_ERR_DriverIRQHandler
                0x00000262                SPI2_DriverIRQHandler
                0x00000262                LVD_LVW_DriverIRQHandler
                0x00000262                PIT0_DriverIRQHandler
                0x00000262                DMA12_DriverIRQHandler
                0x00000262                DMA5_DriverIRQHandler
                0x00000262                DMA4_DriverIRQHandler
                0x00000262                USBDCD_DriverIRQHandler
                0x00000262                UART3_ERR_DriverIRQHandler
                0x00000262                DMA3_DriverIRQHandler
                0x00000262                DMA8_DriverIRQHandler
                0x00000262                DMA9_DriverIRQHandler
                0x00000262                UART0_ERR_DriverIRQHandler
                0x00000262                CMT_DriverIRQHandler
                0x00000262                Reserved71_DriverIRQHandler
                0x00000262                ADC1_DriverIRQHandler
                0x00000262                PORTA_DriverIRQHandler
                0x00000262                DMA14_DriverIRQHandler
                0x00000262                PIT3_DriverIRQHandler
                0x00000262                PIT1_DriverIRQHandler
                0x00000262                WDOG_EWM_DriverIRQHandler
                0x00000262                PDB0_DriverIRQHandler
                0x00000262                RTC_DriverIRQHandler
                0x00000262                I2S0_Rx_DriverIRQHandler
                0x00000262                Read_Collision_DriverIRQHandler
                0x00000262                SWI_DriverIRQHandler
                0x00000262                UART4_ERR_DriverIRQHandler
                0x00000262                PORTB_DriverIRQHandler
                0x00000262                UART0_LON_DriverIRQHandler
                0x00000262                DMA0_DriverIRQHandler
                0x00000262                DMA1_DriverIRQHandler
                0x00000262                ENET_Receive_DriverIRQHandler
                0x00000262                DMA13_DriverIRQHandler
                0x00000262                ENET_Error_DriverIRQHandler
                0x00000262                DMA15_DriverIRQHandler
                0x00000262                SPI0_DriverIRQHandler
                0x00000262                ADC0_DriverIRQHandler
                0x00000262                CMP0_DriverIRQHandler
                0x00000262                CAN0_DriverIRQHandler
                0x00000262                FTM3_DriverIRQHandler
                0x00000262                RNG_DriverIRQHandler
                0x00000262                UART1_ERR_DriverIRQHandler
                0x00000262                DMA2_DriverIRQHandler
                0x00000262                ENET_Transmit_DriverIRQHandler
                0x00000262                PORTD_DriverIRQHandler
                0x00000262                PORTE_DriverIRQHandler
                0x00000262                FTFE_DriverIRQHandler
                0x00000262                DMA7_DriverIRQHandler
                0x00000400                . = 0x400
 *fill*         0x00000264      0x19c ff
                0x00000400                PROVIDE (__FLASH_CONFIG_START__ = .)
 *(SORT_BY_ALIGNMENT(.FlashConfig))
 .FlashConfig   0x00000400       0x10 ./startup/startup_mk64f12.o
                0x00000400                Flash_Config
                0x00000410                PROVIDE (__FLASH_CONFIG_END__ = .)
                0x00000001                ASSERT (! ((__FLASH_CONFIG_START__ == __FLASH_CONFIG_END__)), Linker Flash Config Support Enabled, but no .FlashConfig section provided within application)
 *(SORT_BY_ALIGNMENT(.text*))
 .text.USB_DeviceKhciEndpointTransfer
                0x00000410      0x104 ./usb/device/source/khci/usb_device_khci.o
 .text.USB_DeviceKhciInit
                0x00000514       0xd8 ./usb/device/source/khci/usb_device_khci.o
                0x00000514                USB_DeviceKhciInit
 .text.USB_DeviceKhciControl
                0x000005ec      0x2b0 ./usb/device/source/khci/usb_device_khci.o
                0x000005ec                USB_DeviceKhciControl
 .text.USB_DeviceControlCallback
                0x0000089c      0x3e4 ./usb/device/source/usb_device_ch9.o
 .text.USB_DeviceControlPipeInit
                0x00000c80       0x7c ./usb/device/source/usb_device_ch9.o
                0x00000c80                USB_DeviceControlPipeInit
 .text.USB_DeviceAllocateHandle
                0x00000cfc       0xc4 ./usb/device/source/usb_device_dci.o
 .text.USB_DeviceGetControllerInterface
                0x00000dc0       0x3c ./usb/device/source/usb_device_dci.o
 .text.USB_DeviceGetStatus
                0x00000dfc       0xcc ./usb/device/source/usb_device_dci.o
                0x00000dfc                USB_DeviceGetStatus
 .text.USB_DeviceSetStatus
                0x00000ec8      0x118 ./usb/device/source/usb_device_dci.o
                0x00000ec8                USB_DeviceSetStatus
 .text.USB_DeviceCdcAcmAllocateHandle
                0x00000fe0       0x58 ./usb/device/class/cdc/usb_device_cdc_acm.o
 .text.USB_DeviceCdcAcmEndpointsInit
                0x00001038      0x3c0 ./usb/device/class/cdc/usb_device_cdc_acm.o
 .text.USB_DeviceCdcAcmEvent
                0x000013f8      0x71c ./usb/device/class/cdc/usb_device_cdc_acm.o
                0x000013f8                USB_DeviceCdcAcmEvent
 .text.USB_DeviceClassAllocateHandle
                0x00001b14       0xc8 ./usb/device/class/usb_device_class.o
 .text.USB_DeviceClassFreeHandle
                0x00001bdc       0x90 ./usb/device/class/usb_device_class.o
 .text.USB_DeviceClassGetHandleByDeviceHandle
                0x00001c6c       0x64 ./usb/device/class/usb_device_class.o
 .text.USB_DeviceClassGetDeviceHandle
                0x00001cd0       0x78 ./usb/device/class/usb_device_class.o
                0x00001cd0                USB_DeviceClassGetDeviceHandle
 .text.USB_DeviceClassEvent
                0x00001d48       0xdc ./usb/device/class/usb_device_class.o
                0x00001d48                USB_DeviceClassEvent
 .text.USB_DeviceClassInit
                0x00001e24      0x118 ./usb/device/class/usb_device_class.o
                0x00001e24                USB_DeviceClassInit
 .text.__NVIC_EnableIRQ
                0x00001f3c       0x3c ./source/generated/usb_device_composite.o
 .text.__NVIC_SetPriority
                0x00001f78       0x54 ./source/generated/usb_device_composite.o
 .text.USB0_IRQHandler
                0x00001fcc       0x1c ./source/generated/usb_device_composite.o
                0x00001fcc                USB0_IRQHandler
 .text.USB_DeviceCallback
                0x00001fe8      0x1fc ./source/generated/usb_device_composite.o
 .text.USB_UpdateInterfaceSetting
                0x000021e4       0x68 ./source/generated/usb_device_composite.o
 .text.USB_DeviceApplicationInit
                0x0000224c       0x84 ./source/generated/usb_device_composite.o
                0x0000224c                USB_DeviceApplicationInit
 .text.USB_DeviceGetDeviceDescriptor
                0x000022d0       0x28 ./source/generated/usb_device_descriptor.o
                0x000022d0                USB_DeviceGetDeviceDescriptor
 .text.USB_DeviceGetConfigurationDescriptor
                0x000022f8       0x34 ./source/generated/usb_device_descriptor.o
                0x000022f8                USB_DeviceGetConfigurationDescriptor
 .text.USB_DeviceGetStringDescriptor
                0x0000232c       0xc0 ./source/generated/usb_device_descriptor.o
                0x0000232c                USB_DeviceGetStringDescriptor
 .text.USB_DeviceInterface0CicVcomTask
                0x000023ec      0x100 ./source/usb_device_interface_0_cic_vcom.o
                0x000023ec                USB_DeviceInterface0CicVcomTask
 .text.USB_DeviceInterface0CicVcomCallback
                0x000024ec      0x38c ./source/usb_device_interface_0_cic_vcom.o
                0x000024ec                USB_DeviceInterface0CicVcomCallback
 .text.USB_DeviceInterface0CicVcomSetConfiguration
                0x00002878       0x34 ./source/usb_device_interface_0_cic_vcom.o
                0x00002878                USB_DeviceInterface0CicVcomSetConfiguration
 .text.USB_DeviceInterface0CicVcomInit
                0x000028ac       0x30 ./source/usb_device_interface_0_cic_vcom.o
                0x000028ac                USB_DeviceInterface0CicVcomInit
 .text.__NVIC_SetPriority
                0x000028dc       0x54 ./source/usbsss.o
 .text.SysTick_Config
                0x00002930       0x44 ./source/usbsss.o
 .text.SysTick_Handler
                0x00002974       0x24 ./source/usbsss.o
                0x00002974                SysTick_Handler
 .text.main     0x00002998      0x260 ./source/usbsss.o
                0x00002998                main
 .text.resetESP
                0x00002bf8       0x74 ./source/usbsss.o
                0x00002bf8                resetESP
 .text.CommandUdp
                0x00002c6c      0x51c ./source/usbsss.o
                0x00002c6c                CommandUdp
 .text.initESP  0x00003188      0x2a8 ./source/usbsss.o
                0x00003188                initESP
 .text.DecoEsp  0x00003430      0xd20 ./source/usbsss.o
                0x00003430                DecoEsp
 .text.RecibirComandoESP
                0x00004150      0x1c0 ./source/usbsss.o
                0x00004150                RecibirComandoESP
 .text.ESP_UART3_SEND
                0x00004310       0x3c ./source/usbsss.o
                0x00004310                ESP_UART3_SEND
 .text.BanderasComandos
                0x0000434c       0x48 ./source/usbsss.o
                0x0000434c                BanderasComandos
 .text.LeerCabecera
                0x00004394      0x270 ./source/usbsss.o
                0x00004394                LeerCabecera
 .text.RecibirDatos
                0x00004604       0xfc ./source/usbsss.o
                0x00004604                RecibirDatos
 .text.EnviarDatos
                0x00004700      0x238 ./source/usbsss.o
                0x00004700                EnviarDatos
 .text.UART3_RX_TX_IRQHandler
                0x00004938       0x5c ./source/usbsss.o
                0x00004938                UART3_RX_TX_IRQHandler
 .text.PIT0_IRQHandler
                0x00004994       0xbc ./source/usbsss.o
                0x00004994                PIT0_IRQHandler
 .text.CLOCK_SetEr32kClock
                0x00004a50       0x30 ./drivers/fsl_clock.o
 .text.CLOCK_SetPllFllSelClock
                0x00004a80       0x38 ./drivers/fsl_clock.o
 .text.CLOCK_GetMcgExtClkFreq
                0x00004ab8       0x7c ./drivers/fsl_clock.o
 .text.CLOCK_GetFllExtRefClkFreq
                0x00004b34       0xb0 ./drivers/fsl_clock.o
 .text.CLOCK_GetInternalRefClkSelectFreq
                0x00004be4       0x4c ./drivers/fsl_clock.o
 .text.CLOCK_GetFllRefClkFreq
                0x00004c30       0x34 ./drivers/fsl_clock.o
 .text.CLOCK_GetOscRangeFromFreq
                0x00004c64       0x3c ./drivers/fsl_clock.o
 .text.CLOCK_GetOsc0ErClkFreq
                0x00004ca0       0x44 ./drivers/fsl_clock.o
                0x00004ca0                CLOCK_GetOsc0ErClkFreq
 .text.CLOCK_GetEr32kClkFreq
                0x00004ce4       0x74 ./drivers/fsl_clock.o
                0x00004ce4                CLOCK_GetEr32kClkFreq
 .text.CLOCK_GetPllFllSelClkFreq
                0x00004d58       0x54 ./drivers/fsl_clock.o
                0x00004d58                CLOCK_GetPllFllSelClkFreq
 .text.CLOCK_GetCoreSysClkFreq
                0x00004dac       0x28 ./drivers/fsl_clock.o
                0x00004dac                CLOCK_GetCoreSysClkFreq
 .text.CLOCK_GetFreq
                0x00004dd4      0x140 ./drivers/fsl_clock.o
                0x00004dd4                CLOCK_GetFreq
 .text.CLOCK_SetSimConfig
                0x00004f14       0x34 ./drivers/fsl_clock.o
                0x00004f14                CLOCK_SetSimConfig
 .text.CLOCK_EnableUsbfs0Clock
                0x00004f48      0x108 ./drivers/fsl_clock.o
                0x00004f48                CLOCK_EnableUsbfs0Clock
 .text.CLOCK_GetOutClkFreq
                0x00005050       0x64 ./drivers/fsl_clock.o
                0x00005050                CLOCK_GetOutClkFreq
 .text.CLOCK_GetFllFreq
                0x000050b4       0x84 ./drivers/fsl_clock.o
                0x000050b4                CLOCK_GetFllFreq
 .text.CLOCK_GetInternalRefClkFreq
                0x00005138       0x30 ./drivers/fsl_clock.o
                0x00005138                CLOCK_GetInternalRefClkFreq
 .text.CLOCK_GetPll0Freq
                0x00005168       0x78 ./drivers/fsl_clock.o
                0x00005168                CLOCK_GetPll0Freq
 .text.CLOCK_SetExternalRefClkConfig
                0x000051e0       0x6c ./drivers/fsl_clock.o
                0x000051e0                CLOCK_SetExternalRefClkConfig
 .text.CLOCK_SetInternalRefClkConfig
                0x0000524c      0x104 ./drivers/fsl_clock.o
                0x0000524c                CLOCK_SetInternalRefClkConfig
 .text.CLOCK_EnablePll0
                0x00005350       0x88 ./drivers/fsl_clock.o
                0x00005350                CLOCK_EnablePll0
 .text.CLOCK_InitOsc0
                0x000053d8       0x8c ./drivers/fsl_clock.o
                0x000053d8                CLOCK_InitOsc0
 .text.CLOCK_SetPbeMode
                0x00005464       0xa8 ./drivers/fsl_clock.o
                0x00005464                CLOCK_SetPbeMode
 .text.CLOCK_BootToPeeMode
                0x0000550c       0x64 ./drivers/fsl_clock.o
                0x0000550c                CLOCK_BootToPeeMode
 .text.SDK_DelayAtLeastUs
                0x00005570       0x8c ./drivers/fsl_common_arm.o
                0x00005570                SDK_DelayAtLeastUs
 .text.FTM_GetInstance
                0x000055fc       0x54 ./drivers/fsl_ftm.o
 .text.FTM_SetPwmSync
                0x00005650      0x140 ./drivers/fsl_ftm.o
 .text.FTM_SetReloadPoints
                0x00005790      0x138 ./drivers/fsl_ftm.o
 .text.FTM_Init
                0x000058c8       0xf4 ./drivers/fsl_ftm.o
                0x000058c8                FTM_Init
 .text.FTM_SetupPwmMode
                0x000059bc      0x294 ./drivers/fsl_ftm.o
                0x000059bc                FTM_SetupPwmMode
 .text.GPIO_PinInit
                0x00005c50       0x64 ./drivers/fsl_gpio.o
                0x00005c50                GPIO_PinInit
 .text.I2C_TransferCommonIRQHandler
                0x00005cb4       0x58 ./drivers/fsl_i2c.o
 .text.I2C0_DriverIRQHandler
                0x00005d0c       0x1c ./drivers/fsl_i2c.o
                0x00005d0c                I2C0_DriverIRQHandler
 .text.I2C1_DriverIRQHandler
                0x00005d28       0x1c ./drivers/fsl_i2c.o
                0x00005d28                I2C1_DriverIRQHandler
 .text.I2C2_DriverIRQHandler
                0x00005d44       0x1c ./drivers/fsl_i2c.o
                0x00005d44                I2C2_DriverIRQHandler
 .text.PIT_GetInstance
                0x00005d60       0x44 ./drivers/fsl_pit.o
 .text.PIT_Init
                0x00005da4       0x94 ./drivers/fsl_pit.o
                0x00005da4                PIT_Init
 .text.UART_GetInstance
                0x00005e38       0x54 ./drivers/fsl_uart.o
                0x00005e38                UART_GetInstance
 .text.UART_Init
                0x00005e8c      0x2f4 ./drivers/fsl_uart.o
                0x00005e8c                UART_Init
 .text.UART_EnableInterrupts
                0x00006180       0x70 ./drivers/fsl_uart.o
                0x00006180                UART_EnableInterrupts
 .text.UART0_DriverIRQHandler
                0x000061f0       0x28 ./drivers/fsl_uart.o
                0x000061f0                UART0_DriverIRQHandler
 .text.UART1_DriverIRQHandler
                0x00006218       0x28 ./drivers/fsl_uart.o
                0x00006218                UART1_DriverIRQHandler
 .text.UART2_DriverIRQHandler
                0x00006240       0x28 ./drivers/fsl_uart.o
                0x00006240                UART2_DriverIRQHandler
 .text.UART4_DriverIRQHandler
                0x00006268       0x28 ./drivers/fsl_uart.o
                0x00006268                UART4_DriverIRQHandler
 .text.UART5_DriverIRQHandler
                0x00006290       0x28 ./drivers/fsl_uart.o
                0x00006290                UART5_DriverIRQHandler
 .text.SystemInit
                0x000062b8       0x3c ./device/system_MK64F12.o
                0x000062b8                SystemInit
 .text.OSA_MutexCreate
                0x000062f4       0x34 ./component/osa/fsl_os_abstraction_bm.o
                0x000062f4                OSA_MutexCreate
 .text.OSA_MutexDestroy
                0x00006328       0x30 ./component/osa/fsl_os_abstraction_bm.o
                0x00006328                OSA_MutexDestroy
 .text.CLOCK_SetSdhc0Clock
                0x00006358       0x38 ./board/clock_config.o
 .text.CLOCK_SetEnetTime0Clock
                0x00006390       0x38 ./board/clock_config.o
 .text.CLOCK_SetRmii0Clock
                0x000063c8       0x38 ./board/clock_config.o
 .text.CLOCK_SetTraceClock
                0x00006400       0x38 ./board/clock_config.o
 .text.CLOCK_SetClkOutClock
                0x00006438       0x34 ./board/clock_config.o
 .text.CLOCK_SetSimSafeDivs
                0x0000646c       0x20 ./board/clock_config.o
 .text.CLOCK_SetXtal0Freq
                0x0000648c       0x20 ./board/clock_config.o
 .text.CLOCK_CONFIG_SetFllExtRefDiv
                0x000064ac       0x3c ./board/clock_config.o
 .text.BOARD_BootClockRUN
                0x000064e8       0x88 ./board/clock_config.o
                0x000064e8                BOARD_BootClockRUN
 .text.__NVIC_EnableIRQ
                0x00006570       0x3c ./board/peripherals.o
 .text.PIT_SetTimerPeriod
                0x000065ac       0x38 ./board/peripherals.o
 .text.UART3_init
                0x000065e4       0x34 ./board/peripherals.o
 .text.PIT_init
                0x00006618       0x40 ./board/peripherals.o
 .text.FTM0_init
                0x00006658       0x3c ./board/peripherals.o
 .text.PORT_SetPinConfig
                0x00006694       0x38 ./board/pin_mux.o
 .text.BOARD_InitPins
                0x000066cc       0xd0 ./board/pin_mux.o
                0x000066cc                BOARD_InitPins
 .text.BOARD_InitDEBUG_UARTPins
                0x0000679c       0x68 ./board/pin_mux.o
                0x0000679c                BOARD_InitDEBUG_UARTPins
 .text.__assertion_failed
                0x00006804       0x4c c:/nxp/mcuxpressoide_11.4.0_6224/ide/plugins/com.nxp.mcuxpresso.tools.win32_11.4.0.202103011116/tools/bin/../lib/gcc/arm-none-eabi/10.2.1/../../../../arm-none-eabi/lib/thumb/v7e-m+fp/hard\libcr_semihost_nf.a(_cr_assert.o)
                0x00006804                __assertion_failed
 .text.__sys_appexit
                0x00006850        0xc c:/nxp/mcuxpressoide_11.4.0_6224/ide/plugins/com.nxp.mcuxpresso.tools.win32_11.4.0.202103011116/tools/bin/../lib/gcc/arm-none-eabi/10.2.1/../../../../arm-none-eabi/lib/thumb/v7e-m+fp/hard\libcr_semihost_nf.a(__sys_appexit.o)
                0x00006850                __sys_appexit
                0x00006850                __exit
 .text._Cwritebuf
                0x0000685c       0x6c c:/nxp/mcuxpressoide_11.4.0_6224/ide/plugins/com.nxp.mcuxpresso.tools.win32_11.4.0.202103011116/tools/bin/../lib/gcc/arm-none-eabi/10.2.1/../../../../arm-none-eabi/lib/thumb/v7e-m+fp/hard\libcr_c.a(_writebuf.o)
                0x0000685c                _Cwritebuf
 .text.malloc   0x000068c8       0xc8 c:/nxp/mcuxpressoide_11.4.0_6224/ide/plugins/com.nxp.mcuxpresso.tools.win32_11.4.0.202103011116/tools/bin/../lib/gcc/arm-none-eabi/10.2.1/../../../../arm-none-eabi/lib/thumb/v7e-m+fp/hard\libcr_c.a(alloc.o)
                0x000068c8                malloc
 .text._Csys_alloc
                0x00006990       0x20 c:/nxp/mcuxpressoide_11.4.0_6224/ide/plugins/com.nxp.mcuxpresso.tools.win32_11.4.0.202103011116/tools/bin/../lib/gcc/arm-none-eabi/10.2.1/../../../../arm-none-eabi/lib/thumb/v7e-m+fp/hard\libcr_c.a(alloc.o)
                0x00006990                _Csys_alloc
 .text.fseek    0x000069b0      0x100 c:/nxp/mcuxpressoide_11.4.0_6224/ide/plugins/com.nxp.mcuxpresso.tools.win32_11.4.0.202103011116/tools/bin/../lib/gcc/arm-none-eabi/10.2.1/../../../../arm-none-eabi/lib/thumb/v7e-m+fp/hard\libcr_c.a(fseek.o)
                0x000069b0                fseek
 .text.ftell    0x00006ab0       0x44 c:/nxp/mcuxpressoide_11.4.0_6224/ide/plugins/com.nxp.mcuxpresso.tools.win32_11.4.0.202103011116/tools/bin/../lib/gcc/arm-none-eabi/10.2.1/../../../../arm-none-eabi/lib/thumb/v7e-m+fp/hard\libcr_c.a(ftell.o)
                0x00006ab0                ftell
 .text._initio  0x00006af4       0x78 c:/nxp/mcuxpressoide_11.4.0_6224/ide/plugins/com.nxp.mcuxpresso.tools.win32_11.4.0.202103011116/tools/bin/../lib/gcc/arm-none-eabi/10.2.1/../../../../arm-none-eabi/lib/thumb/v7e-m+fp/hard\libcr_c.a(initio.o)
                0x00006af4                _initio
 .text.__vfprintf
                0x00006b6c      0xbf4 c:/nxp/mcuxpressoide_11.4.0_6224/ide/plugins/com.nxp.mcuxpresso.tools.win32_11.4.0.202103011116/tools/bin/../lib/gcc/arm-none-eabi/10.2.1/../../../../arm-none-eabi/lib/thumb/v7e-m+fp/hard\libcr_c.a(printf.o)
                0x00006b6c                __vfprintf
 .text._vsnprintf
                0x00007760       0x68 c:/nxp/mcuxpressoide_11.4.0_6224/ide/plugins/com.nxp.mcuxpresso.tools.win32_11.4.0.202103011116/tools/bin/../lib/gcc/arm-none-eabi/10.2.1/../../../../arm-none-eabi/lib/thumb/v7e-m+fp/hard\libcr_c.a(printf.o)
                0x00007760                _vsnprintf
 .text._printf  0x000077c8       0x54 c:/nxp/mcuxpressoide_11.4.0_6224/ide/plugins/com.nxp.mcuxpresso.tools.win32_11.4.0.202103011116/tools/bin/../lib/gcc/arm-none-eabi/10.2.1/../../../../arm-none-eabi/lib/thumb/v7e-m+fp/hard\libcr_c.a(printf.o)
                0x000077c8                _printf
 .text._sbrk    0x0000781c       0x3c c:/nxp/mcuxpressoide_11.4.0_6224/ide/plugins/com.nxp.mcuxpresso.tools.win32_11.4.0.202103011116/tools/bin/../lib/gcc/arm-none-eabi/10.2.1/../../../../arm-none-eabi/lib/thumb/v7e-m+fp/hard\libcr_c.a(_cr_sbrk.o)
                0x0000781c                _sbrk
 .text.fflush   0x00007858       0x3c c:/nxp/mcuxpressoide_11.4.0_6224/ide/plugins/com.nxp.mcuxpresso.tools.win32_11.4.0.202103011116/tools/bin/../lib/gcc/arm-none-eabi/10.2.1/../../../../arm-none-eabi/lib/thumb/v7e-m+fp/hard\libcr_c.a(fflush.o)
                0x00007858                fflush
 .text.__check_heap_overflow
                0x00007894       0x18 c:/nxp/mcuxpressoide_11.4.0_6224/ide/plugins/com.nxp.mcuxpresso.tools.win32_11.4.0.202103011116/tools/bin/../lib/gcc/arm-none-eabi/10.2.1/../../../../arm-none-eabi/lib/thumb/v7e-m+fp/hard\libcr_c.a(_cr_check_heap.o)
                0x00007894                __check_heap_overflow
 .text.USB_DeviceKhciPrimeNextSetup
                0x000078ac       0x64 ./usb/device/source/khci/usb_device_khci.o
 .text.USB_DeviceKhciSetDefaultState
                0x00007910      0x158 ./usb/device/source/khci/usb_device_khci.o
 .text.USB_DeviceKhciEndpointInit
                0x00007a68      0x12c ./usb/device/source/khci/usb_device_khci.o
 .text.USB_DeviceKhciEndpointDeinit
                0x00007b94       0x5c ./usb/device/source/khci/usb_device_khci.o
 .text.USB_DeviceKhciEndpointStall
                0x00007bf0      0x176 ./usb/device/source/khci/usb_device_khci.o
 .text.USB_DeviceKhciEndpointUnstall
                0x00007d66      0x10a ./usb/device/source/khci/usb_device_khci.o
 .text.USB_DeviceKhciInterruptTokenDone
                0x00007e70      0x538 ./usb/device/source/khci/usb_device_khci.o
 .text.USB_DeviceKhciInterruptReset
                0x000083a8       0x42 ./usb/device/source/khci/usb_device_khci.o
 .text.USB_DeviceKhciInterruptStall
                0x000083ea       0x5c ./usb/device/source/khci/usb_device_khci.o
 .text.USB_DeviceKhciDeinit
                0x00008446       0x64 ./usb/device/source/khci/usb_device_khci.o
                0x00008446                USB_DeviceKhciDeinit
 .text.USB_DeviceKhciSend
                0x000084aa      0x11c ./usb/device/source/khci/usb_device_khci.o
                0x000084aa                USB_DeviceKhciSend
 .text.USB_DeviceKhciRecv
                0x000085c6      0x160 ./usb/device/source/khci/usb_device_khci.o
                0x000085c6                USB_DeviceKhciRecv
 .text.USB_DeviceKhciCancel
                0x00008726       0x86 ./usb/device/source/khci/usb_device_khci.o
                0x00008726                USB_DeviceKhciCancel
 .text.USB_DeviceKhciIsrFunction
                0x000087ac       0x84 ./usb/device/source/khci/usb_device_khci.o
                0x000087ac                USB_DeviceKhciIsrFunction
 .text.USB_DeviceCh9GetStatus
                0x00008830      0x10a ./usb/device/source/usb_device_ch9.o
 .text.USB_DeviceCh9SetClearFeature
                0x0000893a      0x10c ./usb/device/source/usb_device_ch9.o
 .text.USB_DeviceCh9SetAddress
                0x00008a46       0xca ./usb/device/source/usb_device_ch9.o
 .text.USB_DeviceCh9GetDescriptor
                0x00008b10      0x132 ./usb/device/source/usb_device_ch9.o
 .text.USB_DeviceCh9GetConfiguration
                0x00008c42       0x8e ./usb/device/source/usb_device_ch9.o
 .text.USB_DeviceCh9SetConfiguration
                0x00008cd0       0xb6 ./usb/device/source/usb_device_ch9.o
 .text.USB_DeviceCh9GetInterface
                0x00008d86       0x9c ./usb/device/source/usb_device_ch9.o
 .text.USB_DeviceCh9SetInterface
                0x00008e22       0x90 ./usb/device/source/usb_device_ch9.o
 .text.USB_DeviceCh9SynchFrame
                0x00008eb2       0x90 ./usb/device/source/usb_device_ch9.o
 .text.USB_DeviceControlCallbackFeedback
                0x00008f42       0x96 ./usb/device/source/usb_device_ch9.o
 .text.USB_DeviceFreeHandle
                0x00008fd8       0x32 ./usb/device/source/usb_device_dci.o
 .text.USB_DeviceTransfer
                0x0000900a      0x10a ./usb/device/source/usb_device_dci.o
 .text.USB_DeviceControl
                0x00009114       0x48 ./usb/device/source/usb_device_dci.o
 .text.USB_DeviceResetNotification
                0x0000915c       0x98 ./usb/device/source/usb_device_dci.o
 .text.USB_DeviceNotification
                0x000091f4      0x102 ./usb/device/source/usb_device_dci.o
 .text.USB_DeviceNotificationTrigger
                0x000092f6       0x40 ./usb/device/source/usb_device_dci.o
                0x000092f6                USB_DeviceNotificationTrigger
 .text.USB_DeviceInit
                0x00009336      0x166 ./usb/device/source/usb_device_dci.o
                0x00009336                USB_DeviceInit
 .text.USB_DeviceRun
                0x0000949c       0x1c ./usb/device/source/usb_device_dci.o
                0x0000949c                USB_DeviceRun
 .text.USB_DeviceDeinit
                0x000094b8       0x42 ./usb/device/source/usb_device_dci.o
                0x000094b8                USB_DeviceDeinit
 .text.USB_DeviceSendRequest
                0x000094fa       0x32 ./usb/device/source/usb_device_dci.o
                0x000094fa                USB_DeviceSendRequest
 .text.USB_DeviceRecvRequest
                0x0000952c       0x2c ./usb/device/source/usb_device_dci.o
                0x0000952c                USB_DeviceRecvRequest
 .text.USB_DeviceInitEndpoint
                0x00009558       0xbe ./usb/device/source/usb_device_dci.o
                0x00009558                USB_DeviceInitEndpoint
 .text.USB_DeviceDeinitEndpoint
                0x00009616       0xac ./usb/device/source/usb_device_dci.o
                0x00009616                USB_DeviceDeinitEndpoint
 .text.USB_DeviceStallEndpoint
                0x000096c2       0x30 ./usb/device/source/usb_device_dci.o
                0x000096c2                USB_DeviceStallEndpoint
 .text.USB_DeviceUnstallEndpoint
                0x000096f2       0x30 ./usb/device/source/usb_device_dci.o
                0x000096f2                USB_DeviceUnstallEndpoint
 .text.USB_DeviceCdcAcmFreeHandle
                0x00009722       0x32 ./usb/device/class/cdc/usb_device_cdc_acm.o
 .text.USB_DeviceCdcAcmInterruptIn
                0x00009754       0x54 ./usb/device/class/cdc/usb_device_cdc_acm.o
 .text.USB_DeviceCdcAcmBulkIn
                0x000097a8       0x54 ./usb/device/class/cdc/usb_device_cdc_acm.o
 .text.USB_DeviceCdcAcmBulkOut
                0x000097fc       0x54 ./usb/device/class/cdc/usb_device_cdc_acm.o
 .text.USB_DeviceCdcAcmEndpointsDeinit
                0x00009850       0xae ./usb/device/class/cdc/usb_device_cdc_acm.o
 .text.USB_DeviceCdcAcmInit
                0x000098fe       0xaa ./usb/device/class/cdc/usb_device_cdc_acm.o
                0x000098fe                USB_DeviceCdcAcmInit
 .text.USB_DeviceCdcAcmDeinit
                0x000099a8       0x4e ./usb/device/class/cdc/usb_device_cdc_acm.o
                0x000099a8                USB_DeviceCdcAcmDeinit
 .text.USB_DeviceCdcAcmSend
                0x000099f6       0xa4 ./usb/device/class/cdc/usb_device_cdc_acm.o
                0x000099f6                USB_DeviceCdcAcmSend
 .text.USB_DeviceCdcAcmRecv
                0x00009a9a       0x78 ./usb/device/class/cdc/usb_device_cdc_acm.o
                0x00009a9a                USB_DeviceCdcAcmRecv
 .text.USB_DeviceClassCallback
                0x00009b12       0x5e ./usb/device/class/usb_device_class.o
                0x00009b12                USB_DeviceClassCallback
 .text.DMA0_IRQHandler
                0x00009b70        0x8 ./startup/startup_mk64f12.o
                0x00009b70                DMA0_IRQHandler
 .text.DMA1_IRQHandler
                0x00009b78        0x8 ./startup/startup_mk64f12.o
                0x00009b78                DMA1_IRQHandler
 .text.DMA2_IRQHandler
                0x00009b80        0x8 ./startup/startup_mk64f12.o
                0x00009b80                DMA2_IRQHandler
 .text.DMA3_IRQHandler
                0x00009b88        0x8 ./startup/startup_mk64f12.o
                0x00009b88                DMA3_IRQHandler
 .text.DMA4_IRQHandler
                0x00009b90        0x8 ./startup/startup_mk64f12.o
                0x00009b90                DMA4_IRQHandler
 .text.DMA5_IRQHandler
                0x00009b98        0x8 ./startup/startup_mk64f12.o
                0x00009b98                DMA5_IRQHandler
 .text.DMA6_IRQHandler
                0x00009ba0        0x8 ./startup/startup_mk64f12.o
                0x00009ba0                DMA6_IRQHandler
 .text.DMA7_IRQHandler
                0x00009ba8        0x8 ./startup/startup_mk64f12.o
                0x00009ba8                DMA7_IRQHandler
 .text.DMA8_IRQHandler
                0x00009bb0        0x8 ./startup/startup_mk64f12.o
                0x00009bb0                DMA8_IRQHandler
 .text.DMA9_IRQHandler
                0x00009bb8        0x8 ./startup/startup_mk64f12.o
                0x00009bb8                DMA9_IRQHandler
 .text.DMA10_IRQHandler
                0x00009bc0        0x8 ./startup/startup_mk64f12.o
                0x00009bc0                DMA10_IRQHandler
 .text.DMA11_IRQHandler
                0x00009bc8        0x8 ./startup/startup_mk64f12.o
                0x00009bc8                DMA11_IRQHandler
 .text.DMA12_IRQHandler
                0x00009bd0        0x8 ./startup/startup_mk64f12.o
                0x00009bd0                DMA12_IRQHandler
 .text.DMA13_IRQHandler
                0x00009bd8        0x8 ./startup/startup_mk64f12.o
                0x00009bd8                DMA13_IRQHandler
 .text.DMA14_IRQHandler
                0x00009be0        0x8 ./startup/startup_mk64f12.o
                0x00009be0                DMA14_IRQHandler
 .text.DMA15_IRQHandler
                0x00009be8        0x8 ./startup/startup_mk64f12.o
                0x00009be8                DMA15_IRQHandler
 .text.DMA_Error_IRQHandler
                0x00009bf0        0x8 ./startup/startup_mk64f12.o
                0x00009bf0                DMA_Error_IRQHandler
 .text.MCM_IRQHandler
                0x00009bf8        0x8 ./startup/startup_mk64f12.o
                0x00009bf8                MCM_IRQHandler
 .text.FTFE_IRQHandler
                0x00009c00        0x8 ./startup/startup_mk64f12.o
                0x00009c00                FTFE_IRQHandler
 .text.Read_Collision_IRQHandler
                0x00009c08        0x8 ./startup/startup_mk64f12.o
                0x00009c08                Read_Collision_IRQHandler
 .text.LVD_LVW_IRQHandler
                0x00009c10        0x8 ./startup/startup_mk64f12.o
                0x00009c10                LVD_LVW_IRQHandler
 .text.LLWU_IRQHandler
                0x00009c18        0x8 ./startup/startup_mk64f12.o
                0x00009c18                LLWU_IRQHandler
 .text.WDOG_EWM_IRQHandler
                0x00009c20        0x8 ./startup/startup_mk64f12.o
                0x00009c20                WDOG_EWM_IRQHandler
 .text.RNG_IRQHandler
                0x00009c28        0x8 ./startup/startup_mk64f12.o
                0x00009c28                RNG_IRQHandler
 .text.I2C0_IRQHandler
                0x00009c30        0x8 ./startup/startup_mk64f12.o
                0x00009c30                I2C0_IRQHandler
 .text.I2C1_IRQHandler
                0x00009c38        0x8 ./startup/startup_mk64f12.o
                0x00009c38                I2C1_IRQHandler
 .text.SPI0_IRQHandler
                0x00009c40        0x8 ./startup/startup_mk64f12.o
                0x00009c40                SPI0_IRQHandler
 .text.SPI1_IRQHandler
                0x00009c48        0x8 ./startup/startup_mk64f12.o
                0x00009c48                SPI1_IRQHandler
 .text.I2S0_Tx_IRQHandler
                0x00009c50        0x8 ./startup/startup_mk64f12.o
                0x00009c50                I2S0_Tx_IRQHandler
 .text.I2S0_Rx_IRQHandler
                0x00009c58        0x8 ./startup/startup_mk64f12.o
                0x00009c58                I2S0_Rx_IRQHandler
 .text.UART0_LON_IRQHandler
                0x00009c60        0x8 ./startup/startup_mk64f12.o
                0x00009c60                UART0_LON_IRQHandler
 .text.UART0_RX_TX_IRQHandler
                0x00009c68        0x8 ./startup/startup_mk64f12.o
                0x00009c68                UART0_RX_TX_IRQHandler
 .text.UART0_ERR_IRQHandler
                0x00009c70        0x8 ./startup/startup_mk64f12.o
                0x00009c70                UART0_ERR_IRQHandler
 .text.UART1_RX_TX_IRQHandler
                0x00009c78        0x8 ./startup/startup_mk64f12.o
                0x00009c78                UART1_RX_TX_IRQHandler
 .text.UART1_ERR_IRQHandler
                0x00009c80        0x8 ./startup/startup_mk64f12.o
                0x00009c80                UART1_ERR_IRQHandler
 .text.UART2_RX_TX_IRQHandler
                0x00009c88        0x8 ./startup/startup_mk64f12.o
                0x00009c88                UART2_RX_TX_IRQHandler
 .text.UART2_ERR_IRQHandler
                0x00009c90        0x8 ./startup/startup_mk64f12.o
                0x00009c90                UART2_ERR_IRQHandler
 .text.UART3_ERR_IRQHandler
                0x00009c98        0x8 ./startup/startup_mk64f12.o
                0x00009c98                UART3_ERR_IRQHandler
 .text.ADC0_IRQHandler
                0x00009ca0        0x8 ./startup/startup_mk64f12.o
                0x00009ca0                ADC0_IRQHandler
 .text.CMP0_IRQHandler
                0x00009ca8        0x8 ./startup/startup_mk64f12.o
                0x00009ca8                CMP0_IRQHandler
 .text.CMP1_IRQHandler
                0x00009cb0        0x8 ./startup/startup_mk64f12.o
                0x00009cb0                CMP1_IRQHandler
 .text.FTM0_IRQHandler
                0x00009cb8        0x8 ./startup/startup_mk64f12.o
                0x00009cb8                FTM0_IRQHandler
 .text.FTM1_IRQHandler
                0x00009cc0        0x8 ./startup/startup_mk64f12.o
                0x00009cc0                FTM1_IRQHandler
 .text.FTM2_IRQHandler
                0x00009cc8        0x8 ./startup/startup_mk64f12.o
                0x00009cc8                FTM2_IRQHandler
 .text.CMT_IRQHandler
                0x00009cd0        0x8 ./startup/startup_mk64f12.o
                0x00009cd0                CMT_IRQHandler
 .text.RTC_IRQHandler
                0x00009cd8        0x8 ./startup/startup_mk64f12.o
                0x00009cd8                RTC_IRQHandler
 .text.RTC_Seconds_IRQHandler
                0x00009ce0        0x8 ./startup/startup_mk64f12.o
                0x00009ce0                RTC_Seconds_IRQHandler
 .text.PIT1_IRQHandler
                0x00009ce8        0x8 ./startup/startup_mk64f12.o
                0x00009ce8                PIT1_IRQHandler
 .text.PIT2_IRQHandler
                0x00009cf0        0x8 ./startup/startup_mk64f12.o
                0x00009cf0                PIT2_IRQHandler
 .text.PIT3_IRQHandler
                0x00009cf8        0x8 ./startup/startup_mk64f12.o
                0x00009cf8                PIT3_IRQHandler
 .text.PDB0_IRQHandler
                0x00009d00        0x8 ./startup/startup_mk64f12.o
                0x00009d00                PDB0_IRQHandler
 .text.USBDCD_IRQHandler
                0x00009d08        0x8 ./startup/startup_mk64f12.o
                0x00009d08                USBDCD_IRQHandler
 .text.Reserved71_IRQHandler
                0x00009d10        0x8 ./startup/startup_mk64f12.o
                0x00009d10                Reserved71_IRQHandler
 .text.DAC0_IRQHandler
                0x00009d18        0x8 ./startup/startup_mk64f12.o
                0x00009d18                DAC0_IRQHandler
 .text.MCG_IRQHandler
                0x00009d20        0x8 ./startup/startup_mk64f12.o
                0x00009d20                MCG_IRQHandler
 .text.LPTMR0_IRQHandler
                0x00009d28        0x8 ./startup/startup_mk64f12.o
                0x00009d28                LPTMR0_IRQHandler
 .text.PORTA_IRQHandler
                0x00009d30        0x8 ./startup/startup_mk64f12.o
                0x00009d30                PORTA_IRQHandler
 .text.PORTB_IRQHandler
                0x00009d38        0x8 ./startup/startup_mk64f12.o
                0x00009d38                PORTB_IRQHandler
 .text.PORTC_IRQHandler
                0x00009d40        0x8 ./startup/startup_mk64f12.o
                0x00009d40                PORTC_IRQHandler
 .text.PORTD_IRQHandler
                0x00009d48        0x8 ./startup/startup_mk64f12.o
                0x00009d48                PORTD_IRQHandler
 .text.PORTE_IRQHandler
                0x00009d50        0x8 ./startup/startup_mk64f12.o
                0x00009d50                PORTE_IRQHandler
 .text.SWI_IRQHandler
                0x00009d58        0x8 ./startup/startup_mk64f12.o
                0x00009d58                SWI_IRQHandler
 .text.SPI2_IRQHandler
                0x00009d60        0x8 ./startup/startup_mk64f12.o
                0x00009d60                SPI2_IRQHandler
 .text.UART4_RX_TX_IRQHandler
                0x00009d68        0x8 ./startup/startup_mk64f12.o
                0x00009d68                UART4_RX_TX_IRQHandler
 .text.UART4_ERR_IRQHandler
                0x00009d70        0x8 ./startup/startup_mk64f12.o
                0x00009d70                UART4_ERR_IRQHandler
 .text.UART5_RX_TX_IRQHandler
                0x00009d78        0x8 ./startup/startup_mk64f12.o
                0x00009d78                UART5_RX_TX_IRQHandler
 .text.UART5_ERR_IRQHandler
                0x00009d80        0x8 ./startup/startup_mk64f12.o
                0x00009d80                UART5_ERR_IRQHandler
 .text.CMP2_IRQHandler
                0x00009d88        0x8 ./startup/startup_mk64f12.o
                0x00009d88                CMP2_IRQHandler
 .text.FTM3_IRQHandler
                0x00009d90        0x8 ./startup/startup_mk64f12.o
                0x00009d90                FTM3_IRQHandler
 .text.DAC1_IRQHandler
                0x00009d98        0x8 ./startup/startup_mk64f12.o
                0x00009d98                DAC1_IRQHandler
 .text.ADC1_IRQHandler
                0x00009da0        0x8 ./startup/startup_mk64f12.o
                0x00009da0                ADC1_IRQHandler
 .text.I2C2_IRQHandler
                0x00009da8        0x8 ./startup/startup_mk64f12.o
                0x00009da8                I2C2_IRQHandler
 .text.CAN0_ORed_Message_buffer_IRQHandler
                0x00009db0        0x8 ./startup/startup_mk64f12.o
                0x00009db0                CAN0_ORed_Message_buffer_IRQHandler
 .text.CAN0_Bus_Off_IRQHandler
                0x00009db8        0x8 ./startup/startup_mk64f12.o
                0x00009db8                CAN0_Bus_Off_IRQHandler
 .text.CAN0_Error_IRQHandler
                0x00009dc0        0x8 ./startup/startup_mk64f12.o
                0x00009dc0                CAN0_Error_IRQHandler
 .text.CAN0_Tx_Warning_IRQHandler
                0x00009dc8        0x8 ./startup/startup_mk64f12.o
                0x00009dc8                CAN0_Tx_Warning_IRQHandler
 .text.CAN0_Rx_Warning_IRQHandler
                0x00009dd0        0x8 ./startup/startup_mk64f12.o
                0x00009dd0                CAN0_Rx_Warning_IRQHandler
 .text.CAN0_Wake_Up_IRQHandler
                0x00009dd8        0x8 ./startup/startup_mk64f12.o
                0x00009dd8                CAN0_Wake_Up_IRQHandler
 .text.SDHC_IRQHandler
                0x00009de0        0x8 ./startup/startup_mk64f12.o
                0x00009de0                SDHC_IRQHandler
 .text.ENET_1588_Timer_IRQHandler
                0x00009de8        0x8 ./startup/startup_mk64f12.o
                0x00009de8                ENET_1588_Timer_IRQHandler
 .text.ENET_Transmit_IRQHandler
                0x00009df0        0x8 ./startup/startup_mk64f12.o
                0x00009df0                ENET_Transmit_IRQHandler
 .text.ENET_Receive_IRQHandler
                0x00009df8        0x8 ./startup/startup_mk64f12.o
                0x00009df8                ENET_Receive_IRQHandler
 .text.ENET_Error_IRQHandler
                0x00009e00        0x8 ./startup/startup_mk64f12.o
                0x00009e00                ENET_Error_IRQHandler
 .text.EnableIRQ
                0x00009e08       0x32 ./source/generated/usb_device_composite.o
 .text.SYSMPU_Enable
                0x00009e3a       0x38 ./source/generated/usb_device_composite.o
 .text.USB_DeviceClockInit
                0x00009e72        0xe ./source/generated/usb_device_composite.o
 .text.USB_DeviceIsrEnable
                0x00009e80       0x2c ./source/generated/usb_device_composite.o
                0x00009e80                USB_DeviceIsrEnable
 .text.HardFault_Handler
                0x00009eac       0x2c ./source/semihost_hardfault.o
                0x00009eac                HardFault_Handler
 .text.USB_DeviceInterface0CicVcomSetInterface
                0x00009ed8       0x1a ./source/usb_device_interface_0_cic_vcom.o
                0x00009ed8                USB_DeviceInterface0CicVcomSetInterface
 .text.USB_DeviceInterface1DicVcomSetInterface
                0x00009ef2       0x1a ./source/usb_device_interface_0_cic_vcom.o
                0x00009ef2                USB_DeviceInterface1DicVcomSetInterface
 .text.GPIO_PortToggle
                0x00009f0c       0x1c ./source/usbsss.o
 .text.UART_WriteByte
                0x00009f28       0x1e ./source/usbsss.o
 .text.UART_ReadByte
                0x00009f46       0x1a ./source/usbsss.o
 .text.PIT_GetStatusFlags
                0x00009f60       0x2a ./source/usbsss.o
 .text.PIT_ClearStatusFlags
                0x00009f8a       0x2a ./source/usbsss.o
 .text.FTM_StartTimer
                0x00009fb4       0x3a ./source/usbsss.o
 .text.FTM_StopTimer
                0x00009fee       0x20 ./source/usbsss.o
 .text.CLOCK_EnableClock
                0x0000a00e       0x34 ./drivers/fsl_clock.o
 .text.CLOCK_DisableClock
                0x0000a042       0x38 ./drivers/fsl_clock.o
 .text.OSC_SetExtRefClkConfig
                0x0000a07a       0x34 ./drivers/fsl_clock.o
 .text.OSC_SetCapLoad
                0x0000a0ae       0x34 ./drivers/fsl_clock.o
 .text.CLOCK_GetPll0RefFreq
                0x0000a0e2        0xe ./drivers/fsl_clock.o
 .text.CLOCK_GetFixedFreqClkFreq
                0x0000a0f0       0x34 ./drivers/fsl_clock.o
                0x0000a0f0                CLOCK_GetFixedFreqClkFreq
 .text.DelayLoop
                0x0000a124       0x20 ./drivers/fsl_common_arm.o
 .text.CLOCK_EnableClock
                0x0000a144       0x34 ./drivers/fsl_ftm.o
 .text.FTM_SetDeadTimeEnable
                0x0000a178       0x52 ./drivers/fsl_ftm.o
 .text.FTM_SetComplementaryEnable
                0x0000a1ca       0x52 ./drivers/fsl_ftm.o
 .text.GPIO_PinWrite
                0x0000a21c       0x36 ./drivers/fsl_gpio.o
 .text.CLOCK_EnableClock
                0x0000a252       0x34 ./drivers/fsl_pit.o
 .text.CLOCK_EnableClock
                0x0000a286       0x34 ./drivers/fsl_uart.o
 .text.UART_GetStatusFlags
                0x0000a2ba       0x48 ./drivers/fsl_uart.o
                0x0000a2ba                UART_GetStatusFlags
 .text.UART_ClearStatusFlags
                0x0000a302       0x80 ./drivers/fsl_uart.o
                0x0000a302                UART_ClearStatusFlags
 .text.UART0_RX_TX_DriverIRQHandler
                0x0000a382       0x12 ./drivers/fsl_uart.o
                0x0000a382                UART0_RX_TX_DriverIRQHandler
 .text.UART1_RX_TX_DriverIRQHandler
                0x0000a394       0x12 ./drivers/fsl_uart.o
                0x0000a394                UART1_RX_TX_DriverIRQHandler
 .text.UART2_RX_TX_DriverIRQHandler
                0x0000a3a6       0x12 ./drivers/fsl_uart.o
                0x0000a3a6                UART2_RX_TX_DriverIRQHandler
 .text.UART4_RX_TX_DriverIRQHandler
                0x0000a3b8       0x12 ./drivers/fsl_uart.o
                0x0000a3b8                UART4_RX_TX_DriverIRQHandler
 .text.UART5_RX_TX_DriverIRQHandler
                0x0000a3ca       0x12 ./drivers/fsl_uart.o
                0x0000a3ca                UART5_RX_TX_DriverIRQHandler
 .text.SystemInitHook
                0x0000a3dc        0xe ./device/system_MK64F12.o
                0x0000a3dc                SystemInitHook
 .text.DisableGlobalIRQ
                0x0000a3ea       0x22 ./component/osa/fsl_os_abstraction_bm.o
 .text.EnableGlobalIRQ
                0x0000a40c       0x20 ./component/osa/fsl_os_abstraction_bm.o
 .text.OSA_EnterCritical
                0x0000a42c       0x1a ./component/osa/fsl_os_abstraction_bm.o
                0x0000a42c                OSA_EnterCritical
 .text.OSA_ExitCritical
                0x0000a446       0x16 ./component/osa/fsl_os_abstraction_bm.o
                0x0000a446                OSA_ExitCritical
 .text.DbgConsole_Init
                0x0000a45c       0x20 ./board/board.o
 .text.BOARD_InitDebugConsole
                0x0000a47c       0x22 ./board/board.o
                0x0000a47c                BOARD_InitDebugConsole
 .text.BOARD_InitBootClocks
                0x0000a49e        0xc ./board/clock_config.o
                0x0000a49e                BOARD_InitBootClocks
 .text.EnableIRQ
                0x0000a4aa       0x32 ./board/peripherals.o
 .text.PIT_EnableInterrupts
                0x0000a4dc       0x3a ./board/peripherals.o
 .text.PIT_StartTimer
                0x0000a516       0x38 ./board/peripherals.o
 .text.FTM_SetTimerPeriod
                0x0000a54e       0x22 ./board/peripherals.o
 .text.FTM_StartTimer
                0x0000a570       0x3a ./board/peripherals.o
 .text.USB0_init
                0x0000a5aa        0xc ./board/peripherals.o
 .text.BOARD_InitPeripherals
                0x0000a5b6       0x18 ./board/peripherals.o
                0x0000a5b6                BOARD_InitPeripherals
 .text.BOARD_InitBootPeripherals
                0x0000a5ce        0xc ./board/peripherals.o
                0x0000a5ce                BOARD_InitBootPeripherals
 .text.CLOCK_EnableClock
                0x0000a5da       0x34 ./board/pin_mux.o
 .text.PORT_SetPinMux
                0x0000a60e       0x3a ./board/pin_mux.o
 .text.BOARD_InitBootPins
                0x0000a648       0x10 ./board/pin_mux.o
                0x0000a648                BOARD_InitBootPins
 .text.__main   0x0000a658        0xe c:/nxp/mcuxpressoide_11.4.0_6224/ide/plugins/com.nxp.mcuxpresso.tools.win32_11.4.0.202103011116/tools/bin/../lib/gcc/arm-none-eabi/10.2.1/../../../../arm-none-eabi/lib/thumb/v7e-m+fp/hard\libcr_semihost_nf.a(_cr__main.o)
                0x0000a658                __CR_SEMIHOST
                0x0000a658                __main
 .text.memcpy   0x0000a666        0x4 c:/nxp/mcuxpressoide_11.4.0_6224/ide/plugins/com.nxp.mcuxpresso.tools.win32_11.4.0.202103011116/tools/bin/../lib/gcc/arm-none-eabi/10.2.1/../../../../arm-none-eabi/lib/thumb/v7e-m+fp/hard\libcr_c.a(memcpy.o)
                0x0000a666                memcpy
 .text.memset   0x0000a66a        0x4 c:/nxp/mcuxpressoide_11.4.0_6224/ide/plugins/com.nxp.mcuxpresso.tools.win32_11.4.0.202103011116/tools/bin/../lib/gcc/arm-none-eabi/10.2.1/../../../../arm-none-eabi/lib/thumb/v7e-m+fp/hard\libcr_c.a(memset.o)
                0x0000a66a                memset
 .text._deferredlazyseek
                0x0000a66e       0x40 c:/nxp/mcuxpressoide_11.4.0_6224/ide/plugins/com.nxp.mcuxpresso.tools.win32_11.4.0.202103011116/tools/bin/../lib/gcc/arm-none-eabi/10.2.1/../../../../arm-none-eabi/lib/thumb/v7e-m+fp/hard\libcr_c.a(_deferredlazyseek.o)
                0x0000a66e                _deferredlazyseek
 .text.__flsbuf
                0x0000a6ae      0x140 c:/nxp/mcuxpressoide_11.4.0_6224/ide/plugins/com.nxp.mcuxpresso.tools.win32_11.4.0.202103011116/tools/bin/../lib/gcc/arm-none-eabi/10.2.1/../../../../arm-none-eabi/lib/thumb/v7e-m+fp/hard\libcr_c.a(_deferredlazyseek.o)
                0x0000a6ae                __flsbuf
 .text._fflush  0x0000a7ee       0x52 c:/nxp/mcuxpressoide_11.4.0_6224/ide/plugins/com.nxp.mcuxpresso.tools.win32_11.4.0.202103011116/tools/bin/../lib/gcc/arm-none-eabi/10.2.1/../../../../arm-none-eabi/lib/thumb/v7e-m+fp/hard\libcr_c.a(_fflush.o)
                0x0000a7ee                _fflush
 .text.free     0x0000a840       0x30 c:/nxp/mcuxpressoide_11.4.0_6224/ide/plugins/com.nxp.mcuxpresso.tools.win32_11.4.0.202103011116/tools/bin/../lib/gcc/arm-none-eabi/10.2.1/../../../../arm-none-eabi/lib/thumb/v7e-m+fp/hard\libcr_c.a(alloc.o)
                0x0000a840                free
 .text.fputs    0x0000a870       0x2c c:/nxp/mcuxpressoide_11.4.0_6224/ide/plugins/com.nxp.mcuxpresso.tools.win32_11.4.0.202103011116/tools/bin/../lib/gcc/arm-none-eabi/10.2.1/../../../../arm-none-eabi/lib/thumb/v7e-m+fp/hard\libcr_c.a(fputs.o)
                0x0000a870                fputs
 .text.no_fp_display
                0x0000a89c        0x4 c:/nxp/mcuxpressoide_11.4.0_6224/ide/plugins/com.nxp.mcuxpresso.tools.win32_11.4.0.202103011116/tools/bin/../lib/gcc/arm-none-eabi/10.2.1/../../../../arm-none-eabi/lib/thumb/v7e-m+fp/hard\libcr_c.a(printf.o)
 .text.setvbuf  0x0000a8a0       0x3e c:/nxp/mcuxpressoide_11.4.0_6224/ide/plugins/com.nxp.mcuxpresso.tools.win32_11.4.0.202103011116/tools/bin/../lib/gcc/arm-none-eabi/10.2.1/../../../../arm-none-eabi/lib/thumb/v7e-m+fp/hard\libcr_c.a(setvbuf.o)
                0x0000a8a0                setvbuf
 .text.strlen   0x0000a8de       0x48 c:/nxp/mcuxpressoide_11.4.0_6224/ide/plugins/com.nxp.mcuxpresso.tools.win32_11.4.0.202103011116/tools/bin/../lib/gcc/arm-none-eabi/10.2.1/../../../../arm-none-eabi/lib/thumb/v7e-m+fp/hard\libcr_c.a(strlen.o)
                0x0000a8de                strlen
 .text._fdopen  0x0000a926       0x68 c:/nxp/mcuxpressoide_11.4.0_6224/ide/plugins/com.nxp.mcuxpresso.tools.win32_11.4.0.202103011116/tools/bin/../lib/gcc/arm-none-eabi/10.2.1/../../../../arm-none-eabi/lib/thumb/v7e-m+fp/hard\libcr_c.a(_fdopen.o)
                0x0000a926                _fdopen
 .text.fclose   0x0000a98e       0x58 c:/nxp/mcuxpressoide_11.4.0_6224/ide/plugins/com.nxp.mcuxpresso.tools.win32_11.4.0.202103011116/tools/bin/../lib/gcc/arm-none-eabi/10.2.1/../../../../arm-none-eabi/lib/thumb/v7e-m+fp/hard\libcr_c.a(fclose.o)
                0x0000a98e                fclose
 .text.remove   0x0000a9e6       0x14 c:/nxp/mcuxpressoide_11.4.0_6224/ide/plugins/com.nxp.mcuxpresso.tools.win32_11.4.0.202103011116/tools/bin/../lib/gcc/arm-none-eabi/10.2.1/../../../../arm-none-eabi/lib/thumb/v7e-m+fp/hard\libcr_c.a(remove.o)
                0x0000a9e6                remove
 .text._do_fflush
                0x0000a9fa       0x40 c:/nxp/mcuxpressoide_11.4.0_6224/ide/plugins/com.nxp.mcuxpresso.tools.win32_11.4.0.202103011116/tools/bin/../lib/gcc/arm-none-eabi/10.2.1/../../../../arm-none-eabi/lib/thumb/v7e-m+fp/hard\libcr_c.a(_do_fflush.o)
                0x0000a9fa                _do_fflush
 .text.__aeabi_division_uldivmod
                0x0000aa3a      0x174 c:/nxp/mcuxpressoide_11.4.0_6224/ide/plugins/com.nxp.mcuxpresso.tools.win32_11.4.0.202103011116/tools/bin/../lib/gcc/arm-none-eabi/10.2.1/thumb/v7e-m+fp/hard\libcr_eabihelpers.a(division_64.o)
                0x0000aa3a                __aeabi_uldivmod
                0x0000aa3e                __bhs_ldivmod1
 .text.__aeabi_division_idiv0
                0x0000abae        0x2 c:/nxp/mcuxpressoide_11.4.0_6224/ide/plugins/com.nxp.mcuxpresso.tools.win32_11.4.0.202103011116/tools/bin/../lib/gcc/arm-none-eabi/10.2.1/thumb/v7e-m+fp/hard\libcr_eabihelpers.a(division_idiv0.o)
                0x0000abae                __aeabi_idiv0
 .text.__aeabi_memcpy
                0x0000abb0       0x34 c:/nxp/mcuxpressoide_11.4.0_6224/ide/plugins/com.nxp.mcuxpresso.tools.win32_11.4.0.202103011116/tools/bin/../lib/gcc/arm-none-eabi/10.2.1/thumb/v7e-m+fp/hard\libcr_eabihelpers.a(memcpy.o)
                0x0000abb0                __aeabi_memcpy
                0x0000abba                __aeabi_memcpy8
                0x0000abba                __aeabi_memcpy4
 .text.__aeabi_memset_lowlevel
                0x0000abe4       0x32 c:/nxp/mcuxpressoide_11.4.0_6224/ide/plugins/com.nxp.mcuxpresso.tools.win32_11.4.0.202103011116/tools/bin/../lib/gcc/arm-none-eabi/10.2.1/thumb/v7e-m+fp/hard\libcr_eabihelpers.a(memcpy.o)
                0x0000abe4                __aeabi_lowlevel_memset
 .text.__sys_close
                0x0000ac16        0xc c:/nxp/mcuxpressoide_11.4.0_6224/ide/plugins/com.nxp.mcuxpresso.tools.win32_11.4.0.202103011116/tools/bin/../lib/gcc/arm-none-eabi/10.2.1/../../../../arm-none-eabi/lib/thumb/v7e-m+fp/hard\libcr_semihost_nf.a(__sys_close.o)
                0x0000ac16                __sys_close
 .text.__sys_flen
                0x0000ac22        0xc c:/nxp/mcuxpressoide_11.4.0_6224/ide/plugins/com.nxp.mcuxpresso.tools.win32_11.4.0.202103011116/tools/bin/../lib/gcc/arm-none-eabi/10.2.1/../../../../arm-none-eabi/lib/thumb/v7e-m+fp/hard\libcr_semihost_nf.a(__sys_flen.o)
                0x0000ac22                __sys_flen
 .text.__sys_istty
                0x0000ac2e        0xc c:/nxp/mcuxpressoide_11.4.0_6224/ide/plugins/com.nxp.mcuxpresso.tools.win32_11.4.0.202103011116/tools/bin/../lib/gcc/arm-none-eabi/10.2.1/../../../../arm-none-eabi/lib/thumb/v7e-m+fp/hard\libcr_semihost_nf.a(__sys_istty.o)
                0x0000ac2e                __sys_istty
 .text.__sys_remove
                0x0000ac3a        0xc c:/nxp/mcuxpressoide_11.4.0_6224/ide/plugins/com.nxp.mcuxpresso.tools.win32_11.4.0.202103011116/tools/bin/../lib/gcc/arm-none-eabi/10.2.1/../../../../arm-none-eabi/lib/thumb/v7e-m+fp/hard\libcr_semihost_nf.a(__sys_remove.o)
                0x0000ac3a                __sys_remove
 .text.__sys_seek
                0x0000ac46        0xc c:/nxp/mcuxpressoide_11.4.0_6224/ide/plugins/com.nxp.mcuxpresso.tools.win32_11.4.0.202103011116/tools/bin/../lib/gcc/arm-none-eabi/10.2.1/../../../../arm-none-eabi/lib/thumb/v7e-m+fp/hard\libcr_semihost_nf.a(__sys_seek.o)
                0x0000ac46                __sys_seek
 .text.__sys_tmpnam
                0x0000ac52        0xc c:/nxp/mcuxpressoide_11.4.0_6224/ide/plugins/com.nxp.mcuxpresso.tools.win32_11.4.0.202103011116/tools/bin/../lib/gcc/arm-none-eabi/10.2.1/../../../../arm-none-eabi/lib/thumb/v7e-m+fp/hard\libcr_semihost_nf.a(__sys_tmpnam.o)
                0x0000ac52                __sys_tmpnam
 .text.__sys_write
                0x0000ac5e        0xc c:/nxp/mcuxpressoide_11.4.0_6224/ide/plugins/com.nxp.mcuxpresso.tools.win32_11.4.0.202103011116/tools/bin/../lib/gcc/arm-none-eabi/10.2.1/../../../../arm-none-eabi/lib/thumb/v7e-m+fp/hard\libcr_semihost_nf.a(__sys_write.o)
                0x0000ac5e                __sys_write
 *(SORT_BY_ALIGNMENT(.rodata) SORT_BY_ALIGNMENT(.rodata.*) SORT_BY_ALIGNMENT(.constdata) SORT_BY_ALIGNMENT(.constdata.*))
 *fill*         0x0000ac6a        0x2 ff
 .rodata.s_UsbDeviceStandardRequest
                0x0000ac6c       0x34 ./usb/device/source/usb_device_ch9.o
 .rodata.s_UsbDeviceKhciInterface
                0x0000aca0       0x18 ./usb/device/source/usb_device_dci.o
 .rodata.s_UsbDeviceClassInterfaceMap
                0x0000acb8       0x20 ./usb/device/class/usb_device_class.o
 .rodata.USB_DeviceInterface0CicVcomCallback.str1.4
                0x0000acd8       0x2e ./source/usb_device_interface_0_cic_vcom.o
 *fill*         0x0000ad06        0x2 ff
 .rodata.CWJAP  0x0000ad08       0x23 ./source/usbsss.o
                0x0000ad08                CWJAP
 *fill*         0x0000ad2b        0x1 ff
 .rodata.CWJAP2
                0x0000ad2c       0x22 ./source/usbsss.o
                0x0000ad2c                CWJAP2
 *fill*         0x0000ad4e        0x2 ff
 .rodata.CIFSR  0x0000ad50        0xb ./source/usbsss.o
                0x0000ad50                CIFSR
 *fill*         0x0000ad5b        0x1 ff
 .rodata.CIPMUX
                0x0000ad5c        0xe ./source/usbsss.o
                0x0000ad5c                CIPMUX
 *fill*         0x0000ad6a        0x2 ff
 .rodata.CIPSTART
                0x0000ad6c       0x2c ./source/usbsss.o
                0x0000ad6c                CIPSTART
 .rodata.CIPSTART2
                0x0000ad98       0x2e ./source/usbsss.o
                0x0000ad98                CIPSTART2
 *fill*         0x0000adc6        0x2 ff
 .rodata.CWQAP  0x0000adc8        0xb ./source/usbsss.o
                0x0000adc8                CWQAP
 *fill*         0x0000add3        0x1 ff
 .rodata.CWMODE
                0x0000add4        0xe ./source/usbsss.o
                0x0000add4                CWMODE
 *fill*         0x0000ade2        0x2 ff
 .rodata.ANS_CWQAP
                0x0000ade4       0x11 ./source/usbsss.o
                0x0000ade4                ANS_CWQAP
 *fill*         0x0000adf5        0x3 ff
 .rodata.ANS_CWMODE
                0x0000adf8       0x14 ./source/usbsss.o
                0x0000adf8                ANS_CWMODE
 .rodata.ANS_CWJAP
                0x0000ae0c       0x45 ./source/usbsss.o
                0x0000ae0c                ANS_CWJAP
 *fill*         0x0000ae51        0x3 ff
 .rodata.ANS_CWJAP_ERROR_FAIL
                0x0000ae54       0x12 ./source/usbsss.o
                0x0000ae54                ANS_CWJAP_ERROR_FAIL
 *fill*         0x0000ae66        0x2 ff
 .rodata.ANS_CWJAP2
                0x0000ae68       0x44 ./source/usbsss.o
                0x0000ae68                ANS_CWJAP2
 .rodata.ANS_CIPMUX
                0x0000aeac       0x14 ./source/usbsss.o
                0x0000aeac                ANS_CIPMUX
 .rodata.ANS_CIPSTART
                0x0000aec0       0x3b ./source/usbsss.o
                0x0000aec0                ANS_CIPSTART
 *fill*         0x0000aefb        0x1 ff
 .rodata.ANS_CIPSTART_ERROR
                0x0000aefc       0x48 ./source/usbsss.o
                0x0000aefc                ANS_CIPSTART_ERROR
 .rodata.ANS_CIPSTART2
                0x0000af44       0x3d ./source/usbsss.o
                0x0000af44                ANS_CIPSTART2
 *fill*         0x0000af81        0x3 ff
 .rodata.ANS_CIPSTART2_ERROR
                0x0000af84       0x4a ./source/usbsss.o
                0x0000af84                ANS_CIPSTART2_ERROR
 *fill*         0x0000afce        0x2 ff
 .rodata.CIFSR_STAIP
                0x0000afd0        0xe ./source/usbsss.o
                0x0000afd0                CIFSR_STAIP
 *fill*         0x0000afde        0x2 ff
 .rodata.OK     0x0000afe0        0x7 ./source/usbsss.o
                0x0000afe0                OK
 *fill*         0x0000afe7        0x1 ff
 .rodata.CIPSEND_1
                0x0000afe8        0xc ./source/usbsss.o
                0x0000afe8                CIPSEND_1
 .rodata.CIPSEND_2
                0x0000aff4        0xa ./source/usbsss.o
                0x0000aff4                CIPSEND_2
 *fill*         0x0000affe        0x2 ff
 .rodata.CIPSEND_3
                0x0000b000        0x6 ./source/usbsss.o
                0x0000b000                CIPSEND_3
 *fill*         0x0000b006        0x2 ff
 .rodata.CIPSEND_4
                0x0000b008       0x14 ./source/usbsss.o
                0x0000b008                CIPSEND_4
 .rodata.IPD    0x0000b01c        0x5 ./source/usbsss.o
                0x0000b01c                IPD
 *fill*         0x0000b021        0x3 ff
 .rodata.CLOCK_GetMcgExtClkFreq.str1.4
                0x0000b024       0x4e ./drivers/fsl_clock.o
 *fill*         0x0000b072        0x2 ff
 .rodata.CLOCK_GetOsc0ErClkFreq.str1.4
                0x0000b074       0x1f ./drivers/fsl_clock.o
 *fill*         0x0000b093        0x1 ff
 .rodata.CLOCK_GetEr32kClkFreq.str1.4
                0x0000b094       0x20 ./drivers/fsl_clock.o
 .rodata.CLOCK_GetPll0Freq.str1.4
                0x0000b0b4       0x1e ./drivers/fsl_clock.o
 *fill*         0x0000b0d2        0x2 ff
 .rodata.CLOCK_EnablePll0.str1.4
                0x0000b0d4       0x1b ./drivers/fsl_clock.o
 *fill*         0x0000b0ef        0x1 ff
 .rodata.CLOCK_SetPbeMode.str1.4
                0x0000b0f0       0x1b ./drivers/fsl_clock.o
 *fill*         0x0000b10b        0x1 ff
 .rodata.CLOCK_BootToPeeMode.str1.4
                0x0000b10c       0x1b ./drivers/fsl_clock.o
 *fill*         0x0000b127        0x1 ff
 .rodata.fllFactorTable.1
                0x0000b128       0x10 ./drivers/fsl_clock.o
 .rodata.SDK_DelayAtLeastUs.str1.4
                0x0000b138       0x2c ./drivers/fsl_common_arm.o
 .rodata.s_ftmBases
                0x0000b164       0x10 ./drivers/fsl_ftm.o
 .rodata.s_ftmClocks
                0x0000b174       0x10 ./drivers/fsl_ftm.o
 .rodata.FTM_GetInstance.str1.4
                0x0000b184       0x29 ./drivers/fsl_ftm.o
 *fill*         0x0000b1ad        0x3 ff
 .rodata.FTM_SetPwmSync.str1.4
                0x0000b1b0       0x3b ./drivers/fsl_ftm.o
 *fill*         0x0000b1eb        0x1 ff
 .rodata.FTM_SetReloadPoints.str1.4
                0x0000b1ec       0x21 ./drivers/fsl_ftm.o
 *fill*         0x0000b20d        0x3 ff
 .rodata.FTM_Init.str1.4
                0x0000b210       0x18 ./drivers/fsl_ftm.o
 .rodata.FTM_SetupPwmMode.str1.4
                0x0000b228       0x9b ./drivers/fsl_ftm.o
 *fill*         0x0000b2c3        0x1 ff
 .rodata.GPIO_PinInit.str1.4
                0x0000b2c4       0x21 ./drivers/fsl_gpio.o
 *fill*         0x0000b2e5        0x3 ff
 .rodata.PIT_GetInstance.str1.4
                0x0000b2e8       0x32 ./drivers/fsl_pit.o
 *fill*         0x0000b31a        0x2 ff
 .rodata.PIT_Init.str1.4
                0x0000b31c       0x1f ./drivers/fsl_pit.o
 *fill*         0x0000b33b        0x1 ff
 .rodata.s_uartBases
                0x0000b33c       0x18 ./drivers/fsl_uart.o
 .rodata.s_uartClock
                0x0000b354       0x18 ./drivers/fsl_uart.o
 .rodata.UART_GetInstance.str1.4
                0x0000b36c       0x2c ./drivers/fsl_uart.o
 .rodata.UART_Init.str1.4
                0x0000b398      0x104 ./drivers/fsl_uart.o
 .rodata.OSA_MutexCreate.str1.4
                0x0000b49c       0x2b ./component/osa/fsl_os_abstraction_bm.o
 *fill*         0x0000b4c7        0x1 ff
 .rodata.OSA_MutexDestroy.str1.4
                0x0000b4c8       0x2b ./component/osa/fsl_os_abstraction_bm.o
 *fill*         0x0000b4f3        0x1 ff
 .rodata.mcgConfig_BOARD_BootClockRUN
                0x0000b4f4        0xb ./board/clock_config.o
                0x0000b4f4                mcgConfig_BOARD_BootClockRUN
 *fill*         0x0000b4ff        0x1 ff
 .rodata.simConfig_BOARD_BootClockRUN
                0x0000b500        0x8 ./board/clock_config.o
                0x0000b500                simConfig_BOARD_BootClockRUN
 .rodata.oscConfig_BOARD_BootClockRUN
                0x0000b508        0x8 ./board/clock_config.o
                0x0000b508                oscConfig_BOARD_BootClockRUN
 .rodata.PIT_SetTimerPeriod.str1.4
                0x0000b510       0x68 ./board/peripherals.o
 .rodata.UART3_config
                0x0000b578       0x10 ./board/peripherals.o
                0x0000b578                UART3_config
 .rodata.PIT_config
                0x0000b588        0x1 ./board/peripherals.o
                0x0000b588                PIT_config
 *fill*         0x0000b589        0x3 ff
 .rodata.FTM0_config
                0x0000b58c       0x1c ./board/peripherals.o
                0x0000b58c                FTM0_config
 .rodata.FTM0_pwmSignalParams
                0x0000b5a8       0x20 ./board/peripherals.o
                0x0000b5a8                FTM0_pwmSignalParams
 .rodata.PORT_SetPinConfig.str1.4
                0x0000b5c8       0x64 ./board/pin_mux.o
 .rodata        0x0000b62c        0x2 ./board/pin_mux.o
 *fill*         0x0000b62e        0x2 ff
 .rodata.__num_Ciob_streams
                0x0000b630        0x4 c:/nxp/mcuxpressoide_11.4.0_6224/ide/plugins/com.nxp.mcuxpresso.tools.win32_11.4.0.202103011116/tools/bin/../lib/gcc/arm-none-eabi/10.2.1/../../../../arm-none-eabi/lib/thumb/v7e-m+fp/hard\libcr_semihost_nf.a(__ciob.o)
                0x0000b630                __num_Ciob_streams
 .rodata.__assertion_failed.str1.1
                0x0000b634       0x15 c:/nxp/mcuxpressoide_11.4.0_6224/ide/plugins/com.nxp.mcuxpresso.tools.win32_11.4.0.202103011116/tools/bin/../lib/gcc/arm-none-eabi/10.2.1/../../../../arm-none-eabi/lib/thumb/v7e-m+fp/hard\libcr_semihost_nf.a(_cr_assert.o)
 .rodata._Csys_alloc.str1.1
                0x0000b649       0x18 c:/nxp/mcuxpressoide_11.4.0_6224/ide/plugins/com.nxp.mcuxpresso.tools.win32_11.4.0.202103011116/tools/bin/../lib/gcc/arm-none-eabi/10.2.1/../../../../arm-none-eabi/lib/thumb/v7e-m+fp/hard\libcr_c.a(alloc.o)
 .rodata._initio.str1.1
                0x0000b661        0x4 c:/nxp/mcuxpressoide_11.4.0_6224/ide/plugins/com.nxp.mcuxpresso.tools.win32_11.4.0.202103011116/tools/bin/../lib/gcc/arm-none-eabi/10.2.1/../../../../arm-none-eabi/lib/thumb/v7e-m+fp/hard\libcr_c.a(initio.o)
 .rodata.__vfprintf.str1.1
                0x0000b665       0x35 c:/nxp/mcuxpressoide_11.4.0_6224/ide/plugins/com.nxp.mcuxpresso.tools.win32_11.4.0.202103011116/tools/bin/../lib/gcc/arm-none-eabi/10.2.1/../../../../arm-none-eabi/lib/thumb/v7e-m+fp/hard\libcr_c.a(printf.o)
                                 0x38 (size before relaxing)
                0x0000b6a0                . = ALIGN (0x8)
 *fill*         0x0000b69a        0x6 ff

.glue_7         0x0000b6a0        0x0
 .glue_7        0x0000b6a0        0x0 linker stubs

.glue_7t        0x0000b6a0        0x0
 .glue_7t       0x0000b6a0        0x0 linker stubs

.vfp11_veneer   0x0000b6a0        0x0
 .vfp11_veneer  0x0000b6a0        0x0 linker stubs

.v4_bx          0x0000b6a0        0x0
 .v4_bx         0x0000b6a0        0x0 linker stubs

.iplt           0x0000b6a0        0x0
 .iplt          0x0000b6a0        0x0 ./usb/device/source/khci/usb_device_khci.o

.rel.dyn        0x0000b6a0        0x0
 .rel.iplt      0x0000b6a0        0x0 ./usb/device/source/khci/usb_device_khci.o

.ARM.extab
 *(SORT_BY_ALIGNMENT(.ARM.extab*) SORT_BY_ALIGNMENT(.gnu.linkonce.armextab.*))

.ARM.exidx      0x0000b6a0        0x0
                0x0000b6a0                __exidx_start = .
 *(SORT_BY_ALIGNMENT(.ARM.exidx*) SORT_BY_ALIGNMENT(.gnu.linkonce.armexidx.*))
                0x0000b6a0                __exidx_end = .
                0x0000b6a0                _etext = .

.m_usb_data
 *(SORT_BY_ALIGNMENT(m_usb_bdt))

.data_RAM2      0x1fff0000        0x0 load address 0x0000b6a0
 FILL mask 0xff
                [!provide]                PROVIDE (__start_data_RAM2 = .)
                [!provide]                PROVIDE (__start_data_SRAM_LOWER = .)
 *(SORT_BY_ALIGNMENT(.ramfunc.$RAM2))
 *(SORT_BY_ALIGNMENT(.ramfunc.$SRAM_LOWER))
 *(SORT_BY_ALIGNMENT(.data.$RAM2))
 *(SORT_BY_ALIGNMENT(.data.$SRAM_LOWER))
 *(SORT_BY_ALIGNMENT(.data.$RAM2.*))
 *(SORT_BY_ALIGNMENT(.data.$SRAM_LOWER.*))
                0x1fff0000                . = ALIGN (0x8)
                [!provide]                PROVIDE (__end_data_RAM2 = .)
                [!provide]                PROVIDE (__end_data_SRAM_LOWER = .)

.data_RAM3      0x14000000        0x0 load address 0x0000b6a0
 FILL mask 0xff
                [!provide]                PROVIDE (__start_data_RAM3 = .)
                [!provide]                PROVIDE (__start_data_FLEX_RAM = .)
 *(SORT_BY_ALIGNMENT(.ramfunc.$RAM3))
 *(SORT_BY_ALIGNMENT(.ramfunc.$FLEX_RAM))
 *(SORT_BY_ALIGNMENT(.data.$RAM3))
 *(SORT_BY_ALIGNMENT(.data.$FLEX_RAM))
 *(SORT_BY_ALIGNMENT(.data.$RAM3.*))
 *(SORT_BY_ALIGNMENT(.data.$FLEX_RAM.*))
                0x14000000                . = ALIGN (0x8)
                [!provide]                PROVIDE (__end_data_RAM3 = .)
                [!provide]                PROVIDE (__end_data_FLEX_RAM = .)

.uninit_RESERVED
                0x20000000        0x0
                0x20000000                _start_uninit_RESERVED = .
 *(SORT_BY_ALIGNMENT(.bss.$RESERVED*))
                0x20000000                . = ALIGN (0x8)
                0x20000000                _end_uninit_RESERVED = .

.data           0x20000000      0x150 load address 0x0000b6a0
 FILL mask 0xff
                0x20000000                _data = .
                [!provide]                PROVIDE (__start_data_RAM = .)
                [!provide]                PROVIDE (__start_data_SRAM_UPPER = .)
 *(SORT_BY_ALIGNMENT(vtable))
 *(SORT_BY_ALIGNMENT(.ramfunc*))
 *(SORT_BY_ALIGNMENT(CodeQuickAccess))
 *(SORT_BY_ALIGNMENT(DataQuickAccess))
 *(SORT_BY_ALIGNMENT(RamFunction))
 *(SORT_BY_ALIGNMENT(.data*))
 .data.s_UsbDeviceInterfaceNullConfig
                0x20000000        0x8 ./source/generated/usb_device_composite.o
 .data.g_CompositeClassConfig
                0x20000008       0x18 ./source/generated/usb_device_composite.o
                0x20000008                g_CompositeClassConfig
 .data.g_UsbDeviceCompositeConfigList
                0x20000020        0xc ./source/generated/usb_device_composite.o
                0x20000020                g_UsbDeviceCompositeConfigList
 .data.g_UsbDeviceInterface0CicVcomSetting0DefaultEndpoints
                0x2000002c        0x6 ./source/generated/usb_device_descriptor.o
                0x2000002c                g_UsbDeviceInterface0CicVcomSetting0DefaultEndpoints
 *fill*         0x20000032        0x2 ff
 .data.g_UsbDeviceInterface0CicVcomInterface
                0x20000034       0x10 ./source/generated/usb_device_descriptor.o
                0x20000034                g_UsbDeviceInterface0CicVcomInterface
 .data.g_UsbDeviceInterface1DicVcomSetting0DefaultEndpoints
                0x20000044        0xc ./source/generated/usb_device_descriptor.o
                0x20000044                g_UsbDeviceInterface1DicVcomSetting0DefaultEndpoints
 .data.g_UsbDeviceInterface1DicVcomInterface
                0x20000050       0x10 ./source/generated/usb_device_descriptor.o
                0x20000050                g_UsbDeviceInterface1DicVcomInterface
 .data.g_UsbDeviceInterface0CicVcomInterfaces
                0x20000060       0x18 ./source/generated/usb_device_descriptor.o
                0x20000060                g_UsbDeviceInterface0CicVcomInterfaces
 .data.g_UsbDeviceInterface0CicVcomInterfaceList
                0x20000078        0x8 ./source/generated/usb_device_descriptor.o
                0x20000078                g_UsbDeviceInterface0CicVcomInterfaceList
 .data.g_UsbDeviceInterface0CicVcomConfig
                0x20000080        0x8 ./source/generated/usb_device_descriptor.o
                0x20000080                g_UsbDeviceInterface0CicVcomConfig
 .data.g_UsbDeviceDescriptor
                0x20000088       0x12 ./source/generated/usb_device_descriptor.o
                0x20000088                g_UsbDeviceDescriptor
 *fill*         0x2000009a        0x2 ff
 .data.g_UsbDeviceConfigurationDescriptor
                0x2000009c       0x4b ./source/generated/usb_device_descriptor.o
                0x2000009c                g_UsbDeviceConfigurationDescriptor
 *fill*         0x200000e7        0x1 ff
 .data.g_UsbDeviceString0
                0x200000e8        0x4 ./source/generated/usb_device_descriptor.o
                0x200000e8                g_UsbDeviceString0
 .data.g_UsbDeviceString1
                0x200000ec        0x8 ./source/generated/usb_device_descriptor.o
                0x200000ec                g_UsbDeviceString1
 .data.g_UsbDeviceString2
                0x200000f4        0xa ./source/generated/usb_device_descriptor.o
                0x200000f4                g_UsbDeviceString2
 *fill*         0x200000fe        0x2 ff
 .data.g_UsbDeviceStringDescriptorLength
                0x20000100        0xc ./source/generated/usb_device_descriptor.o
                0x20000100                g_UsbDeviceStringDescriptorLength
 .data.g_UsbDeviceStringDescriptorArray
                0x2000010c        0xc ./source/generated/usb_device_descriptor.o
                0x2000010c                g_UsbDeviceStringDescriptorArray
 .data.g_UsbDeviceLanguage
                0x20000118        0xc ./source/generated/usb_device_descriptor.o
                0x20000118                g_UsbDeviceLanguage
 .data.g_UsbDeviceLanguageList
                0x20000124       0x10 ./source/generated/usb_device_descriptor.o
                0x20000124                g_UsbDeviceLanguageList
 .data.s_lineCoding
                0x20000134        0x7 ./source/usb_device_interface_0_cic_vcom.o
 *fill*         0x2000013b        0x1 ff
 .data.s_slowIrcFreq
                0x2000013c        0x4 ./drivers/fsl_clock.o
 .data.s_fastIrcFreq
                0x20000140        0x4 ./drivers/fsl_clock.o
 .data.SystemCoreClock
                0x20000144        0x4 ./device/system_MK64F12.o
                0x20000144                SystemCoreClock
 .data.timemotor
                0x20000148        0x2 ./source/usbsss.o
                0x20000148                timemotor
 .data.readyToSend
                0x2000014a        0x1 ./source/usbsss.o
                0x2000014a                readyToSend
 .data.parte1   0x2000014b        0x1 ./source/usbsss.o
                0x2000014b                parte1
 .data.timeoutESP
                0x2000014c        0x1 ./source/usbsss.o
                0x2000014c                timeoutESP
 .data.timeoutRead
                0x2000014d        0x1 ./source/usbsss.o
                0x2000014d                timeoutRead
                0x20000150                . = ALIGN (0x8)
 *fill*         0x2000014e        0x2 ff
                0x20000150                _edata = .
                [!provide]                PROVIDE (__end_data_RAM = .)
                [!provide]                PROVIDE (__end_data_SRAM_UPPER = .)

.igot.plt       0x20000150        0x0 load address 0x0000b7f0
 .igot.plt      0x20000150        0x0 ./usb/device/source/khci/usb_device_khci.o

.bss_RAM2       0x1fff0000        0x0
                [!provide]                PROVIDE (__start_bss_RAM2 = .)
                [!provide]                PROVIDE (__start_bss_SRAM_LOWER = .)
 *(SORT_BY_ALIGNMENT(.bss.$RAM2))
 *(SORT_BY_ALIGNMENT(.bss.$SRAM_LOWER))
 *(SORT_BY_ALIGNMENT(.bss.$RAM2.*))
 *(SORT_BY_ALIGNMENT(.bss.$SRAM_LOWER.*))
                0x1fff0000                . = ALIGN ((. != 0x0)?0x8:0x1)
                [!provide]                PROVIDE (__end_bss_RAM2 = .)
                [!provide]                PROVIDE (__end_bss_SRAM_LOWER = .)

.bss_RAM3       0x14000000        0x0
                [!provide]                PROVIDE (__start_bss_RAM3 = .)
                [!provide]                PROVIDE (__start_bss_FLEX_RAM = .)
 *(SORT_BY_ALIGNMENT(.bss.$RAM3))
 *(SORT_BY_ALIGNMENT(.bss.$FLEX_RAM))
 *(SORT_BY_ALIGNMENT(.bss.$RAM3.*))
 *(SORT_BY_ALIGNMENT(.bss.$FLEX_RAM.*))
                0x14000000                . = ALIGN ((. != 0x0)?0x8:0x1)
                [!provide]                PROVIDE (__end_bss_RAM3 = .)
                [!provide]                PROVIDE (__end_bss_FLEX_RAM = .)

.bss            0x20000200      0xa78
                0x20000200                _bss = .
                [!provide]                PROVIDE (__start_bss_RAM = .)
                [!provide]                PROVIDE (__start_bss_SRAM_UPPER = .)
 *(SORT_BY_ALIGNMENT(.bss*))
 .bss.s_UsbDeviceKhciBdtBuffer
                0x20000200      0x200 ./usb/device/source/khci/usb_device_khci.o
 .bss.g_UsbDeviceComposite
                0x20000400       0x28 ./source/generated/usb_device_composite.o
                0x20000400                g_UsbDeviceComposite
 .bss.s_UsbDeviceKhciState
                0x20000428       0x84 ./usb/device/source/khci/usb_device_khci.o
 .bss.s_UsbDeviceKhciDmaAlignBuffer
                0x200004ac       0x40 ./usb/device/source/khci/usb_device_khci.o
 .bss.s_UsbDevice
                0x200004ec       0x58 ./usb/device/source/usb_device_dci.o
 .bss.g_cdcAcmHandle
                0x20000544       0x50 ./usb/device/class/cdc/usb_device_cdc_acm.o
 .bss.s_UsbDeviceCommonClassStruct
                0x20000594       0x10 ./usb/device/class/usb_device_class.o
 .bss.s_UsbDeviceSetupBuffer
                0x200005a4        0x8 ./usb/device/class/usb_device_class.o
 .bss.s_abstractState
                0x200005ac        0x2 ./source/usb_device_interface_0_cic_vcom.o
 *fill*         0x200005ae        0x2 
 .bss.s_countryCode
                0x200005b0        0x2 ./source/usb_device_interface_0_cic_vcom.o
 *fill*         0x200005b2        0x2 
 .bss.s_usbCdcAcmInfo
                0x200005b4       0x12 ./source/usb_device_interface_0_cic_vcom.o
 *fill*         0x200005c6        0x2 
 .bss.s_currRecvBuf
                0x200005c8       0x40 ./source/usb_device_interface_0_cic_vcom.o
 .bss.s_recvSize
                0x20000608        0x4 ./source/usb_device_interface_0_cic_vcom.o
 .bss.s_UsbDeviceComposite
                0x2000060c        0x4 ./source/usb_device_interface_0_cic_vcom.o
 .bss.s_UsbInterface0CicVcom
                0x20000610        0x8 ./source/usb_device_interface_0_cic_vcom.o
 .bss.ringRx    0x20000618        0xc ./source/usbsss.o
                0x20000618                ringRx
 .bss.ringTx    0x20000624        0x7 ./source/usbsss.o
                0x20000624                ringTx
 *fill*         0x2000062b        0x1 
 .bss.espRx     0x2000062c        0xc ./source/usbsss.o
                0x2000062c                espRx
 .bss.espTx     0x20000638        0x7 ./source/usbsss.o
                0x20000638                espTx
 *fill*         0x2000063f        0x1 
 .bss.rxBuf     0x20000640      0x100 ./source/usbsss.o
                0x20000640                rxBuf
 .bss.txBuf     0x20000740      0x100 ./source/usbsss.o
                0x20000740                txBuf
 .bss.rxEspBuf  0x20000840      0x100 ./source/usbsss.o
                0x20000840                rxEspBuf
 .bss.txEspBuf  0x20000940      0x100 ./source/usbsss.o
                0x20000940                txEspBuf
 .bss.flag1     0x20000a40        0x1 ./source/usbsss.o
                0x20000a40                flag1
 *fill*         0x20000a41        0x3 
 .bss.flag2     0x20000a44        0x1 ./source/usbsss.o
                0x20000a44                flag2
 *fill*         0x20000a45        0x3 
 .bss.PWM1      0x20000a48        0x4 ./source/usbsss.o
                0x20000a48                PWM1
 .bss.PWM2      0x20000a4c        0x4 ./source/usbsss.o
                0x20000a4c                PWM2
 .bss.espIP     0x20000a50       0x14 ./source/usbsss.o
                0x20000a50                espIP
 .bss.g_systickCounter
                0x20000a64        0x4 ./source/usbsss.o
                0x20000a64                g_systickCounter
 .bss.test      0x20000a68      0x100 ./source/usbsss.o
                0x20000a68                test
 .bss.i.1       0x20000b68        0x4 ./source/usbsss.o
 .bss.g_xtal0Freq
                0x20000b6c        0x4 ./drivers/fsl_clock.o
                0x20000b6c                g_xtal0Freq
 .bss.g_xtal32Freq
                0x20000b70        0x4 ./drivers/fsl_clock.o
                0x20000b70                g_xtal32Freq
 .bss.s_i2cHandle
                0x20000b74        0xc ./drivers/fsl_i2c.o
 .bss.s_i2cMasterIsr
                0x20000b80        0x4 ./drivers/fsl_i2c.o
 .bss.s_i2cSlaveIsr
                0x20000b84        0x4 ./drivers/fsl_i2c.o
 .bss.s_uartHandle
                0x20000b88       0x18 ./drivers/fsl_uart.o
                0x20000b88                s_uartHandle
 .bss.s_uartIsr
                0x20000ba0        0x4 ./drivers/fsl_uart.o
                0x20000ba0                s_uartIsr
 .bss.__Ciob    0x20000ba4       0xb4 c:/nxp/mcuxpressoide_11.4.0_6224/ide/plugins/com.nxp.mcuxpresso.tools.win32_11.4.0.202103011116/tools/bin/../lib/gcc/arm-none-eabi/10.2.1/../../../../arm-none-eabi/lib/thumb/v7e-m+fp/hard\libcr_semihost_nf.a(__ciob.o)
                0x20000ba4                __Ciob
 .bss.errno     0x20000c58        0x4 c:/nxp/mcuxpressoide_11.4.0_6224/ide/plugins/com.nxp.mcuxpresso.tools.win32_11.4.0.202103011116/tools/bin/../lib/gcc/arm-none-eabi/10.2.1/../../../../arm-none-eabi/lib/thumb/v7e-m+fp/hard\libcr_c.a(errno.o)
                0x20000c58                errno
 .bss.__end_of_heap
                0x20000c5c        0x4 c:/nxp/mcuxpressoide_11.4.0_6224/ide/plugins/com.nxp.mcuxpresso.tools.win32_11.4.0.202103011116/tools/bin/../lib/gcc/arm-none-eabi/10.2.1/../../../../arm-none-eabi/lib/thumb/v7e-m+fp/hard\libcr_c.a(__init_alloc.o)
                0x20000c5c                __end_of_heap
 .bss.__heaps   0x20000c60        0x4 c:/nxp/mcuxpressoide_11.4.0_6224/ide/plugins/com.nxp.mcuxpresso.tools.win32_11.4.0.202103011116/tools/bin/../lib/gcc/arm-none-eabi/10.2.1/../../../../arm-none-eabi/lib/thumb/v7e-m+fp/hard\libcr_c.a(__init_alloc.o)
                0x20000c60                __heaps
 .bss.timeout2  0x20000c64        0x2 ./source/usbsss.o
                0x20000c64                timeout2
 .bss.timeoutPrueba
                0x20000c66        0x2 ./source/usbsss.o
                0x20000c66                timeoutPrueba
 .bss.timeoutmotor
                0x20000c68        0x2 ./source/usbsss.o
                0x20000c68                timeoutmotor
 .bss.statusAT  0x20000c6a        0x1 ./source/usbsss.o
                0x20000c6a                statusAT
 .bss.lIp       0x20000c6b        0x1 ./source/usbsss.o
                0x20000c6b                lIp
 .bss.statusESP
                0x20000c6c        0x1 ./source/usbsss.o
                0x20000c6c                statusESP
 .bss.timeout3  0x20000c6d        0x1 ./source/usbsss.o
                0x20000c6d                timeout3
 .bss.coincidencias
                0x20000c6e        0x1 ./source/usbsss.o
                0x20000c6e                coincidencias
 .bss.statusCIFSR
                0x20000c6f        0x1 ./source/usbsss.o
                0x20000c6f                statusCIFSR
 .bss.statusDecoCIPSEND
                0x20000c70        0x1 ./source/usbsss.o
                0x20000c70                statusDecoCIPSEND
 .bss.coincidencias2
                0x20000c71        0x1 ./source/usbsss.o
                0x20000c71                coincidencias2
 .bss.bytesToSend
                0x20000c72        0x1 ./source/usbsss.o
                0x20000c72                bytesToSend
 .bss.bytesToSend_aux
                0x20000c73        0x1 ./source/usbsss.o
                0x20000c73                bytesToSend_aux
 .bss.iii       0x20000c74        0x1 ./source/usbsss.o
                0x20000c74                iii
 .bss.CommandoPepe
                0x20000c75        0x1 ./source/usbsss.o
                0x20000c75                CommandoPepe
 .bss.iiiii     0x20000c76        0x1 ./source/usbsss.o
                0x20000c76                iiiii
 *(SORT_BY_ALIGNMENT(COMMON))
                0x20000c78                . = ALIGN (0x8)
 *fill*         0x20000c77        0x1 
                0x20000c78                _ebss = .
                [!provide]                PROVIDE (__end_bss_RAM = .)
                [!provide]                PROVIDE (__end_bss_SRAM_UPPER = .)
                [!provide]                PROVIDE (end = .)

.noinit_RAM2    0x1fff0000        0x0
                [!provide]                PROVIDE (__start_noinit_RAM2 = .)
                [!provide]                PROVIDE (__start_noinit_SRAM_LOWER = .)
 *(SORT_BY_ALIGNMENT(.noinit.$RAM2))
 *(SORT_BY_ALIGNMENT(.noinit.$SRAM_LOWER))
 *(SORT_BY_ALIGNMENT(.noinit.$RAM2.*))
 *(SORT_BY_ALIGNMENT(.noinit.$SRAM_LOWER.*))
                0x1fff0000                . = ALIGN (0x8)
                [!provide]                PROVIDE (__end_noinit_RAM2 = .)
                [!provide]                PROVIDE (__end_noinit_SRAM_LOWER = .)

.noinit_RAM3    0x14000000        0x0
                [!provide]                PROVIDE (__start_noinit_RAM3 = .)
                [!provide]                PROVIDE (__start_noinit_FLEX_RAM = .)
 *(SORT_BY_ALIGNMENT(.noinit.$RAM3))
 *(SORT_BY_ALIGNMENT(.noinit.$FLEX_RAM))
 *(SORT_BY_ALIGNMENT(.noinit.$RAM3.*))
 *(SORT_BY_ALIGNMENT(.noinit.$FLEX_RAM.*))
                0x14000000                . = ALIGN (0x8)
                [!provide]                PROVIDE (__end_noinit_RAM3 = .)
                [!provide]                PROVIDE (__end_noinit_FLEX_RAM = .)

.noinit         0x20000c78        0x0
                0x20000c78                _noinit = .
                [!provide]                PROVIDE (__start_noinit_RAM = .)
                [!provide]                PROVIDE (__start_noinit_SRAM_UPPER = .)
 *(SORT_BY_ALIGNMENT(.noinit*))
                0x20000c78                . = ALIGN (0x8)
                0x20000c78                _end_noinit = .
                [!provide]                PROVIDE (__end_noinit_RAM = .)
                [!provide]                PROVIDE (__end_noinit_SRAM_UPPER = .)
                0x00001000                _HeapSize = 0x1000

.heap           0x20000c78     0x1000
                0x20000c78                _pvHeapStart = .
                0x20001c78                . = (. + _HeapSize)
 *fill*         0x20000c78     0x1000 
                0x20001c78                . = ALIGN (0x8)
                0x20001c78                _pvHeapLimit = .
                0x00001000                _StackSize = 0x1000

.heap2stackfill
                0x20001c78     0x1000