Archive member included to satisfy reference by file (symbol)

d:/nxp/mcuxpressoide_11.4.0_6224/ide/plugins/com.nxp.mcuxpresso.tools.win32_11.4.0.202103011116/tools/bin/../lib/gcc/arm-none-eabi/10.2.1/../../../../arm-none-eabi/lib/thumb/v7e-m+fp/hard\libcr_semihost_nf.a(_cr__main.o)
                              ./startup/startup_mk64f12.o (__main)
d:/nxp/mcuxpressoide_11.4.0_6224/ide/plugins/com.nxp.mcuxpresso.tools.win32_11.4.0.202103011116/tools/bin/../lib/gcc/arm-none-eabi/10.2.1/../../../../arm-none-eabi/lib/thumb/v7e-m+fp/hard\libcr_semihost_nf.a(_cr_assert.o)
                              ./source/usbsss.o (__assertion_failed)
d:/nxp/mcuxpressoide_11.4.0_6224/ide/plugins/com.nxp.mcuxpresso.tools.win32_11.4.0.202103011116/tools/bin/../lib/gcc/arm-none-eabi/10.2.1/../../../../arm-none-eabi/lib/thumb/v7e-m+fp/hard\libcr_semihost_nf.a(__ciob.o)
                              d:/nxp/mcuxpressoide_11.4.0_6224/ide/plugins/com.nxp.mcuxpresso.tools.win32_11.4.0.202103011116/tools/bin/../lib/gcc/arm-none-eabi/10.2.1/../../../../arm-none-eabi/lib/thumb/v7e-m+fp/hard\libcr_semihost_nf.a(_cr_assert.o) (__Ciob)
d:/nxp/mcuxpressoide_11.4.0_6224/ide/plugins/com.nxp.mcuxpresso.tools.win32_11.4.0.202103011116/tools/bin/../lib/gcc/arm-none-eabi/10.2.1/../../../../arm-none-eabi/lib/thumb/v7e-m+fp/hard\libcr_semihost_nf.a(__sys_appexit.o)
                              d:/nxp/mcuxpressoide_11.4.0_6224/ide/plugins/com.nxp.mcuxpresso.tools.win32_11.4.0.202103011116/tools/bin/../lib/gcc/arm-none-eabi/10.2.1/../../../../arm-none-eabi/lib/thumb/v7e-m+fp/hard\libcr_semihost_nf.a(_cr_assert.o) (__sys_appexit)
d:/nxp/mcuxpressoide_11.4.0_6224/ide/plugins/com.nxp.mcuxpresso.tools.win32_11.4.0.202103011116/tools/bin/../lib/gcc/arm-none-eabi/10.2.1/../../../../arm-none-eabi/lib/thumb/v7e-m+fp/hard\libcr_c.a(memcpy.o)
                              ./utilities/fsl_str.o (memcpy)
d:/nxp/mcuxpressoide_11.4.0_6224/ide/plugins/com.nxp.mcuxpresso.tools.win32_11.4.0.202103011116/tools/bin/../lib/gcc/arm-none-eabi/10.2.1/../../../../arm-none-eabi/lib/thumb/v7e-m+fp/hard\libcr_c.a(memset.o)
                              ./drivers/fsl_adc16.o (memset)
d:/nxp/mcuxpressoide_11.4.0_6224/ide/plugins/com.nxp.mcuxpresso.tools.win32_11.4.0.202103011116/tools/bin/../lib/gcc/arm-none-eabi/10.2.1/../../../../arm-none-eabi/lib/thumb/v7e-m+fp/hard\libcr_c.a(_deferredlazyseek.o)
                              d:/nxp/mcuxpressoide_11.4.0_6224/ide/plugins/com.nxp.mcuxpresso.tools.win32_11.4.0.202103011116/tools/bin/../lib/gcc/arm-none-eabi/10.2.1/../../../../arm-none-eabi/lib/thumb/v7e-m+fp/hard\libcr_semihost_nf.a(_cr_assert.o) (__flsbuf)
d:/nxp/mcuxpressoide_11.4.0_6224/ide/plugins/com.nxp.mcuxpresso.tools.win32_11.4.0.202103011116/tools/bin/../lib/gcc/arm-none-eabi/10.2.1/../../../../arm-none-eabi/lib/thumb/v7e-m+fp/hard\libcr_c.a(_fflush.o)
                              d:/nxp/mcuxpressoide_11.4.0_6224/ide/plugins/com.nxp.mcuxpresso.tools.win32_11.4.0.202103011116/tools/bin/../lib/gcc/arm-none-eabi/10.2.1/../../../../arm-none-eabi/lib/thumb/v7e-m+fp/hard\libcr_c.a(_deferredlazyseek.o) (_fflush)
d:/nxp/mcuxpressoide_11.4.0_6224/ide/plugins/com.nxp.mcuxpresso.tools.win32_11.4.0.202103011116/tools/bin/../lib/gcc/arm-none-eabi/10.2.1/../../../../arm-none-eabi/lib/thumb/v7e-m+fp/hard\libcr_c.a(_writebuf.o)
                              d:/nxp/mcuxpressoide_11.4.0_6224/ide/plugins/com.nxp.mcuxpresso.tools.win32_11.4.0.202103011116/tools/bin/../lib/gcc/arm-none-eabi/10.2.1/../../../../arm-none-eabi/lib/thumb/v7e-m+fp/hard\libcr_c.a(_deferredlazyseek.o) (_Cwritebuf)
d:/nxp/mcuxpressoide_11.4.0_6224/ide/plugins/com.nxp.mcuxpresso.tools.win32_11.4.0.202103011116/tools/bin/../lib/gcc/arm-none-eabi/10.2.1/../../../../arm-none-eabi/lib/thumb/v7e-m+fp/hard\libcr_c.a(alloc.o)
                              ./drivers/fsl_common.o (malloc)
d:/nxp/mcuxpressoide_11.4.0_6224/ide/plugins/com.nxp.mcuxpresso.tools.win32_11.4.0.202103011116/tools/bin/../lib/gcc/arm-none-eabi/10.2.1/../../../../arm-none-eabi/lib/thumb/v7e-m+fp/hard\libcr_c.a(errno.o)
                              ./utilities/fsl_str.o (errno)
d:/nxp/mcuxpressoide_11.4.0_6224/ide/plugins/com.nxp.mcuxpresso.tools.win32_11.4.0.202103011116/tools/bin/../lib/gcc/arm-none-eabi/10.2.1/../../../../arm-none-eabi/lib/thumb/v7e-m+fp/hard\libcr_c.a(fputs.o)
                              d:/nxp/mcuxpressoide_11.4.0_6224/ide/plugins/com.nxp.mcuxpresso.tools.win32_11.4.0.202103011116/tools/bin/../lib/gcc/arm-none-eabi/10.2.1/../../../../arm-none-eabi/lib/thumb/v7e-m+fp/hard\libcr_semihost_nf.a(_cr_assert.o) (fputs)
d:/nxp/mcuxpressoide_11.4.0_6224/ide/plugins/com.nxp.mcuxpresso.tools.win32_11.4.0.202103011116/tools/bin/../lib/gcc/arm-none-eabi/10.2.1/../../../../arm-none-eabi/lib/thumb/v7e-m+fp/hard\libcr_c.a(fseek.o)
[...]
Memory Configuration

Name             Origin             Length             Attributes
PROGRAM_FLASH    0x00000000         0x00100000         xr
SRAM_UPPER       0x20000000         0x00030000         xrw
SRAM_LOWER       0x1fff0000         0x00010000         xrw
FLEX_RAM         0x14000000         0x00001000         xrw
*default*        0x00000000         0xffffffff

Linker script and memory map

LOAD ./utilities/fsl_debug_console.o
LOAD ./utilities/fsl_str.o
LOAD ./usb/device/source/khci/usb_device_khci.o
LOAD ./usb/device/source/usb_device_ch9.o
LOAD ./usb/device/source/usb_device_dci.o
LOAD ./usb/device/class/cdc/usb_device_cdc_acm.o
LOAD ./usb/device/class/usb_device_class.o
LOAD ./startup/startup_mk64f12.o
LOAD ./source/generated/usb_device_composite.o
LOAD ./source/generated/usb_device_descriptor.o
LOAD ./source/semihost_hardfault.o
LOAD ./source/usb_device_interface_0_cic_vcom.o
LOAD ./source/usbsss.o
LOAD ./drivers/fsl_adc16.o
LOAD ./drivers/fsl_clock.o
LOAD ./drivers/fsl_common.o
LOAD ./drivers/fsl_common_arm.o
LOAD ./drivers/fsl_ftm.o
LOAD ./drivers/fsl_gpio.o
LOAD ./drivers/fsl_i2c.o
LOAD ./drivers/fsl_pit.o
LOAD ./drivers/fsl_smc.o
LOAD ./drivers/fsl_sysmpu.o
LOAD ./drivers/fsl_uart.o
LOAD ./device/system_MK64F12.o
LOAD ./component/uart/fsl_adapter_uart.o
LOAD ./component/serial_manager/fsl_component_serial_manager.o
LOAD ./component/serial_manager/fsl_component_serial_port_uart.o
LOAD ./component/osa/fsl_os_abstraction_bm.o
LOAD ./component/lists/fsl_component_generic_list.o
LOAD ./board/board.o
LOAD ./board/clock_config.o
LOAD ./board/peripherals.o
LOAD ./board/pin_mux.o
START GROUP
LOAD d:/nxp/mcuxpressoide_11.4.0_6224/ide/plugins/com.nxp.mcuxpresso.tools.win32_11.4.0.202103011116/tools/bin/../lib/gcc/arm-none-eabi/10.2.1/../../../../arm-none-eabi/lib/thumb/v7e-m+fp/hard\libcr_semihost_nf.a
LOAD d:/nxp/mcuxpressoide_11.4.0_6224/ide/plugins/com.nxp.mcuxpresso.tools.win32_11.4.0.202103011116/tools/bin/../lib/gcc/arm-none-eabi/10.2.1/../../../../arm-none-eabi/lib/thumb/v7e-m+fp/hard\libcr_c.a
LOAD d:/nxp/mcuxpressoide_11.4.0_6224/ide/plugins/com.nxp.mcuxpresso.tools.win32_11.4.0.202103011116/tools/bin/../lib/gcc/arm-none-eabi/10.2.1/thumb/v7e-m+fp/hard\libcr_eabihelpers.a
LOAD d:/nxp/mcuxpressoide_11.4.0_6224/ide/plugins/com.nxp.mcuxpresso.tools.win32_11.4.0.202103011116/tools/bin/../lib/gcc/arm-none-eabi/10.2.1/thumb/v7e-m+fp/hard\libgcc.a
END GROUP
                0x00000000                __base_PROGRAM_FLASH = 0x0
                0x00000000                __base_Flash = 0x0
                0x00100000                __top_PROGRAM_FLASH = 0x100000
                0x00100000                __top_Flash = 0x100000
                0x20000000                __base_SRAM_UPPER = 0x20000000
                0x20000000                __base_RAM = 0x20000000
                0x20030000                __top_SRAM_UPPER = 0x20030000
                0x20030000                __top_RAM = 0x20030000
                0x1fff0000                __base_SRAM_LOWER = 0x1fff0000
                0x1fff0000                __base_RAM2 = 0x1fff0000
                0x20000000                __top_SRAM_LOWER = 0x20000000
                0x20000000                __top_RAM2 = 0x20000000
                0x14000000                __base_FLEX_RAM = 0x14000000
                0x14000000                __base_RAM3 = 0x14000000
                0x14001000                __top_FLEX_RAM = 0x14001000
                0x14001000                __top_RAM3 = 0x14001000

.text           0x00000000     0xce80
 FILL mask 0xff
                0x00000000                __vectors_start__ = ABSOLUTE (.)
 *(SORT_BY_ALIGNMENT(.isr_vector))
 .isr_vector    0x00000000      0x198 ./startup/startup_mk64f12.o
                0x00000000                g_pfnVectors
                0x00000000                __Vectors
                0x00000198                . = ALIGN (0x4)
                0x00000198                __section_table_start = .
                0x00000198                __data_section_table = .
                0x00000198        0x4 LONG 0xce80 LOADADDR (.data)
                0x0000019c        0x4 LONG 0x20000000 ADDR (.data)
                0x000001a0        0x4 LONG 0x198 SIZEOF (.data)
                0x000001a4        0x4 LONG 0xce80 LOADADDR (.data_RAM2)
                0x000001a8        0x4 LONG 0x1fff0000 ADDR (.data_RAM2)
                0x000001ac        0x4 LONG 0x0 SIZEOF (.data_RAM2)
                0x000001b0        0x4 LONG 0xce80 LOADADDR (.data_RAM3)
                0x000001b4        0x4 LONG 0x14000000 ADDR (.data_RAM3)
                0x000001b8        0x4 LONG 0x0 SIZEOF (.data_RAM3)
                0x000001bc                __data_section_table_end = .
                0x000001bc                __bss_section_table = .
                0x000001bc        0x4 LONG 0x20000200 ADDR (.bss)
                0x000001c0        0x4 LONG 0xb60 SIZEOF (.bss)
                0x000001c4        0x4 LONG 0x1fff0000 ADDR (.bss_RAM2)
                0x000001c8        0x4 LONG 0x0 SIZEOF (.bss_RAM2)
                0x000001cc        0x4 LONG 0x14000000 ADDR (.bss_RAM3)
                0x000001d0        0x4 LONG 0x0 SIZEOF (.bss_RAM3)
                0x000001d4                __bss_section_table_end = .
                0x000001d4                __section_table_end = .
 *(SORT_BY_ALIGNMENT(.after_vectors*))
 .after_vectors.reset
                0x000001d4       0x4c ./startup/startup_mk64f12.o
                0x000001d4                ResetISR
 .after_vectors.init_data
                0x00000220       0x1e ./startup/startup_mk64f12.o
                0x00000220                data_init
 .after_vectors.init_bss
                0x0000023e       0x12 ./startup/startup_mk64f12.o
                0x0000023e                bss_init
 .after_vectors
                0x00000250       0x14 ./startup/startup_mk64f12.o
                0x00000250                NMI_Handler
                0x00000254                MemManage_Handler
                0x00000256                BusFault_Handler
                0x00000258                UsageFault_Handler
                0x0000025a                SVC_Handler
                0x0000025c                DebugMon_Handler
                0x0000025e                PendSV_Handler
                0x00000262                DMA_Error_DriverIRQHandler
                0x00000262                LPTMR0_DriverIRQHandler
                0x00000262                FTM1_DriverIRQHandler
                0x00000262                FTM2_DriverIRQHandler
                0x00000262                PIT2_DriverIRQHandler
                0x00000262                SDHC_DriverIRQHandler
                0x00000262                I2S0_Tx_DriverIRQHandler
                0x00000262                RTC_Seconds_DriverIRQHandler
                0x00000262                DMA6_DriverIRQHandler
                0x00000262                LLWU_DriverIRQHandler
                0x00000262                MCM_DriverIRQHandler
                0x00000262                MCG_DriverIRQHandler
                0x00000262                ENET_1588_Timer_DriverIRQHandler
                0x00000262                DAC1_DriverIRQHandler
                0x00000262                SPI1_DriverIRQHandler
                0x00000262                CMP1_DriverIRQHandler
                0x00000262                FTM0_DriverIRQHandler
                0x00000262                IntDefaultHandler
                0x00000262                USB0_DriverIRQHandler
                0x00000262                UART5_ERR_DriverIRQHandler
                0x00000262                PORTC_DriverIRQHandler
                0x00000262                DMA11_DriverIRQHandler
                0x00000262                DAC0_DriverIRQHandler
                0x00000262                DMA10_DriverIRQHandler
                0x00000262                CMP2_DriverIRQHandler
                0x00000262                UART2_ERR_DriverIRQHandler
                0x00000262                SPI2_DriverIRQHandler
                0x00000262                LVD_LVW_DriverIRQHandler
                0x00000262                PIT0_DriverIRQHandler
                0x00000262                DMA12_DriverIRQHandler
                0x00000262                DMA5_DriverIRQHandler
                0x00000262                DMA4_DriverIRQHandler
                0x00000262                USBDCD_DriverIRQHandler
                0x00000262                UART3_ERR_DriverIRQHandler
                0x00000262                DMA3_DriverIRQHandler
                0x00000262                DMA8_DriverIRQHandler
                0x00000262                DMA9_DriverIRQHandler
                0x00000262                UART0_ERR_DriverIRQHandler
                0x00000262                CMT_DriverIRQHandler
                0x00000262                Reserved71_DriverIRQHandler
                0x00000262                ADC1_DriverIRQHandler
                0x00000262                PORTA_DriverIRQHandler
                0x00000262                DMA14_DriverIRQHandler
                0x00000262                PIT3_DriverIRQHandler
                0x00000262                PIT1_DriverIRQHandler
                0x00000262                WDOG_EWM_DriverIRQHandler
                0x00000262                PDB0_DriverIRQHandler
                0x00000262                RTC_DriverIRQHandler
                0x00000262                I2S0_Rx_DriverIRQHandler
                0x00000262                Read_Collision_DriverIRQHandler
                0x00000262                SWI_DriverIRQHandler
                0x00000262                UART4_ERR_DriverIRQHandler
                0x00000262                PORTB_DriverIRQHandler
                0x00000262                UART0_LON_DriverIRQHandler
                0x00000262                DMA0_DriverIRQHandler
                0x00000262                DMA1_DriverIRQHandler
                0x00000262                ENET_Receive_DriverIRQHandler
                0x00000262                DMA13_DriverIRQHandler
                0x00000262                ENET_Error_DriverIRQHandler
                0x00000262                DMA15_DriverIRQHandler
                0x00000262                SPI0_DriverIRQHandler
                0x00000262                ADC0_DriverIRQHandler
                0x00000262                CMP0_DriverIRQHandler
                0x00000262                CAN0_DriverIRQHandler
                0x00000262                FTM3_DriverIRQHandler
                0x00000262                RNG_DriverIRQHandler
                0x00000262                UART1_ERR_DriverIRQHandler
                0x00000262                DMA2_DriverIRQHandler
                0x00000262                ENET_Transmit_DriverIRQHandler
                0x00000262                PORTD_DriverIRQHandler
                0x00000262                PORTE_DriverIRQHandler
                0x00000262                FTFE_DriverIRQHandler
                0x00000262                DMA7_DriverIRQHandler
                0x00000400                . = 0x400
 *fill*         0x00000264      0x19c ff
                0x00000400                PROVIDE (__FLASH_CONFIG_START__ = .)
 *(SORT_BY_ALIGNMENT(.FlashConfig))
 .FlashConfig   0x00000400       0x10 ./startup/startup_mk64f12.o
                0x00000400                Flash_Config
                0x00000410                PROVIDE (__FLASH_CONFIG_END__ = .)
                0x00000001                ASSERT (! ((__FLASH_CONFIG_START__ == __FLASH_CONFIG_END__)), Linker Flash Config Support Enabled, but no .FlashConfig section provided within application)
 *(SORT_BY_ALIGNMENT(.text*))
 .text.USB_DeviceKhciEndpointTransfer
                0x00000410      0x104 ./usb/device/source/khci/usb_device_khci.o
 .text.USB_DeviceKhciInit
                0x00000514       0xd8 ./usb/device/source/khci/usb_device_khci.o
                0x00000514                USB_DeviceKhciInit
 .text.USB_DeviceKhciControl
                0x000005ec      0x2b0 ./usb/device/source/khci/usb_device_khci.o
                0x000005ec                USB_DeviceKhciControl
 .text.USB_DeviceControlCallback
                0x0000089c      0x3e4 ./usb/device/source/usb_device_ch9.o
 .text.USB_DeviceControlPipeInit
                0x00000c80       0x7c ./usb/device/source/usb_device_ch9.o
                0x00000c80                USB_DeviceControlPipeInit
 .text.USB_DeviceAllocateHandle
                0x00000cfc       0xc4 ./usb/device/source/usb_device_dci.o
 .text.USB_DeviceGetControllerInterface
                0x00000dc0       0x3c ./usb/device/source/usb_device_dci.o
 .text.USB_DeviceGetStatus
                0x00000dfc       0xcc ./usb/device/source/usb_device_dci.o
                0x00000dfc                USB_DeviceGetStatus
 .text.USB_DeviceSetStatus
                0x00000ec8      0x118 ./usb/device/source/usb_device_dci.o
                0x00000ec8                USB_DeviceSetStatus
 .text.USB_DeviceCdcAcmAllocateHandle
                0x00000fe0       0x58 ./usb/device/class/cdc/usb_device_cdc_acm.o
 .text.USB_DeviceCdcAcmEndpointsInit
                0x00001038      0x3c0 ./usb/device/class/cdc/usb_device_cdc_acm.o
 .text.USB_DeviceCdcAcmEvent
                0x000013f8      0x71c ./usb/device/class/cdc/usb_device_cdc_acm.o
                0x000013f8                USB_DeviceCdcAcmEvent
 .text.USB_DeviceClassAllocateHandle
                0x00001b14       0xc8 ./usb/device/class/usb_device_class.o
 .text.USB_DeviceClassFreeHandle
                0x00001bdc       0x90 ./usb/device/class/usb_device_class.o
 .text.USB_DeviceClassGetHandleByDeviceHandle
                0x00001c6c       0x64 ./usb/device/class/usb_device_class.o
 .text.USB_DeviceClassGetDeviceHandle
                0x00001cd0       0x78 ./usb/device/class/usb_device_class.o
                0x00001cd0                USB_DeviceClassGetDeviceHandle
 .text.USB_DeviceClassEvent
                0x00001d48       0xdc ./usb/device/class/usb_device_class.o
                0x00001d48                USB_DeviceClassEvent
 .text.USB_DeviceClassInit
                0x00001e24      0x118 ./usb/device/class/usb_device_class.o
                0x00001e24                USB_DeviceClassInit
 .text.__NVIC_EnableIRQ
                0x00001f3c       0x3c ./source/generated/usb_device_composite.o
 .text.__NVIC_SetPriority
                0x00001f78       0x54 ./source/generated/usb_device_composite.o
 .text.USB0_IRQHandler
                0x00001fcc       0x1c ./source/generated/usb_device_composite.o
                0x00001fcc                USB0_IRQHandler
 .text.USB_DeviceCallback
                0x00001fe8      0x1fc ./source/generated/usb_device_composite.o
 .text.USB_UpdateInterfaceSetting
                0x000021e4       0x68 ./source/generated/usb_device_composite.o
 .text.USB_DeviceApplicationInit
                0x0000224c       0x84 ./source/generated/usb_device_composite.o
                0x0000224c                USB_DeviceApplicationInit
 .text.USB_DeviceGetDeviceDescriptor
                0x000022d0       0x28 ./source/generated/usb_device_descriptor.o
                0x000022d0                USB_DeviceGetDeviceDescriptor
 .text.USB_DeviceGetConfigurationDescriptor
                0x000022f8       0x34 ./source/generated/usb_device_descriptor.o
                0x000022f8                USB_DeviceGetConfigurationDescriptor
 .text.USB_DeviceGetStringDescriptor
                0x0000232c       0xc0 ./source/generated/usb_device_descriptor.o
                0x0000232c                USB_DeviceGetStringDescriptor
 .text.USB_DeviceInterface0CicVcomTask
                0x000023ec      0x100 ./source/usb_device_interface_0_cic_vcom.o
                0x000023ec                USB_DeviceInterface0CicVcomTask
 .text.USB_DeviceInterface0CicVcomCallback
                0x000024ec      0x38c ./source/usb_device_interface_0_cic_vcom.o
                0x000024ec                USB_DeviceInterface0CicVcomCallback
 .text.USB_DeviceInterface0CicVcomSetConfiguration
                0x00002878       0x34 ./source/usb_device_interface_0_cic_vcom.o
                0x00002878                USB_DeviceInterface0CicVcomSetConfiguration
 .text.USB_DeviceInterface0CicVcomInit
                0x000028ac       0x30 ./source/usb_device_interface_0_cic_vcom.o
                0x000028ac                USB_DeviceInterface0CicVcomInit
 .text.__NVIC_SetPriority
                0x000028dc       0x54 ./source/usbsss.o
 .text.SysTick_Config
                0x00002930       0x44 ./source/usbsss.o
 .text.ADC16_GetChannelConversionValue
                0x00002974       0x2c ./source/usbsss.o
 .text.SysTick_Handler
                0x000029a0       0x24 ./source/usbsss.o
                0x000029a0                SysTick_Handler
 .text.main     0x000029c4      0x3ec ./source/usbsss.o
                0x000029c4                main
 .text.StopLinea
                0x00002db0      0x100 ./source/usbsss.o
                0x00002db0                StopLinea
 .text.CalcularPID
                0x00002eb0      0x1d4 ./source/usbsss.o
                0x00002eb0                CalcularPID
 .text.CalibrarValores
                0x00003084       0x64 ./source/usbsss.o
                0x00003084                CalibrarValores
 .text.EncontrarLinea
                0x000030e8      0x280 ./source/usbsss.o
                0x000030e8                EncontrarLinea
 .text.resetESP
                0x00003368       0x74 ./source/usbsss.o
                0x00003368                resetESP
 .text.CommandUdp
                0x000033dc      0xafc ./source/usbsss.o
                0x000033dc                CommandUdp
 .text.ADC_Calibracion
                0x00003ed8       0xd0 ./source/usbsss.o
                0x00003ed8                ADC_Calibracion
 .text.initESP  0x00003fa8      0x2a8 ./source/usbsss.o
                0x00003fa8                initESP
 .text.DecoEsp  0x00004250      0xd58 ./source/usbsss.o
                0x00004250                DecoEsp
 .text.RecibirComandoESP
                0x00004fa8      0x414 ./source/usbsss.o
                0x00004fa8                RecibirComandoESP
 .text.ESP_UART3_SEND
                0x000053bc       0x3c ./source/usbsss.o
                0x000053bc                ESP_UART3_SEND
 .text.BanderasComandos
                0x000053f8       0x48 ./source/usbsss.o
                0x000053f8                BanderasComandos
 .text.LeerCabecera
                0x00005440      0x270 ./source/usbsss.o
                0x00005440                LeerCabecera
 .text.RecibirDatos
                0x000056b0       0xfc ./source/usbsss.o
                0x000056b0                RecibirDatos
 .text.EnviarDatos
                0x000057ac      0x238 ./source/usbsss.o
                0x000057ac                EnviarDatos
 .text.UART3_RX_TX_IRQHandler
                0x000059e4       0x5c ./source/usbsss.o
                0x000059e4                UART3_RX_TX_IRQHandler
 .text.ADC0_IRQHandler
                0x00005a40       0x38 ./source/usbsss.o
                0x00005a40                ADC0_IRQHandler
 .text.ADC1_IRQHandler
                0x00005a78       0x38 ./source/usbsss.o
                0x00005a78                ADC1_IRQHandler
 .text.PIT1_IRQHandler
                0x00005ab0      0x174 ./source/usbsss.o
                0x00005ab0                PIT1_IRQHandler
 .text.PIT0_IRQHandler
                0x00005c24      0x134 ./source/usbsss.o
                0x00005c24                PIT0_IRQHandler
 .text.ADC16_GetInstance
                0x00005d58       0x4c ./drivers/fsl_adc16.o
 .text.ADC16_Init
                0x00005da4      0x118 ./drivers/fsl_adc16.o
                0x00005da4                ADC16_Init
 .text.ADC16_SetChannelConfig
                0x00005ebc       0x68 ./drivers/fsl_adc16.o
                0x00005ebc                ADC16_SetChannelConfig
 .text.CLOCK_SetEr32kClock
                0x00005f24       0x30 ./drivers/fsl_clock.o
 .text.CLOCK_SetPllFllSelClock
                0x00005f54       0x38 ./drivers/fsl_clock.o
 .text.CLOCK_GetMcgExtClkFreq
                0x00005f8c       0x7c ./drivers/fsl_clock.o
 .text.CLOCK_GetFllExtRefClkFreq
                0x00006008       0xb0 ./drivers/fsl_clock.o
 .text.CLOCK_GetInternalRefClkSelectFreq
                0x000060b8       0x4c ./drivers/fsl_clock.o
 .text.CLOCK_GetFllRefClkFreq
                0x00006104       0x34 ./drivers/fsl_clock.o
 .text.CLOCK_GetOscRangeFromFreq
                0x00006138       0x3c ./drivers/fsl_clock.o
 .text.CLOCK_GetOsc0ErClkFreq
                0x00006174       0x44 ./drivers/fsl_clock.o
                0x00006174                CLOCK_GetOsc0ErClkFreq
 .text.CLOCK_GetEr32kClkFreq
                0x000061b8       0x74 ./drivers/fsl_clock.o
                0x000061b8                CLOCK_GetEr32kClkFreq
 .text.CLOCK_GetPllFllSelClkFreq
                0x0000622c       0x54 ./drivers/fsl_clock.o
                0x0000622c                CLOCK_GetPllFllSelClkFreq
 .text.CLOCK_GetCoreSysClkFreq
                0x00006280       0x28 ./drivers/fsl_clock.o
                0x00006280                CLOCK_GetCoreSysClkFreq
 .text.CLOCK_GetFreq
                0x000062a8      0x140 ./drivers/fsl_clock.o
                0x000062a8                CLOCK_GetFreq
 .text.CLOCK_SetSimConfig
                0x000063e8       0x34 ./drivers/fsl_clock.o
                0x000063e8                CLOCK_SetSimConfig
 .text.CLOCK_EnableUsbfs0Clock
                0x0000641c      0x108 ./drivers/fsl_clock.o
                0x0000641c                CLOCK_EnableUsbfs0Clock
 .text.CLOCK_GetOutClkFreq
                0x00006524       0x64 ./drivers/fsl_clock.o
                0x00006524                CLOCK_GetOutClkFreq
 .text.CLOCK_GetFllFreq
                0x00006588       0x84 ./drivers/fsl_clock.o
                0x00006588                CLOCK_GetFllFreq
 .text.CLOCK_GetInternalRefClkFreq
                0x0000660c       0x30 ./drivers/fsl_clock.o
                0x0000660c                CLOCK_GetInternalRefClkFreq
 .text.CLOCK_GetPll0Freq
                0x0000663c       0x78 ./drivers/fsl_clock.o
                0x0000663c                CLOCK_GetPll0Freq
 .text.CLOCK_SetExternalRefClkConfig
                0x000066b4       0x6c ./drivers/fsl_clock.o
                0x000066b4                CLOCK_SetExternalRefClkConfig
 .text.CLOCK_SetInternalRefClkConfig
                0x00006720      0x104 ./drivers/fsl_clock.o
                0x00006720                CLOCK_SetInternalRefClkConfig
 .text.CLOCK_EnablePll0
                0x00006824       0x88 ./drivers/fsl_clock.o
                0x00006824                CLOCK_EnablePll0
 .text.CLOCK_InitOsc0
                0x000068ac       0x8c ./drivers/fsl_clock.o
                0x000068ac                CLOCK_InitOsc0
 .text.CLOCK_SetPbeMode
                0x00006938       0xa8 ./drivers/fsl_clock.o
                0x00006938                CLOCK_SetPbeMode
 .text.CLOCK_BootToPeeMode
                0x000069e0       0x64 ./drivers/fsl_clock.o
                0x000069e0                CLOCK_BootToPeeMode
 .text.SDK_DelayAtLeastUs
                0x00006a44       0x8c ./drivers/fsl_common_arm.o
                0x00006a44                SDK_DelayAtLeastUs
 .text.FTM_GetInstance
                0x00006ad0       0x54 ./drivers/fsl_ftm.o
 .text.FTM_SetPwmSync
                0x00006b24      0x140 ./drivers/fsl_ftm.o
 .text.FTM_SetReloadPoints
                0x00006c64      0x138 ./drivers/fsl_ftm.o
 .text.FTM_Init
                0x00006d9c       0xf4 ./drivers/fsl_ftm.o
                0x00006d9c                FTM_Init
 .text.FTM_SetupPwmMode
                0x00006e90      0x294 ./drivers/fsl_ftm.o
                0x00006e90                FTM_SetupPwmMode
 .text.GPIO_PinInit
                0x00007124       0x64 ./drivers/fsl_gpio.o
                0x00007124                GPIO_PinInit
 .text.I2C_TransferCommonIRQHandler
                0x00007188       0x58 ./drivers/fsl_i2c.o
 .text.I2C0_DriverIRQHandler
                0x000071e0       0x1c ./drivers/fsl_i2c.o
                0x000071e0                I2C0_DriverIRQHandler
 .text.I2C1_DriverIRQHandler
                0x000071fc       0x1c ./drivers/fsl_i2c.o
                0x000071fc                I2C1_DriverIRQHandler
 .text.I2C2_DriverIRQHandler
                0x00007218       0x1c ./drivers/fsl_i2c.o
                0x00007218                I2C2_DriverIRQHandler
 .text.PIT_GetInstance
                0x00007234       0x44 ./drivers/fsl_pit.o
 .text.PIT_Init
                0x00007278       0x94 ./drivers/fsl_pit.o
                0x00007278                PIT_Init
 .text.UART_GetInstance
                0x0000730c       0x54 ./drivers/fsl_uart.o
                0x0000730c                UART_GetInstance
 .text.UART_Init
                0x00007360      0x2f4 ./drivers/fsl_uart.o
                0x00007360                UART_Init
 .text.UART_EnableInterrupts
                0x00007654       0x70 ./drivers/fsl_uart.o
                0x00007654                UART_EnableInterrupts
 .text.UART0_DriverIRQHandler
                0x000076c4       0x28 ./drivers/fsl_uart.o
                0x000076c4                UART0_DriverIRQHandler
 .text.UART1_DriverIRQHandler
                0x000076ec       0x28 ./drivers/fsl_uart.o
                0x000076ec                UART1_DriverIRQHandler
 .text.UART2_DriverIRQHandler
                0x00007714       0x28 ./drivers/fsl_uart.o
                0x00007714                UART2_DriverIRQHandler
 .text.UART4_DriverIRQHandler
                0x0000773c       0x28 ./drivers/fsl_uart.o
                0x0000773c                UART4_DriverIRQHandler
 .text.UART5_DriverIRQHandler
                0x00007764       0x28 ./drivers/fsl_uart.o
                0x00007764                UART5_DriverIRQHandler
 .text.SystemInit
                0x0000778c       0x3c ./device/system_MK64F12.o
                0x0000778c                SystemInit
 .text.OSA_MutexCreate
                0x000077c8       0x34 ./component/osa/fsl_os_abstraction_bm.o
                0x000077c8                OSA_MutexCreate
 .text.OSA_MutexDestroy
                0x000077fc       0x30 ./component/osa/fsl_os_abstraction_bm.o
                0x000077fc                OSA_MutexDestroy
 .text.CLOCK_SetSdhc0Clock
                0x0000782c       0x38 ./board/clock_config.o
 .text.CLOCK_SetEnetTime0Clock
                0x00007864       0x38 ./board/clock_config.o
 .text.CLOCK_SetRmii0Clock
                0x0000789c       0x38 ./board/clock_config.o
 .text.CLOCK_SetTraceClock
                0x000078d4       0x38 ./board/clock_config.o
 .text.CLOCK_SetClkOutClock
                0x0000790c       0x34 ./board/clock_config.o
 .text.CLOCK_SetSimSafeDivs
                0x00007940       0x20 ./board/clock_config.o
 .text.CLOCK_SetXtal0Freq
                0x00007960       0x20 ./board/clock_config.o
 .text.CLOCK_CONFIG_SetFllExtRefDiv
                0x00007980       0x3c ./board/clock_config.o
 .text.BOARD_BootClockRUN
                0x000079bc       0x88 ./board/clock_config.o
                0x000079bc                BOARD_BootClockRUN
 .text.__NVIC_EnableIRQ
                0x00007a44       0x3c ./board/peripherals.o
 .text.PIT_SetTimerPeriod
                0x00007a80       0x38 ./board/peripherals.o
 .text.UART3_init
                0x00007ab8       0x34 ./board/peripherals.o
 .text.PIT_init
                0x00007aec       0x64 ./board/peripherals.o
 .text.FTM0_init
                0x00007b50       0x3c ./board/peripherals.o
 .text.ADC0_init
                0x00007b8c       0x30 ./board/peripherals.o
 .text.ADC1_init
                0x00007bbc       0x30 ./board/peripherals.o
 .text.PORT_SetPinConfig
                0x00007bec       0x38 ./board/pin_mux.o
 .text.BOARD_InitPins
                0x00007c24       0xf8 ./board/pin_mux.o
                0x00007c24                BOARD_InitPins
 .text.BOARD_InitDEBUG_UARTPins
                0x00007d1c       0x68 ./board/pin_mux.o
                0x00007d1c                BOARD_InitDEBUG_UARTPins
 .text.__assertion_failed
                0x00007d84       0x4c d:/nxp/mcuxpressoide_11.4.0_6224/ide/plugins/com.nxp.mcuxpresso.tools.win32_11.4.0.202103011116/tools/bin/../lib/gcc/arm-none-eabi/10.2.1/../../../../arm-none-eabi/lib/thumb/v7e-m+fp/hard\libcr_semihost_nf.a(_cr_assert.o)
                0x00007d84                __assertion_failed
 .text.__sys_appexit
                0x00007dd0        0xc d:/nxp/mcuxpressoide_11.4.0_6224/ide/plugins/com.nxp.mcuxpresso.tools.win32_11.4.0.202103011116/tools/bin/../lib/gcc/arm-none-eabi/10.2.1/../../../../arm-none-eabi/lib/thumb/v7e-m+fp/hard\libcr_semihost_nf.a(__sys_appexit.o)
                0x00007dd0                __sys_appexit
                0x00007dd0                __exit
 .text._Cwritebuf
                0x00007ddc       0x6c d:/nxp/mcuxpressoide_11.4.0_6224/ide/plugins/com.nxp.mcuxpresso.tools.win32_11.4.0.202103011116/tools/bin/../lib/gcc/arm-none-eabi/10.2.1/../../../../arm-none-eabi/lib/thumb/v7e-m+fp/hard\libcr_c.a(_writebuf.o)
                0x00007ddc                _Cwritebuf
 .text.malloc   0x00007e48       0xc8 d:/nxp/mcuxpressoide_11.4.0_6224/ide/plugins/com.nxp.mcuxpresso.tools.win32_11.4.0.202103011116/tools/bin/../lib/gcc/arm-none-eabi/10.2.1/../../../../arm-none-eabi/lib/thumb/v7e-m+fp/hard\libcr_c.a(alloc.o)
                0x00007e48                malloc
 .text._Csys_alloc
                0x00007f10       0x20 d:/nxp/mcuxpressoide_11.4.0_6224/ide/plugins/com.nxp.mcuxpresso.tools.win32_11.4.0.202103011116/tools/bin/../lib/gcc/arm-none-eabi/10.2.1/../../../../arm-none-eabi/lib/thumb/v7e-m+fp/hard\libcr_c.a(alloc.o)
                0x00007f10                _Csys_alloc
 .text.fseek    0x00007f30      0x100 d:/nxp/mcuxpressoide_11.4.0_6224/ide/plugins/com.nxp.mcuxpresso.tools.win32_11.4.0.202103011116/tools/bin/../lib/gcc/arm-none-eabi/10.2.1/../../../../arm-none-eabi/lib/thumb/v7e-m+fp/hard\libcr_c.a(fseek.o)
                0x00007f30                fseek
 .text.ftell    0x00008030       0x44 d:/nxp/mcuxpressoide_11.4.0_6224/ide/plugins/com.nxp.mcuxpresso.tools.win32_11.4.0.202103011116/tools/bin/../lib/gcc/arm-none-eabi/10.2.1/../../../../arm-none-eabi/lib/thumb/v7e-m+fp/hard\libcr_c.a(ftell.o)
                0x00008030                ftell
 .text._initio  0x00008074       0x78 d:/nxp/mcuxpressoide_11.4.0_6224/ide/plugins/com.nxp.mcuxpresso.tools.win32_11.4.0.202103011116/tools/bin/../lib/gcc/arm-none-eabi/10.2.1/../../../../arm-none-eabi/lib/thumb/v7e-m+fp/hard\libcr_c.a(initio.o)
                0x00008074                _initio
 .text.__vfprintf
                0x000080ec      0xbf4 d:/nxp/mcuxpressoide_11.4.0_6224/ide/plugins/com.nxp.mcuxpresso.tools.win32_11.4.0.202103011116/tools/bin/../lib/gcc/arm-none-eabi/10.2.1/../../../../arm-none-eabi/lib/thumb/v7e-m+fp/hard\libcr_c.a(printf.o)
                0x000080ec                __vfprintf
 .text._vsnprintf
                0x00008ce0       0x68 d:/nxp/mcuxpressoide_11.4.0_6224/ide/plugins/com.nxp.mcuxpresso.tools.win32_11.4.0.202103011116/tools/bin/../lib/gcc/arm-none-eabi/10.2.1/../../../../arm-none-eabi/lib/thumb/v7e-m+fp/hard\libcr_c.a(printf.o)
                0x00008ce0                _vsnprintf
 .text._printf  0x00008d48       0x54 d:/nxp/mcuxpressoide_11.4.0_6224/ide/plugins/com.nxp.mcuxpresso.tools.win32_11.4.0.202103011116/tools/bin/../lib/gcc/arm-none-eabi/10.2.1/../../../../arm-none-eabi/lib/thumb/v7e-m+fp/hard\libcr_c.a(printf.o)
                0x00008d48                _printf
 .text._sbrk    0x00008d9c       0x3c d:/nxp/mcuxpressoide_11.4.0_6224/ide/plugins/com.nxp.mcuxpresso.tools.win32_11.4.0.202103011116/tools/bin/../lib/gcc/arm-none-eabi/10.2.1/../../../../arm-none-eabi/lib/thumb/v7e-m+fp/hard\libcr_c.a(_cr_sbrk.o)
                0x00008d9c                _sbrk
 .text.fflush   0x00008dd8       0x3c d:/nxp/mcuxpressoide_11.4.0_6224/ide/plugins/com.nxp.mcuxpresso.tools.win32_11.4.0.202103011116/tools/bin/../lib/gcc/arm-none-eabi/10.2.1/../../../../arm-none-eabi/lib/thumb/v7e-m+fp/hard\libcr_c.a(fflush.o)
                0x00008dd8                fflush
 .text.__check_heap_overflow
                0x00008e14       0x18 d:/nxp/mcuxpressoide_11.4.0_6224/ide/plugins/com.nxp.mcuxpresso.tools.win32_11.4.0.202103011116/tools/bin/../lib/gcc/arm-none-eabi/10.2.1/../../../../arm-none-eabi/lib/thumb/v7e-m+fp/hard\libcr_c.a(_cr_check_heap.o)
                0x00008e14                __check_heap_overflow
 .text.USB_DeviceKhciPrimeNextSetup
                0x00008e2c       0x64 ./usb/device/source/khci/usb_device_khci.o
 .text.USB_DeviceKhciSetDefaultState
                0x00008e90      0x158 ./usb/device/source/khci/usb_device_khci.o
 .text.USB_DeviceKhciEndpointInit
                0x00008fe8      0x12c ./usb/device/source/khci/usb_device_khci.o
 .text.USB_DeviceKhciEndpointDeinit
                0x00009114       0x5c ./usb/device/source/khci/usb_device_khci.o
 .text.USB_DeviceKhciEndpointStall
                0x00009170      0x176 ./usb/device/source/khci/usb_device_khci.o
 .text.USB_DeviceKhciEndpointUnstall
                0x000092e6      0x10a ./usb/device/source/khci/usb_device_khci.o
 .text.USB_DeviceKhciInterruptTokenDone
                0x000093f0      0x538 ./usb/device/source/khci/usb_device_khci.o
 .text.USB_DeviceKhciInterruptReset
                0x00009928       0x42 ./usb/device/source/khci/usb_device_khci.o
 .text.USB_DeviceKhciInterruptStall
                0x0000996a       0x5c ./usb/device/source/khci/usb_device_khci.o
 .text.USB_DeviceKhciDeinit
                0x000099c6       0x64 ./usb/device/source/khci/usb_device_khci.o
                0x000099c6                USB_DeviceKhciDeinit
 .text.USB_DeviceKhciSend
                0x00009a2a      0x11c ./usb/device/source/khci/usb_device_khci.o
                0x00009a2a                USB_DeviceKhciSend
 .text.USB_DeviceKhciRecv
                0x00009b46      0x160 ./usb/device/source/khci/usb_device_khci.o
                0x00009b46                USB_DeviceKhciRecv
 .text.USB_DeviceKhciCancel
                0x00009ca6       0x86 ./usb/device/source/khci/usb_device_khci.o
                0x00009ca6                USB_DeviceKhciCancel
 .text.USB_DeviceKhciIsrFunction
                0x00009d2c       0x84 ./usb/device/source/khci/usb_device_khci.o
                0x00009d2c                USB_DeviceKhciIsrFunction
 .text.USB_DeviceCh9GetStatus
                0x00009db0      0x10a ./usb/device/source/usb_device_ch9.o
 .text.USB_DeviceCh9SetClearFeature
                0x00009eba      0x10c ./usb/device/source/usb_device_ch9.o
 .text.USB_DeviceCh9SetAddress
                0x00009fc6       0xca ./usb/device/source/usb_device_ch9.o
 .text.USB_DeviceCh9GetDescriptor
                0x0000a090      0x132 ./usb/device/source/usb_device_ch9.o
 .text.USB_DeviceCh9GetConfiguration
                0x0000a1c2       0x8e ./usb/device/source/usb_device_ch9.o
 .text.USB_DeviceCh9SetConfiguration
                0x0000a250       0xb6 ./usb/device/source/usb_device_ch9.o
 .text.USB_DeviceCh9GetInterface
                0x0000a306       0x9c ./usb/device/source/usb_device_ch9.o
 .text.USB_DeviceCh9SetInterface
                0x0000a3a2       0x90 ./usb/device/source/usb_device_ch9.o
 .text.USB_DeviceCh9SynchFrame
                0x0000a432       0x90 ./usb/device/source/usb_device_ch9.o
 .text.USB_DeviceControlCallbackFeedback
                0x0000a4c2       0x96 ./usb/device/source/usb_device_ch9.o
 .text.USB_DeviceFreeHandle
                0x0000a558       0x32 ./usb/device/source/usb_device_dci.o
 .text.USB_DeviceTransfer
                0x0000a58a      0x10a ./usb/device/source/usb_device_dci.o
 .text.USB_DeviceControl
                0x0000a694       0x48 ./usb/device/source/usb_device_dci.o
 .text.USB_DeviceResetNotification
                0x0000a6dc       0x98 ./usb/device/source/usb_device_dci.o
 .text.USB_DeviceNotification
                0x0000a774      0x102 ./usb/device/source/usb_device_dci.o
 .text.USB_DeviceNotificationTrigger
                0x0000a876       0x40 ./usb/device/source/usb_device_dci.o
                0x0000a876                USB_DeviceNotificationTrigger
 .text.USB_DeviceInit
                0x0000a8b6      0x166 ./usb/device/source/usb_device_dci.o
                0x0000a8b6                USB_DeviceInit
 .text.USB_DeviceRun
                0x0000aa1c       0x1c ./usb/device/source/usb_device_dci.o
                0x0000aa1c                USB_DeviceRun
 .text.USB_DeviceDeinit
                0x0000aa38       0x42 ./usb/device/source/usb_device_dci.o
                0x0000aa38                USB_DeviceDeinit
 .text.USB_DeviceSendRequest
                0x0000aa7a       0x32 ./usb/device/source/usb_device_dci.o
                0x0000aa7a                USB_DeviceSendRequest
 .text.USB_DeviceRecvRequest
                0x0000aaac       0x2c ./usb/device/source/usb_device_dci.o
                0x0000aaac                USB_DeviceRecvRequest
 .text.USB_DeviceInitEndpoint
                0x0000aad8       0xbe ./usb/device/source/usb_device_dci.o
                0x0000aad8                USB_DeviceInitEndpoint
 .text.USB_DeviceDeinitEndpoint
                0x0000ab96       0xac ./usb/device/source/usb_device_dci.o
                0x0000ab96                USB_DeviceDeinitEndpoint
 .text.USB_DeviceStallEndpoint
                0x0000ac42       0x30 ./usb/device/source/usb_device_dci.o
                0x0000ac42                USB_DeviceStallEndpoint
 .text.USB_DeviceUnstallEndpoint
                0x0000ac72       0x30 ./usb/device/source/usb_device_dci.o
                0x0000ac72                USB_DeviceUnstallEndpoint
 .text.USB_DeviceCdcAcmFreeHandle
                0x0000aca2       0x32 ./usb/device/class/cdc/usb_device_cdc_acm.o
 .text.USB_DeviceCdcAcmInterruptIn
                0x0000acd4       0x54 ./usb/device/class/cdc/usb_device_cdc_acm.o
 .text.USB_DeviceCdcAcmBulkIn
                0x0000ad28       0x54 ./usb/device/class/cdc/usb_device_cdc_acm.o
 .text.USB_DeviceCdcAcmBulkOut
                0x0000ad7c       0x54 ./usb/device/class/cdc/usb_device_cdc_acm.o
 .text.USB_DeviceCdcAcmEndpointsDeinit
                0x0000add0       0xae ./usb/device/class/cdc/usb_device_cdc_acm.o
 .text.USB_DeviceCdcAcmInit
                0x0000ae7e       0xaa ./usb/device/class/cdc/usb_device_cdc_acm.o
                0x0000ae7e                USB_DeviceCdcAcmInit
 .text.USB_DeviceCdcAcmDeinit
                0x0000af28       0x4e ./usb/device/class/cdc/usb_device_cdc_acm.o
                0x0000af28                USB_DeviceCdcAcmDeinit
 .text.USB_DeviceCdcAcmSend
                0x0000af76       0xa4 ./usb/device/class/cdc/usb_device_cdc_acm.o
                0x0000af76                USB_DeviceCdcAcmSend
 .text.USB_DeviceCdcAcmRecv
                0x0000b01a       0x78 ./usb/device/class/cdc/usb_device_cdc_acm.o
                0x0000b01a                USB_DeviceCdcAcmRecv
 .text.USB_DeviceClassCallback
                0x0000b092       0x5e ./usb/device/class/usb_device_class.o
                0x0000b092                USB_DeviceClassCallback
 .text.DMA0_IRQHandler
                0x0000b0f0        0x8 ./startup/startup_mk64f12.o
                0x0000b0f0                DMA0_IRQHandler
 .text.DMA1_IRQHandler
                0x0000b0f8        0x8 ./startup/startup_mk64f12.o
                0x0000b0f8                DMA1_IRQHandler
 .text.DMA2_IRQHandler
                0x0000b100        0x8 ./startup/startup_mk64f12.o
                0x0000b100                DMA2_IRQHandler
 .text.DMA3_IRQHandler
                0x0000b108        0x8 ./startup/startup_mk64f12.o
                0x0000b108                DMA3_IRQHandler
 .text.DMA4_IRQHandler
                0x0000b110        0x8 ./startup/startup_mk64f12.o
                0x0000b110                DMA4_IRQHandler
 .text.DMA5_IRQHandler
                0x0000b118        0x8 ./startup/startup_mk64f12.o
                0x0000b118                DMA5_IRQHandler
 .text.DMA6_IRQHandler
                0x0000b120        0x8 ./startup/startup_mk64f12.o
                0x0000b120                DMA6_IRQHandler
 .text.DMA7_IRQHandler
                0x0000b128        0x8 ./startup/startup_mk64f12.o
                0x0000b128                DMA7_IRQHandler
 .text.DMA8_IRQHandler
                0x0000b130        0x8 ./startup/startup_mk64f12.o
                0x0000b130                DMA8_IRQHandler
 .text.DMA9_IRQHandler
                0x0000b138        0x8 ./startup/startup_mk64f12.o
                0x0000b138                DMA9_IRQHandler
 .text.DMA10_IRQHandler
                0x0000b140        0x8 ./startup/startup_mk64f12.o
                0x0000b140                DMA10_IRQHandler
 .text.DMA11_IRQHandler
                0x0000b148        0x8 ./startup/startup_mk64f12.o
                0x0000b148                DMA11_IRQHandler
 .text.DMA12_IRQHandler
                0x0000b150        0x8 ./startup/startup_mk64f12.o
                0x0000b150                DMA12_IRQHandler
 .text.DMA13_IRQHandler
                0x0000b158        0x8 ./startup/startup_mk64f12.o
                0x0000b158                DMA13_IRQHandler
 .text.DMA14_IRQHandler
                0x0000b160        0x8 ./startup/startup_mk64f12.o
                0x0000b160                DMA14_IRQHandler
 .text.DMA15_IRQHandler
                0x0000b168        0x8 ./startup/startup_mk64f12.o
                0x0000b168                DMA15_IRQHandler
 .text.DMA_Error_IRQHandler
                0x0000b170        0x8 ./startup/startup_mk64f12.o
                0x0000b170                DMA_Error_IRQHandler
 .text.MCM_IRQHandler
                0x0000b178        0x8 ./startup/startup_mk64f12.o
                0x0000b178                MCM_IRQHandler
 .text.FTFE_IRQHandler
                0x0000b180        0x8 ./startup/startup_mk64f12.o
                0x0000b180                FTFE_IRQHandler
 .text.Read_Collision_IRQHandler
                0x0000b188        0x8 ./startup/startup_mk64f12.o
                0x0000b188                Read_Collision_IRQHandler
 .text.LVD_LVW_IRQHandler
                0x0000b190        0x8 ./startup/startup_mk64f12.o
                0x0000b190                LVD_LVW_IRQHandler
 .text.LLWU_IRQHandler
                0x0000b198        0x8 ./startup/startup_mk64f12.o
                0x0000b198                LLWU_IRQHandler
 .text.WDOG_EWM_IRQHandler
                0x0000b1a0        0x8 ./startup/startup_mk64f12.o
                0x0000b1a0                WDOG_EWM_IRQHandler
 .text.RNG_IRQHandler
                0x0000b1a8        0x8 ./startup/startup_mk64f12.o
                0x0000b1a8                RNG_IRQHandler
 .text.I2C0_IRQHandler
                0x0000b1b0        0x8 ./startup/startup_mk64f12.o
                0x0000b1b0                I2C0_IRQHandler
 .text.I2C1_IRQHandler
                0x0000b1b8        0x8 ./startup/startup_mk64f12.o
                0x0000b1b8                I2C1_IRQHandler
 .text.SPI0_IRQHandler
                0x0000b1c0        0x8 ./startup/startup_mk64f12.o
                0x0000b1c0                SPI0_IRQHandler
 .text.SPI1_IRQHandler
                0x0000b1c8        0x8 ./startup/startup_mk64f12.o
                0x0000b1c8                SPI1_IRQHandler
 .text.I2S0_Tx_IRQHandler
                0x0000b1d0        0x8 ./startup/startup_mk64f12.o
                0x0000b1d0                I2S0_Tx_IRQHandler
 .text.I2S0_Rx_IRQHandler
                0x0000b1d8        0x8 ./startup/startup_mk64f12.o
                0x0000b1d8                I2S0_Rx_IRQHandler
 .text.UART0_LON_IRQHandler
                0x0000b1e0        0x8 ./startup/startup_mk64f12.o
                0x0000b1e0                UART0_LON_IRQHandler
 .text.UART0_RX_TX_IRQHandler
                0x0000b1e8        0x8 ./startup/startup_mk64f12.o
                0x0000b1e8                UART0_RX_TX_IRQHandler
 .text.UART0_ERR_IRQHandler
                0x0000b1f0        0x8 ./startup/startup_mk64f12.o
                0x0000b1f0                UART0_ERR_IRQHandler
 .text.UART1_RX_TX_IRQHandler
                0x0000b1f8        0x8 ./startup/startup_mk64f12.o
                0x0000b1f8                UART1_RX_TX_IRQHandler
 .text.UART1_ERR_IRQHandler
                0x0000b200        0x8 ./startup/startup_mk64f12.o
                0x0000b200                UART1_ERR_IRQHandler
 .text.UART2_RX_TX_IRQHandler
                0x0000b208        0x8 ./startup/startup_mk64f12.o
                0x0000b208                UART2_RX_TX_IRQHandler
 .text.UART2_ERR_IRQHandler
                0x0000b210        0x8 ./startup/startup_mk64f12.o
                0x0000b210                UART2_ERR_IRQHandler
 .text.UART3_ERR_IRQHandler
                0x0000b218        0x8 ./startup/startup_mk64f12.o
                0x0000b218                UART3_ERR_IRQHandler
 .text.CMP0_IRQHandler
                0x0000b220        0x8 ./startup/startup_mk64f12.o
                0x0000b220                CMP0_IRQHandler
 .text.CMP1_IRQHandler
                0x0000b228        0x8 ./startup/startup_mk64f12.o
                0x0000b228                CMP1_IRQHandler
 .text.FTM0_IRQHandler
                0x0000b230        0x8 ./startup/startup_mk64f12.o
                0x0000b230                FTM0_IRQHandler
 .text.FTM1_IRQHandler
                0x0000b238        0x8 ./startup/startup_mk64f12.o
                0x0000b238                FTM1_IRQHandler
 .text.FTM2_IRQHandler
                0x0000b240        0x8 ./startup/startup_mk64f12.o
                0x0000b240                FTM2_IRQHandler
 .text.CMT_IRQHandler
                0x0000b248        0x8 ./startup/startup_mk64f12.o
                0x0000b248                CMT_IRQHandler
 .text.RTC_IRQHandler
                0x0000b250        0x8 ./startup/startup_mk64f12.o
                0x0000b250                RTC_IRQHandler
 .text.RTC_Seconds_IRQHandler
                0x0000b258        0x8 ./startup/startup_mk64f12.o
                0x0000b258                RTC_Seconds_IRQHandler
 .text.PIT2_IRQHandler
                0x0000b260        0x8 ./startup/startup_mk64f12.o
                0x0000b260                PIT2_IRQHandler
 .text.PIT3_IRQHandler
                0x0000b268        0x8 ./startup/startup_mk64f12.o
                0x0000b268                PIT3_IRQHandler
 .text.PDB0_IRQHandler
                0x0000b270        0x8 ./startup/startup_mk64f12.o
                0x0000b270                PDB0_IRQHandler
 .text.USBDCD_IRQHandler
                0x0000b278        0x8 ./startup/startup_mk64f12.o
                0x0000b278                USBDCD_IRQHandler
 .text.Reserved71_IRQHandler
                0x0000b280        0x8 ./startup/startup_mk64f12.o
                0x0000b280                Reserved71_IRQHandler
 .text.DAC0_IRQHandler
                0x0000b288        0x8 ./startup/startup_mk64f12.o
                0x0000b288                DAC0_IRQHandler
 .text.MCG_IRQHandler
                0x0000b290        0x8 ./startup/startup_mk64f12.o
                0x0000b290                MCG_IRQHandler
 .text.LPTMR0_IRQHandler
                0x0000b298        0x8 ./startup/startup_mk64f12.o
                0x0000b298                LPTMR0_IRQHandler
 .text.PORTA_IRQHandler
                0x0000b2a0        0x8 ./startup/startup_mk64f12.o
                0x0000b2a0                PORTA_IRQHandler
 .text.PORTB_IRQHandler
                0x0000b2a8        0x8 ./startup/startup_mk64f12.o
                0x0000b2a8                PORTB_IRQHandler
 .text.PORTC_IRQHandler
                0x0000b2b0        0x8 ./startup/startup_mk64f12.o
                0x0000b2b0                PORTC_IRQHandler
 .text.PORTD_IRQHandler
                0x0000b2b8        0x8 ./startup/startup_mk64f12.o
                0x0000b2b8                PORTD_IRQHandler
 .text.PORTE_IRQHandler
                0x0000b2c0        0x8 ./startup/startup_mk64f12.o
                0x0000b2c0                PORTE_IRQHandler
 .text.SWI_IRQHandler
                0x0000b2c8        0x8 ./startup/startup_mk64f12.o
                0x0000b2c8                SWI_IRQHandler
 .text.SPI2_IRQHandler
                0x0000b2d0        0x8 ./startup/startup_mk64f12.o
                0x0000b2d0                SPI2_IRQHandler
 .text.UART4_RX_TX_IRQHandler
                0x0000b2d8        0x8 ./startup/startup_mk64f12.o
                0x0000b2d8                UART4_RX_TX_IRQHandler
 .text.UART4_ERR_IRQHandler
                0x0000b2e0        0x8 ./startup/startup_mk64f12.o
                0x0000b2e0                UART4_ERR_IRQHandler
 .text.UART5_RX_TX_IRQHandler
                0x0000b2e8        0x8 ./startup/startup_mk64f12.o
                0x0000b2e8                UART5_RX_TX_IRQHandler
 .text.UART5_ERR_IRQHandler
                0x0000b2f0        0x8 ./startup/startup_mk64f12.o
                0x0000b2f0                UART5_ERR_IRQHandler
 .text.CMP2_IRQHandler
                0x0000b2f8        0x8 ./startup/startup_mk64f12.o
                0x0000b2f8                CMP2_IRQHandler
 .text.FTM3_IRQHandler
                0x0000b300        0x8 ./startup/startup_mk64f12.o
                0x0000b300                FTM3_IRQHandler
 .text.DAC1_IRQHandler
                0x0000b308        0x8 ./startup/startup_mk64f12.o
                0x0000b308                DAC1_IRQHandler
 .text.I2C2_IRQHandler
                0x0000b310        0x8 ./startup/startup_mk64f12.o
                0x0000b310                I2C2_IRQHandler
 .text.CAN0_ORed_Message_buffer_IRQHandler
                0x0000b318        0x8 ./startup/startup_mk64f12.o
                0x0000b318                CAN0_ORed_Message_buffer_IRQHandler
 .text.CAN0_Bus_Off_IRQHandler
                0x0000b320        0x8 ./startup/startup_mk64f12.o
                0x0000b320                CAN0_Bus_Off_IRQHandler
 .text.CAN0_Error_IRQHandler
                0x0000b328        0x8 ./startup/startup_mk64f12.o
                0x0000b328                CAN0_Error_IRQHandler
 .text.CAN0_Tx_Warning_IRQHandler
                0x0000b330        0x8 ./startup/startup_mk64f12.o
                0x0000b330                CAN0_Tx_Warning_IRQHandler
 .text.CAN0_Rx_Warning_IRQHandler
                0x0000b338        0x8 ./startup/startup_mk64f12.o
                0x0000b338                CAN0_Rx_Warning_IRQHandler
 .text.CAN0_Wake_Up_IRQHandler
                0x0000b340        0x8 ./startup/startup_mk64f12.o
                0x0000b340                CAN0_Wake_Up_IRQHandler
 .text.SDHC_IRQHandler
                0x0000b348        0x8 ./startup/startup_mk64f12.o
                0x0000b348                SDHC_IRQHandler
 .text.ENET_1588_Timer_IRQHandler
                0x0000b350        0x8 ./startup/startup_mk64f12.o
                0x0000b350                ENET_1588_Timer_IRQHandler
 .text.ENET_Transmit_IRQHandler
                0x0000b358        0x8 ./startup/startup_mk64f12.o
                0x0000b358                ENET_Transmit_IRQHandler
 .text.ENET_Receive_IRQHandler
                0x0000b360        0x8 ./startup/startup_mk64f12.o
                0x0000b360                ENET_Receive_IRQHandler
 .text.ENET_Error_IRQHandler
                0x0000b368        0x8 ./startup/startup_mk64f12.o
                0x0000b368                ENET_Error_IRQHandler
 .text.EnableIRQ
                0x0000b370       0x32 ./source/generated/usb_device_composite.o
 .text.SYSMPU_Enable
                0x0000b3a2       0x38 ./source/generated/usb_device_composite.o
 .text.USB_DeviceClockInit
                0x0000b3da        0xe ./source/generated/usb_device_composite.o
 .text.USB_DeviceIsrEnable
                0x0000b3e8       0x2c ./source/generated/usb_device_composite.o
                0x0000b3e8                USB_DeviceIsrEnable
 .text.HardFault_Handler
                0x0000b414       0x2c ./source/semihost_hardfault.o
                0x0000b414                HardFault_Handler
 .text.USB_DeviceInterface0CicVcomSetInterface
                0x0000b440       0x1a ./source/usb_device_interface_0_cic_vcom.o
                0x0000b440                USB_DeviceInterface0CicVcomSetInterface
 .text.USB_DeviceInterface1DicVcomSetInterface
                0x0000b45a       0x1a ./source/usb_device_interface_0_cic_vcom.o
                0x0000b45a                USB_DeviceInterface1DicVcomSetInterface
 .text.GPIO_PortToggle
                0x0000b474       0x1c ./source/usbsss.o
 .text.UART_WriteByte
                0x0000b490       0x1e ./source/usbsss.o
 .text.UART_ReadByte
                0x0000b4ae       0x1a ./source/usbsss.o
 .text.PIT_GetStatusFlags
                0x0000b4c8       0x2a ./source/usbsss.o
 .text.PIT_ClearStatusFlags
                0x0000b4f2       0x2a ./source/usbsss.o
 .text.FTM_StartTimer
                0x0000b51c       0x3a ./source/usbsss.o
 .text.FTM_StopTimer
                0x0000b556       0x20 ./source/usbsss.o
 .text.CLOCK_EnableClock
                0x0000b576       0x34 ./drivers/fsl_adc16.o
 .text.ADC16_SetChannelMuxMode
                0x0000b5aa       0x38 ./drivers/fsl_adc16.o
                0x0000b5aa                ADC16_SetChannelMuxMode
 .text.ADC16_SetHardwareAverage
                0x0000b5e2       0x3e ./drivers/fsl_adc16.o
                0x0000b5e2                ADC16_SetHardwareAverage
 .text.CLOCK_EnableClock
                0x0000b620       0x34 ./drivers/fsl_clock.o
 .text.CLOCK_DisableClock
                0x0000b654       0x38 ./drivers/fsl_clock.o
 .text.OSC_SetExtRefClkConfig
                0x0000b68c       0x34 ./drivers/fsl_clock.o
 .text.OSC_SetCapLoad
                0x0000b6c0       0x34 ./drivers/fsl_clock.o
 .text.CLOCK_GetPll0RefFreq
                0x0000b6f4        0xe ./drivers/fsl_clock.o
 .text.CLOCK_GetFixedFreqClkFreq
                0x0000b702       0x34 ./drivers/fsl_clock.o
                0x0000b702                CLOCK_GetFixedFreqClkFreq
 .text.DelayLoop
                0x0000b736       0x20 ./drivers/fsl_common_arm.o
 .text.CLOCK_EnableClock
                0x0000b756       0x34 ./drivers/fsl_ftm.o
 .text.FTM_SetDeadTimeEnable
                0x0000b78a       0x52 ./drivers/fsl_ftm.o
 .text.FTM_SetComplementaryEnable
                0x0000b7dc       0x52 ./drivers/fsl_ftm.o
 .text.GPIO_PinWrite
                0x0000b82e       0x36 ./drivers/fsl_gpio.o
 .text.CLOCK_EnableClock
                0x0000b864       0x34 ./drivers/fsl_pit.o
 .text.CLOCK_EnableClock
                0x0000b898       0x34 ./drivers/fsl_uart.o
 .text.UART_GetStatusFlags
                0x0000b8cc       0x48 ./drivers/fsl_uart.o
                0x0000b8cc                UART_GetStatusFlags
 .text.UART_ClearStatusFlags
                0x0000b914       0x80 ./drivers/fsl_uart.o
                0x0000b914                UART_ClearStatusFlags
 .text.UART0_RX_TX_DriverIRQHandler
                0x0000b994       0x12 ./drivers/fsl_uart.o
                0x0000b994                UART0_RX_TX_DriverIRQHandler
 .text.UART1_RX_TX_DriverIRQHandler
                0x0000b9a6       0x12 ./drivers/fsl_uart.o
                0x0000b9a6                UART1_RX_TX_DriverIRQHandler
 .text.UART2_RX_TX_DriverIRQHandler
                0x0000b9b8       0x12 ./drivers/fsl_uart.o
                0x0000b9b8                UART2_RX_TX_DriverIRQHandler
 .text.UART4_RX_TX_DriverIRQHandler
                0x0000b9ca       0x12 ./drivers/fsl_uart.o
                0x0000b9ca                UART4_RX_TX_DriverIRQHandler
 .text.UART5_RX_TX_DriverIRQHandler
                0x0000b9dc       0x12 ./drivers/fsl_uart.o
                0x0000b9dc                UART5_RX_TX_DriverIRQHandler
 .text.SystemInitHook
                0x0000b9ee        0xe ./device/system_MK64F12.o
                0x0000b9ee                SystemInitHook
 .text.DisableGlobalIRQ
                0x0000b9fc       0x22 ./component/osa/fsl_os_abstraction_bm.o
 .text.EnableGlobalIRQ
                0x0000ba1e       0x20 ./component/osa/fsl_os_abstraction_bm.o
 .text.OSA_EnterCritical
                0x0000ba3e       0x1a ./component/osa/fsl_os_abstraction_bm.o
                0x0000ba3e                OSA_EnterCritical
 .text.OSA_ExitCritical
                0x0000ba58       0x16 ./component/osa/fsl_os_abstraction_bm.o
                0x0000ba58                OSA_ExitCritical
 .text.DbgConsole_Init
                0x0000ba6e       0x20 ./board/board.o
 .text.BOARD_InitDebugConsole
                0x0000ba8e       0x22 ./board/board.o
                0x0000ba8e                BOARD_InitDebugConsole
 .text.BOARD_InitBootClocks
                0x0000bab0        0xc ./board/clock_config.o
                0x0000bab0                BOARD_InitBootClocks
 .text.EnableIRQ
                0x0000babc       0x32 ./board/peripherals.o
 .text.PIT_EnableInterrupts
                0x0000baee       0x3a ./board/peripherals.o
 .text.PIT_StartTimer
                0x0000bb28       0x38 ./board/peripherals.o
 .text.FTM_SetTimerPeriod
                0x0000bb60       0x22 ./board/peripherals.o
 .text.FTM_StartTimer
                0x0000bb82       0x3a ./board/peripherals.o
 .text.ADC16_EnableHardwareTrigger
                0x0000bbbc       0x38 ./board/peripherals.o
 .text.USB0_init
                0x0000bbf4        0xc ./board/peripherals.o
 .text.BOARD_InitPeripherals
                0x0000bc00       0x20 ./board/peripherals.o
                0x0000bc00                BOARD_InitPeripherals
 .text.BOARD_InitBootPeripherals
                0x0000bc20        0xc ./board/peripherals.o
                0x0000bc20                BOARD_InitBootPeripherals
 .text.CLOCK_EnableClock
                0x0000bc2c       0x34 ./board/pin_mux.o
 .text.PORT_SetPinMux
                0x0000bc60       0x3a ./board/pin_mux.o
 .text.BOARD_InitBootPins
                0x0000bc9a       0x10 ./board/pin_mux.o
                0x0000bc9a                BOARD_InitBootPins
 .text.__main   0x0000bcaa        0xe d:/nxp/mcuxpressoide_11.4.0_6224/ide/plugins/com.nxp.mcuxpresso.tools.win32_11.4.0.202103011116/tools/bin/../lib/gcc/arm-none-eabi/10.2.1/../../../../arm-none-eabi/lib/thumb/v7e-m+fp/hard\libcr_semihost_nf.a(_cr__main.o)
                0x0000bcaa                __CR_SEMIHOST
                0x0000bcaa                __main
 .text.memcpy   0x0000bcb8        0x4 d:/nxp/mcuxpressoide_11.4.0_6224/ide/plugins/com.nxp.mcuxpresso.tools.win32_11.4.0.202103011116/tools/bin/../lib/gcc/arm-none-eabi/10.2.1/../../../../arm-none-eabi/lib/thumb/v7e-m+fp/hard\libcr_c.a(memcpy.o)
                0x0000bcb8                memcpy
 .text.memset   0x0000bcbc        0x4 d:/nxp/mcuxpressoide_11.4.0_6224/ide/plugins/com.nxp.mcuxpresso.tools.win32_11.4.0.202103011116/tools/bin/../lib/gcc/arm-none-eabi/10.2.1/../../../../arm-none-eabi/lib/thumb/v7e-m+fp/hard\libcr_c.a(memset.o)
                0x0000bcbc                memset
 .text._deferredlazyseek
                0x0000bcc0       0x40 d:/nxp/mcuxpressoide_11.4.0_6224/ide/plugins/com.nxp.mcuxpresso.tools.win32_11.4.0.202103011116/tools/bin/../lib/gcc/arm-none-eabi/10.2.1/../../../../arm-none-eabi/lib/thumb/v7e-m+fp/hard\libcr_c.a(_deferredlazyseek.o)
                0x0000bcc0                _deferredlazyseek
 .text.__flsbuf
                0x0000bd00      0x140 d:/nxp/mcuxpressoide_11.4.0_6224/ide/plugins/com.nxp.mcuxpresso.tools.win32_11.4.0.202103011116/tools/bin/../lib/gcc/arm-none-eabi/10.2.1/../../../../arm-none-eabi/lib/thumb/v7e-m+fp/hard\libcr_c.a(_deferredlazyseek.o)
                0x0000bd00                __flsbuf
 .text._fflush  0x0000be40       0x52 d:/nxp/mcuxpressoide_11.4.0_6224/ide/plugins/com.nxp.mcuxpresso.tools.win32_11.4.0.202103011116/tools/bin/../lib/gcc/arm-none-eabi/10.2.1/../../../../arm-none-eabi/lib/thumb/v7e-m+fp/hard\libcr_c.a(_fflush.o)
                0x0000be40                _fflush
 .text.free     0x0000be92       0x30 d:/nxp/mcuxpressoide_11.4.0_6224/ide/plugins/com.nxp.mcuxpresso.tools.win32_11.4.0.202103011116/tools/bin/../lib/gcc/arm-none-eabi/10.2.1/../../../../arm-none-eabi/lib/thumb/v7e-m+fp/hard\libcr_c.a(alloc.o)
                0x0000be92                free
 .text.fputs    0x0000bec2       0x2c d:/nxp/mcuxpressoide_11.4.0_6224/ide/plugins/com.nxp.mcuxpresso.tools.win32_11.4.0.202103011116/tools/bin/../lib/gcc/arm-none-eabi/10.2.1/../../../../arm-none-eabi/lib/thumb/v7e-m+fp/hard\libcr_c.a(fputs.o)
                0x0000bec2                fputs
 .text.no_fp_display
                0x0000beee        0x4 d:/nxp/mcuxpressoide_11.4.0_6224/ide/plugins/com.nxp.mcuxpresso.tools.win32_11.4.0.202103011116/tools/bin/../lib/gcc/arm-none-eabi/10.2.1/../../../../arm-none-eabi/lib/thumb/v7e-m+fp/hard\libcr_c.a(printf.o)
 .text.setvbuf  0x0000bef2       0x3e d:/nxp/mcuxpressoide_11.4.0_6224/ide/plugins/com.nxp.mcuxpresso.tools.win32_11.4.0.202103011116/tools/bin/../lib/gcc/arm-none-eabi/10.2.1/../../../../arm-none-eabi/lib/thumb/v7e-m+fp/hard\libcr_c.a(setvbuf.o)
                0x0000bef2                setvbuf
 .text.strlen   0x0000bf30       0x48 d:/nxp/mcuxpressoide_11.4.0_6224/ide/plugins/com.nxp.mcuxpresso.tools.win32_11.4.0.202103011116/tools/bin/../lib/gcc/arm-none-eabi/10.2.1/../../../../arm-none-eabi/lib/thumb/v7e-m+fp/hard\libcr_c.a(strlen.o)
                0x0000bf30                strlen
 .text._fdopen  0x0000bf78       0x68 d:/nxp/mcuxpressoide_11.4.0_6224/ide/plugins/com.nxp.mcuxpresso.tools.win32_11.4.0.202103011116/tools/bin/../lib/gcc/arm-none-eabi/10.2.1/../../../../arm-none-eabi/lib/thumb/v7e-m+fp/hard\libcr_c.a(_fdopen.o)
                0x0000bf78                _fdopen
 .text.fclose   0x0000bfe0       0x58 d:/nxp/mcuxpressoide_11.4.0_6224/ide/plugins/com.nxp.mcuxpresso.tools.win32_11.4.0.202103011116/tools/bin/../lib/gcc/arm-none-eabi/10.2.1/../../../../arm-none-eabi/lib/thumb/v7e-m+fp/hard\libcr_c.a(fclose.o)
                0x0000bfe0                fclose
 .text.remove   0x0000c038       0x14 d:/nxp/mcuxpressoide_11.4.0_6224/ide/plugins/com.nxp.mcuxpresso.tools.win32_11.4.0.202103011116/tools/bin/../lib/gcc/arm-none-eabi/10.2.1/../../../../arm-none-eabi/lib/thumb/v7e-m+fp/hard\libcr_c.a(remove.o)
                0x0000c038                remove
 .text._do_fflush
                0x0000c04c       0x40 d:/nxp/mcuxpressoide_11.4.0_6224/ide/plugins/com.nxp.mcuxpresso.tools.win32_11.4.0.202103011116/tools/bin/../lib/gcc/arm-none-eabi/10.2.1/../../../../arm-none-eabi/lib/thumb/v7e-m+fp/hard\libcr_c.a(_do_fflush.o)
                0x0000c04c                _do_fflush
 .text.__aeabi_division_uldivmod
                0x0000c08c      0x174 d:/nxp/mcuxpressoide_11.4.0_6224/ide/plugins/com.nxp.mcuxpresso.tools.win32_11.4.0.202103011116/tools/bin/../lib/gcc/arm-none-eabi/10.2.1/thumb/v7e-m+fp/hard\libcr_eabihelpers.a(division_64.o)
                0x0000c08c                __aeabi_uldivmod
                0x0000c090                __bhs_ldivmod1
 .text.__aeabi_division_idiv0
                0x0000c200        0x2 d:/nxp/mcuxpressoide_11.4.0_6224/ide/plugins/com.nxp.mcuxpresso.tools.win32_11.4.0.202103011116/tools/bin/../lib/gcc/arm-none-eabi/10.2.1/thumb/v7e-m+fp/hard\libcr_eabihelpers.a(division_idiv0.o)
                0x0000c200                __aeabi_idiv0
 .text.__aeabi_memcpy
                0x0000c202       0x34 d:/nxp/mcuxpressoide_11.4.0_6224/ide/plugins/com.nxp.mcuxpresso.tools.win32_11.4.0.202103011116/tools/bin/../lib/gcc/arm-none-eabi/10.2.1/thumb/v7e-m+fp/hard\libcr_eabihelpers.a(memcpy.o)
                0x0000c202                __aeabi_memcpy
                0x0000c20c                __aeabi_memcpy8
                0x0000c20c                __aeabi_memcpy4
 .text.__aeabi_memset_lowlevel
                0x0000c236       0x32 d:/nxp/mcuxpressoide_11.4.0_6224/ide/plugins/com.nxp.mcuxpresso.tools.win32_11.4.0.202103011116/tools/bin/../lib/gcc/arm-none-eabi/10.2.1/thumb/v7e-m+fp/hard\libcr_eabihelpers.a(memcpy.o)
                0x0000c236                __aeabi_lowlevel_memset
 .text.__sys_close
                0x0000c268        0xc d:/nxp/mcuxpressoide_11.4.0_6224/ide/plugins/com.nxp.mcuxpresso.tools.win32_11.4.0.202103011116/tools/bin/../lib/gcc/arm-none-eabi/10.2.1/../../../../arm-none-eabi/lib/thumb/v7e-m+fp/hard\libcr_semihost_nf.a(__sys_close.o)
                0x0000c268                __sys_close
 .text.__sys_flen
                0x0000c274        0xc d:/nxp/mcuxpressoide_11.4.0_6224/ide/plugins/com.nxp.mcuxpresso.tools.win32_11.4.0.202103011116/tools/bin/../lib/gcc/arm-none-eabi/10.2.1/../../../../arm-none-eabi/lib/thumb/v7e-m+fp/hard\libcr_semihost_nf.a(__sys_flen.o)
                0x0000c274                __sys_flen
 .text.__sys_istty
                0x0000c280        0xc d:/nxp/mcuxpressoide_11.4.0_6224/ide/plugins/com.nxp.mcuxpresso.tools.win32_11.4.0.202103011116/tools/bin/../lib/gcc/arm-none-eabi/10.2.1/../../../../arm-none-eabi/lib/thumb/v7e-m+fp/hard\libcr_semihost_nf.a(__sys_istty.o)
                0x0000c280                __sys_istty
 .text.__sys_remove
                0x0000c28c        0xc d:/nxp/mcuxpressoide_11.4.0_6224/ide/plugins/com.nxp.mcuxpresso.tools.win32_11.4.0.202103011116/tools/bin/../lib/gcc/arm-none-eabi/10.2.1/../../../../arm-none-eabi/lib/thumb/v7e-m+fp/hard\libcr_semihost_nf.a(__sys_remove.o)
                0x0000c28c                __sys_remove
 .text.__sys_seek
                0x0000c298        0xc d:/nxp/mcuxpressoide_11.4.0_6224/ide/plugins/com.nxp.mcuxpresso.tools.win32_11.4.0.202103011116/tools/bin/../lib/gcc/arm-none-eabi/10.2.1/../../../../arm-none-eabi/lib/thumb/v7e-m+fp/hard\libcr_semihost_nf.a(__sys_seek.o)
                0x0000c298                __sys_seek
 .text.__sys_tmpnam
                0x0000c2a4        0xc d:/nxp/mcuxpressoide_11.4.0_6224/ide/plugins/com.nxp.mcuxpresso.tools.win32_11.4.0.202103011116/tools/bin/../lib/gcc/arm-none-eabi/10.2.1/../../../../arm-none-eabi/lib/thumb/v7e-m+fp/hard\libcr_semihost_nf.a(__sys_tmpnam.o)
                0x0000c2a4                __sys_tmpnam
 .text.__sys_write
                0x0000c2b0        0xc d:/nxp/mcuxpressoide_11.4.0_6224/ide/plugins/com.nxp.mcuxpresso.tools.win32_11.4.0.202103011116/tools/bin/../lib/gcc/arm-none-eabi/10.2.1/../../../../arm-none-eabi/lib/thumb/v7e-m+fp/hard\libcr_semihost_nf.a(__sys_write.o)
                0x0000c2b0                __sys_write
 *(SORT_BY_ALIGNMENT(.rodata) SORT_BY_ALIGNMENT(.rodata.*) SORT_BY_ALIGNMENT(.constdata) SORT_BY_ALIGNMENT(.constdata.*))
 .rodata.s_UsbDeviceStandardRequest
                0x0000c2bc       0x34 ./usb/device/source/usb_device_ch9.o
 .rodata.s_UsbDeviceKhciInterface
                0x0000c2f0       0x18 ./usb/device/source/usb_device_dci.o
 .rodata.s_UsbDeviceClassInterfaceMap
                0x0000c308       0x20 ./usb/device/class/usb_device_class.o
 .rodata.USB_DeviceInterface0CicVcomCallback.str1.4
                0x0000c328       0x2e ./source/usb_device_interface_0_cic_vcom.o
 *fill*         0x0000c356        0x2 ff
 .rodata.ADC16_GetChannelConversionValue.str1.4
                0x0000c358       0x9c ./source/usbsss.o
 .rodata.CWJAP  0x0000c3f4       0x23 ./source/usbsss.o
                0x0000c3f4                CWJAP
 *fill*         0x0000c417        0x1 ff
 .rodata.CWJAP2
                0x0000c418       0x22 ./source/usbsss.o
                0x0000c418                CWJAP2
 *fill*         0x0000c43a        0x2 ff
 .rodata.CIFSR  0x0000c43c        0xb ./source/usbsss.o
                0x0000c43c                CIFSR
 *fill*         0x0000c447        0x1 ff
 .rodata.CIPMUX
                0x0000c448        0xe ./source/usbsss.o
                0x0000c448                CIPMUX
 *fill*         0x0000c456        0x2 ff
 .rodata.CIPSTART
                0x0000c458       0x2c ./source/usbsss.o
                0x0000c458                CIPSTART
 .rodata.CIPSTART2
                0x0000c484       0x2e ./source/usbsss.o
                0x0000c484                CIPSTART2
 *fill*         0x0000c4b2        0x2 ff
 .rodata.CWQAP  0x0000c4b4        0xb ./source/usbsss.o
                0x0000c4b4                CWQAP
 *fill*         0x0000c4bf        0x1 ff
 .rodata.CWMODE
                0x0000c4c0        0xe ./source/usbsss.o
                0x0000c4c0                CWMODE
 *fill*         0x0000c4ce        0x2 ff
 .rodata.ANS_CWQAP
                0x0000c4d0       0x11 ./source/usbsss.o
                0x0000c4d0                ANS_CWQAP
 *fill*         0x0000c4e1        0x3 ff
 .rodata.ANS_CWMODE
                0x0000c4e4       0x14 ./source/usbsss.o
                0x0000c4e4                ANS_CWMODE
 .rodata.ANS_CWJAP
                0x0000c4f8       0x45 ./source/usbsss.o
                0x0000c4f8                ANS_CWJAP
 *fill*         0x0000c53d        0x3 ff
 .rodata.ANS_CWJAP_ERROR_FAIL
                0x0000c540       0x12 ./source/usbsss.o
                0x0000c540                ANS_CWJAP_ERROR_FAIL
 *fill*         0x0000c552        0x2 ff
 .rodata.ANS_CWJAP2
                0x0000c554       0x44 ./source/usbsss.o
                0x0000c554                ANS_CWJAP2
 .rodata.ANS_CIPMUX
                0x0000c598       0x14 ./source/usbsss.o
                0x0000c598                ANS_CIPMUX
 .rodata.ANS_CIPSTART
                0x0000c5ac       0x3b ./source/usbsss.o
                0x0000c5ac                ANS_CIPSTART
 *fill*         0x0000c5e7        0x1 ff
 .rodata.ANS_CIPSTART_ERROR
                0x0000c5e8       0x48 ./source/usbsss.o
                0x0000c5e8                ANS_CIPSTART_ERROR
 .rodata.ANS_CIPSTART2
                0x0000c630       0x3d ./source/usbsss.o
                0x0000c630                ANS_CIPSTART2
 *fill*         0x0000c66d        0x3 ff
 .rodata.ANS_CIPSTART2_ERROR
                0x0000c670       0x4a ./source/usbsss.o
                0x0000c670                ANS_CIPSTART2_ERROR
 *fill*         0x0000c6ba        0x2 ff
 .rodata.CIFSR_STAIP
                0x0000c6bc        0xe ./source/usbsss.o
                0x0000c6bc                CIFSR_STAIP
 *fill*         0x0000c6ca        0x2 ff
 .rodata.OK     0x0000c6cc        0x7 ./source/usbsss.o
                0x0000c6cc                OK
 *fill*         0x0000c6d3        0x1 ff
 .rodata.CIPSEND_1
                0x0000c6d4        0xc ./source/usbsss.o
                0x0000c6d4                CIPSEND_1
 .rodata.CIPSEND_2
                0x0000c6e0        0xa ./source/usbsss.o
                0x0000c6e0                CIPSEND_2
 *fill*         0x0000c6ea        0x2 ff
 .rodata.CIPSEND_3
                0x0000c6ec        0x6 ./source/usbsss.o
                0x0000c6ec                CIPSEND_3
 *fill*         0x0000c6f2        0x2 ff
 .rodata.CIPSEND_4
                0x0000c6f4       0x14 ./source/usbsss.o
                0x0000c6f4                CIPSEND_4
 .rodata.IPD    0x0000c708        0x5 ./source/usbsss.o
                0x0000c708                IPD
 *fill*         0x0000c70d        0x3 ff
 .rodata.POS_SENSORES
                0x0000c710       0x28 ./source/usbsss.o
                0x0000c710                POS_SENSORES
 .rodata.s_adc16Bases
                0x0000c738        0x8 ./drivers/fsl_adc16.o
 .rodata.s_adc16Clocks
                0x0000c740        0x8 ./drivers/fsl_adc16.o
 .rodata.ADC16_GetInstance.str1.4
                0x0000c748       0x36 ./drivers/fsl_adc16.o
 *fill*         0x0000c77e        0x2 ff
 .rodata.ADC16_Init.str1.4
                0x0000c780       0x21 ./drivers/fsl_adc16.o
 *fill*         0x0000c7a1        0x3 ff
 .rodata.ADC16_SetChannelConfig.str1.4
                0x0000c7a4       0x52 ./drivers/fsl_adc16.o
 *fill*         0x0000c7f6        0x2 ff
 .rodata.CLOCK_GetMcgExtClkFreq.str1.4
                0x0000c7f8       0x4e ./drivers/fsl_clock.o
 *fill*         0x0000c846        0x2 ff
 .rodata.CLOCK_GetOsc0ErClkFreq.str1.4
                0x0000c848       0x1f ./drivers/fsl_clock.o
 *fill*         0x0000c867        0x1 ff
 .rodata.CLOCK_GetEr32kClkFreq.str1.4
                0x0000c868       0x20 ./drivers/fsl_clock.o
 .rodata.CLOCK_GetPll0Freq.str1.4
                0x0000c888       0x1e ./drivers/fsl_clock.o
 *fill*         0x0000c8a6        0x2 ff
 .rodata.CLOCK_EnablePll0.str1.4
                0x0000c8a8       0x1b ./drivers/fsl_clock.o
 *fill*         0x0000c8c3        0x1 ff
 .rodata.CLOCK_SetPbeMode.str1.4
                0x0000c8c4       0x1b ./drivers/fsl_clock.o
 *fill*         0x0000c8df        0x1 ff
 .rodata.CLOCK_BootToPeeMode.str1.4
                0x0000c8e0       0x1b ./drivers/fsl_clock.o
 *fill*         0x0000c8fb        0x1 ff
 .rodata.fllFactorTable.1
                0x0000c8fc       0x10 ./drivers/fsl_clock.o
 .rodata.SDK_DelayAtLeastUs.str1.4
                0x0000c90c       0x2c ./drivers/fsl_common_arm.o
 .rodata.s_ftmBases
                0x0000c938       0x10 ./drivers/fsl_ftm.o
 .rodata.s_ftmClocks
                0x0000c948       0x10 ./drivers/fsl_ftm.o
 .rodata.FTM_GetInstance.str1.4
                0x0000c958       0x29 ./drivers/fsl_ftm.o
 *fill*         0x0000c981        0x3 ff
 .rodata.FTM_SetPwmSync.str1.4
                0x0000c984       0x3b ./drivers/fsl_ftm.o
 *fill*         0x0000c9bf        0x1 ff
 .rodata.FTM_SetReloadPoints.str1.4
                0x0000c9c0       0x21 ./drivers/fsl_ftm.o
 *fill*         0x0000c9e1        0x3 ff
 .rodata.FTM_Init.str1.4
                0x0000c9e4       0x18 ./drivers/fsl_ftm.o
 .rodata.FTM_SetupPwmMode.str1.4
                0x0000c9fc       0x9b ./drivers/fsl_ftm.o
 *fill*         0x0000ca97        0x1 ff
 .rodata.GPIO_PinInit.str1.4
                0x0000ca98       0x21 ./drivers/fsl_gpio.o
 *fill*         0x0000cab9        0x3 ff
 .rodata.PIT_GetInstance.str1.4
                0x0000cabc       0x32 ./drivers/fsl_pit.o
 *fill*         0x0000caee        0x2 ff
 .rodata.PIT_Init.str1.4
                0x0000caf0       0x1f ./drivers/fsl_pit.o
 *fill*         0x0000cb0f        0x1 ff
 .rodata.s_uartBases
                0x0000cb10       0x18 ./drivers/fsl_uart.o
 .rodata.s_uartClock
                0x0000cb28       0x18 ./drivers/fsl_uart.o
 .rodata.UART_GetInstance.str1.4
                0x0000cb40       0x2c ./drivers/fsl_uart.o
 .rodata.UART_Init.str1.4
                0x0000cb6c      0x104 ./drivers/fsl_uart.o
 .rodata.OSA_MutexCreate.str1.4
                0x0000cc70       0x2b ./component/osa/fsl_os_abstraction_bm.o
 *fill*         0x0000cc9b        0x1 ff
 .rodata.OSA_MutexDestroy.str1.4
                0x0000cc9c       0x2b ./component/osa/fsl_os_abstraction_bm.o
 *fill*         0x0000ccc7        0x1 ff
 .rodata.mcgConfig_BOARD_BootClockRUN
                0x0000ccc8        0xb ./board/clock_config.o
                0x0000ccc8                mcgConfig_BOARD_BootClockRUN
 *fill*         0x0000ccd3        0x1 ff
 .rodata.simConfig_BOARD_BootClockRUN
                0x0000ccd4        0x8 ./board/clock_config.o
                0x0000ccd4                simConfig_BOARD_BootClockRUN
 .rodata.oscConfig_BOARD_BootClockRUN
                0x0000ccdc        0x8 ./board/clock_config.o
                0x0000ccdc                oscConfig_BOARD_BootClockRUN
 .rodata.PIT_SetTimerPeriod.str1.4
                0x0000cce4       0x62 ./board/peripherals.o
 *fill*         0x0000cd46        0x2 ff
 .rodata.UART3_config
                0x0000cd48       0x10 ./board/peripherals.o
                0x0000cd48                UART3_config
 .rodata.PIT_config
                0x0000cd58        0x1 ./board/peripherals.o
                0x0000cd58                PIT_config
 *fill*         0x0000cd59        0x3 ff
 .rodata.FTM0_config
                0x0000cd5c       0x1c ./board/peripherals.o
                0x0000cd5c                FTM0_config
 .rodata.FTM0_pwmSignalParams
                0x0000cd78       0x20 ./board/peripherals.o
                0x0000cd78                FTM0_pwmSignalParams
 .rodata.ADC0_config
                0x0000cd98        0xa ./board/peripherals.o
                0x0000cd98                ADC0_config
 *fill*         0x0000cda2        0x2 ff
 .rodata.ADC1_config
                0x0000cda4        0xa ./board/peripherals.o
                0x0000cda4                ADC1_config
 *fill*         0x0000cdae        0x2 ff
 .rodata.PORT_SetPinConfig.str1.4
                0x0000cdb0       0x5e ./board/pin_mux.o
 *fill*         0x0000ce0e        0x2 ff
 .rodata        0x0000ce10        0x2 ./board/pin_mux.o
 *fill*         0x0000ce12        0x2 ff
 .rodata.__num_Ciob_streams
                0x0000ce14        0x4 d:/nxp/mcuxpressoide_11.4.0_6224/ide/plugins/com.nxp.mcuxpresso.tools.win32_11.4.0.202103011116/tools/bin/../lib/gcc/arm-none-eabi/10.2.1/../../../../arm-none-eabi/lib/thumb/v7e-m+fp/hard\libcr_semihost_nf.a(__ciob.o)
                0x0000ce14                __num_Ciob_streams
 .rodata.__assertion_failed.str1.1
                0x0000ce18       0x15 d:/nxp/mcuxpressoide_11.4.0_6224/ide/plugins/com.nxp.mcuxpresso.tools.win32_11.4.0.202103011116/tools/bin/../lib/gcc/arm-none-eabi/10.2.1/../../../../arm-none-eabi/lib/thumb/v7e-m+fp/hard\libcr_semihost_nf.a(_cr_assert.o)
 .rodata._Csys_alloc.str1.1
                0x0000ce2d       0x18 d:/nxp/mcuxpressoide_11.4.0_6224/ide/plugins/com.nxp.mcuxpresso.tools.win32_11.4.0.202103011116/tools/bin/../lib/gcc/arm-none-eabi/10.2.1/../../../../arm-none-eabi/lib/thumb/v7e-m+fp/hard\libcr_c.a(alloc.o)
 .rodata._initio.str1.1
                0x0000ce45        0x4 d:/nxp/mcuxpressoide_11.4.0_6224/ide/plugins/com.nxp.mcuxpresso.tools.win32_11.4.0.202103011116/tools/bin/../lib/gcc/arm-none-eabi/10.2.1/../../../../arm-none-eabi/lib/thumb/v7e-m+fp/hard\libcr_c.a(initio.o)
 .rodata.__vfprintf.str1.1
                0x0000ce49       0x35 d:/nxp/mcuxpressoide_11.4.0_6224/ide/plugins/com.nxp.mcuxpresso.tools.win32_11.4.0.202103011116/tools/bin/../lib/gcc/arm-none-eabi/10.2.1/../../../../arm-none-eabi/lib/thumb/v7e-m+fp/hard\libcr_c.a(printf.o)
                                 0x38 (size before relaxing)
                0x0000ce80                . = ALIGN (0x8)
 *fill*         0x0000ce7e        0x2 ff

.glue_7         0x0000ce80        0x0
 .glue_7        0x0000ce80        0x0 linker stubs

.glue_7t        0x0000ce80        0x0
 .glue_7t       0x0000ce80        0x0 linker stubs

.vfp11_veneer   0x0000ce80        0x0
 .vfp11_veneer  0x0000ce80        0x0 linker stubs

.v4_bx          0x0000ce80        0x0
 .v4_bx         0x0000ce80        0x0 linker stubs

.iplt           0x0000ce80        0x0
 .iplt          0x0000ce80        0x0 ./usb/device/source/khci/usb_device_khci.o

.rel.dyn        0x0000ce80        0x0
 .rel.iplt      0x0000ce80        0x0 ./usb/device/source/khci/usb_device_khci.o

.ARM.extab
 *(SORT_BY_ALIGNMENT(.ARM.extab*) SORT_BY_ALIGNMENT(.gnu.linkonce.armextab.*))

.ARM.exidx      0x0000ce80        0x0
                0x0000ce80                __exidx_start = .
 *(SORT_BY_ALIGNMENT(.ARM.exidx*) SORT_BY_ALIGNMENT(.gnu.linkonce.armexidx.*))
                0x0000ce80                __exidx_end = .
                0x0000ce80                _etext = .

.m_usb_data
 *(SORT_BY_ALIGNMENT(m_usb_bdt))

.data_RAM2      0x1fff0000        0x0 load address 0x0000ce80
 FILL mask 0xff
                [!provide]                PROVIDE (__start_data_RAM2 = .)
                [!provide]                PROVIDE (__start_data_SRAM_LOWER = .)
 *(SORT_BY_ALIGNMENT(.ramfunc.$RAM2))
 *(SORT_BY_ALIGNMENT(.ramfunc.$SRAM_LOWER))
 *(SORT_BY_ALIGNMENT(.data.$RAM2))
 *(SORT_BY_ALIGNMENT(.data.$SRAM_LOWER))
 *(SORT_BY_ALIGNMENT(.data.$RAM2.*))
 *(SORT_BY_ALIGNMENT(.data.$SRAM_LOWER.*))
                0x1fff0000                . = ALIGN (0x8)
                [!provide]                PROVIDE (__end_data_RAM2 = .)
                [!provide]                PROVIDE (__end_data_SRAM_LOWER = .)

.data_RAM3      0x14000000        0x0 load address 0x0000ce80
 FILL mask 0xff
                [!provide]                PROVIDE (__start_data_RAM3 = .)
                [!provide]                PROVIDE (__start_data_FLEX_RAM = .)
 *(SORT_BY_ALIGNMENT(.ramfunc.$RAM3))
 *(SORT_BY_ALIGNMENT(.ramfunc.$FLEX_RAM))
 *(SORT_BY_ALIGNMENT(.data.$RAM3))
 *(SORT_BY_ALIGNMENT(.data.$FLEX_RAM))
 *(SORT_BY_ALIGNMENT(.data.$RAM3.*))
 *(SORT_BY_ALIGNMENT(.data.$FLEX_RAM.*))
                0x14000000                . = ALIGN (0x8)
                [!provide]                PROVIDE (__end_data_RAM3 = .)
                [!provide]                PROVIDE (__end_data_FLEX_RAM = .)

.uninit_RESERVED
                0x20000000        0x0
                0x20000000                _start_uninit_RESERVED = .
 *(SORT_BY_ALIGNMENT(.bss.$RESERVED*))
                0x20000000                . = ALIGN (0x8)
                0x20000000                _end_uninit_RESERVED = .

.data           0x20000000      0x198 load address 0x0000ce80
 FILL mask 0xff
                0x20000000                _data = .
                [!provide]                PROVIDE (__start_data_RAM = .)
                [!provide]                PROVIDE (__start_data_SRAM_UPPER = .)
 *(SORT_BY_ALIGNMENT(vtable))
 *(SORT_BY_ALIGNMENT(.ramfunc*))
 *(SORT_BY_ALIGNMENT(CodeQuickAccess))
 *(SORT_BY_ALIGNMENT(DataQuickAccess))
 *(SORT_BY_ALIGNMENT(RamFunction))
 *(SORT_BY_ALIGNMENT(.data*))
 .data.s_UsbDeviceInterfaceNullConfig
                0x20000000        0x8 ./source/generated/usb_device_composite.o
 .data.g_CompositeClassConfig
                0x20000008       0x18 ./source/generated/usb_device_composite.o
                0x20000008                g_CompositeClassConfig
 .data.g_UsbDeviceCompositeConfigList
                0x20000020        0xc ./source/generated/usb_device_composite.o
                0x20000020                g_UsbDeviceCompositeConfigList
 .data.g_UsbDeviceInterface0CicVcomSetting0DefaultEndpoints
                0x2000002c        0x6 ./source/generated/usb_device_descriptor.o
                0x2000002c                g_UsbDeviceInterface0CicVcomSetting0DefaultEndpoints
 *fill*         0x20000032        0x2 ff
 .data.g_UsbDeviceInterface0CicVcomInterface
                0x20000034       0x10 ./source/generated/usb_device_descriptor.o
                0x20000034                g_UsbDeviceInterface0CicVcomInterface
 .data.g_UsbDeviceInterface1DicVcomSetting0DefaultEndpoints
                0x20000044        0xc ./source/generated/usb_device_descriptor.o
                0x20000044                g_UsbDeviceInterface1DicVcomSetting0DefaultEndpoints
 .data.g_UsbDeviceInterface1DicVcomInterface
                0x20000050       0x10 ./source/generated/usb_device_descriptor.o
                0x20000050                g_UsbDeviceInterface1DicVcomInterface
 .data.g_UsbDeviceInterface0CicVcomInterfaces
                0x20000060       0x18 ./source/generated/usb_device_descriptor.o
                0x20000060                g_UsbDeviceInterface0CicVcomInterfaces
 .data.g_UsbDeviceInterface0CicVcomInterfaceList
                0x20000078        0x8 ./source/generated/usb_device_descriptor.o
                0x20000078                g_UsbDeviceInterface0CicVcomInterfaceList
 .data.g_UsbDeviceInterface0CicVcomConfig
                0x20000080        0x8 ./source/generated/usb_device_descriptor.o
                0x20000080                g_UsbDeviceInterface0CicVcomConfig
 .data.g_UsbDeviceDescriptor
                0x20000088       0x12 ./source/generated/usb_device_descriptor.o
                0x20000088                g_UsbDeviceDescriptor
 *fill*         0x2000009a        0x2 ff
 .data.g_UsbDeviceConfigurationDescriptor
                0x2000009c       0x4b ./source/generated/usb_device_descriptor.o
                0x2000009c                g_UsbDeviceConfigurationDescriptor
 *fill*         0x200000e7        0x1 ff
 .data.g_UsbDeviceString0
                0x200000e8        0x4 ./source/generated/usb_device_descriptor.o
                0x200000e8                g_UsbDeviceString0
 .data.g_UsbDeviceString1
                0x200000ec        0x8 ./source/generated/usb_device_descriptor.o
                0x200000ec                g_UsbDeviceString1
 .data.g_UsbDeviceString2
                0x200000f4        0xa ./source/generated/usb_device_descriptor.o
                0x200000f4                g_UsbDeviceString2
 *fill*         0x200000fe        0x2 ff
 .data.g_UsbDeviceStringDescriptorLength
                0x20000100        0xc ./source/generated/usb_device_descriptor.o
                0x20000100                g_UsbDeviceStringDescriptorLength
 .data.g_UsbDeviceStringDescriptorArray
                0x2000010c        0xc ./source/generated/usb_device_descriptor.o
                0x2000010c                g_UsbDeviceStringDescriptorArray
 .data.g_UsbDeviceLanguage
                0x20000118        0xc ./source/generated/usb_device_descriptor.o
                0x20000118                g_UsbDeviceLanguage
 .data.g_UsbDeviceLanguageList
                0x20000124       0x10 ./source/generated/usb_device_descriptor.o
                0x20000124                g_UsbDeviceLanguageList
 .data.s_lineCoding
                0x20000134        0x7 ./source/usb_device_interface_0_cic_vcom.o
 *fill*         0x2000013b        0x1 ff
 .data.s_slowIrcFreq
                0x2000013c        0x4 ./drivers/fsl_clock.o
 .data.s_fastIrcFreq
                0x20000140        0x4 ./drivers/fsl_clock.o
 .data.SystemCoreClock
                0x20000144        0x4 ./device/system_MK64F12.o
                0x20000144                SystemCoreClock
 .data.ADC0_channelsConfig
                0x20000148       0x20 ./board/peripherals.o
                0x20000148                ADC0_channelsConfig
 .data.ADC1_channelsConfig
                0x20000168       0x20 ./board/peripherals.o
                0x20000168                ADC1_channelsConfig
 .data.timeoutPrueba
                0x20000188        0x2 ./source/usbsss.o
                0x20000188                timeoutPrueba
 .data.timemotor
                0x2000018a        0x2 ./source/usbsss.o
                0x2000018a                timemotor
 .data.readyToSend
                0x2000018c        0x1 ./source/usbsss.o
                0x2000018c                readyToSend
 .data.parte1   0x2000018d        0x1 ./source/usbsss.o
                0x2000018d                parte1
 .data.timeoutESP
                0x2000018e        0x1 ./source/usbsss.o
                0x2000018e                timeoutESP
 .data.timeoutRead
                0x2000018f        0x1 ./source/usbsss.o
                0x2000018f                timeoutRead
 .data.timeoutADC
                0x20000190        0x1 ./source/usbsss.o
                0x20000190                timeoutADC
 .data.timeoutADCError
                0x20000191        0x1 ./source/usbsss.o
                0x20000191                timeoutADCError
 .data.timeoutPID
                0x20000192        0x1 ./source/usbsss.o
                0x20000192                timeoutPID
 .data.timeoutStop
                0x20000193        0x1 ./source/usbsss.o
                0x20000193                timeoutStop
                0x20000198                . = ALIGN (0x8)
 *fill*         0x20000194        0x4 ff
                0x20000198                _edata = .
                [!provide]                PROVIDE (__end_data_RAM = .)
                [!provide]                PROVIDE (__end_data_SRAM_UPPER = .)

.igot.plt       0x20000198        0x0 load address 0x0000d018
 .igot.plt      0x20000198        0x0 ./usb/device/source/khci/usb_device_khci.o

.bss_RAM2       0x1fff0000        0x0
                [!provide]                PROVIDE (__start_bss_RAM2 = .)
                [!provide]                PROVIDE (__start_bss_SRAM_LOWER = .)
 *(SORT_BY_ALIGNMENT(.bss.$RAM2))
 *(SORT_BY_ALIGNMENT(.bss.$SRAM_LOWER))
 *(SORT_BY_ALIGNMENT(.bss.$RAM2.*))
 *(SORT_BY_ALIGNMENT(.bss.$SRAM_LOWER.*))
                0x1fff0000                . = ALIGN ((. != 0x0)?0x8:0x1)
                [!provide]                PROVIDE (__end_bss_RAM2 = .)
                [!provide]                PROVIDE (__end_bss_SRAM_LOWER = .)

.bss_RAM3       0x14000000        0x0
                [!provide]                PROVIDE (__start_bss_RAM3 = .)
                [!provide]                PROVIDE (__start_bss_FLEX_RAM = .)
 *(SORT_BY_ALIGNMENT(.bss.$RAM3))
 *(SORT_BY_ALIGNMENT(.bss.$FLEX_RAM))
 *(SORT_BY_ALIGNMENT(.bss.$RAM3.*))
 *(SORT_BY_ALIGNMENT(.bss.$FLEX_RAM.*))
                0x14000000                . = ALIGN ((. != 0x0)?0x8:0x1)
                [!provide]                PROVIDE (__end_bss_RAM3 = .)
                [!provide]                PROVIDE (__end_bss_FLEX_RAM = .)

.bss            0x20000200      0xb60
                0x20000200                _bss = .
                [!provide]                PROVIDE (__start_bss_RAM = .)
                [!provide]                PROVIDE (__start_bss_SRAM_UPPER = .)
 *(SORT_BY_ALIGNMENT(.bss*))
 .bss.s_UsbDeviceKhciBdtBuffer
                0x20000200      0x200 ./usb/device/source/khci/usb_device_khci.o
 .bss.g_UsbDeviceComposite
                0x20000400       0x28 ./source/generated/usb_device_composite.o
                0x20000400                g_UsbDeviceComposite
 .bss.s_UsbDeviceKhciState
                0x20000428       0x84 ./usb/device/source/khci/usb_device_khci.o
 .bss.s_UsbDeviceKhciDmaAlignBuffer
                0x200004ac       0x40 ./usb/device/source/khci/usb_device_khci.o
 .bss.s_UsbDevice
                0x200004ec       0x58 ./usb/device/source/usb_device_dci.o
 .bss.g_cdcAcmHandle
                0x20000544       0x50 ./usb/device/class/cdc/usb_device_cdc_acm.o
 .bss.s_UsbDeviceCommonClassStruct
                0x20000594       0x10 ./usb/device/class/usb_device_class.o
 .bss.s_UsbDeviceSetupBuffer
                0x200005a4        0x8 ./usb/device/class/usb_device_class.o
 .bss.s_abstractState
                0x200005ac        0x2 ./source/usb_device_interface_0_cic_vcom.o
 *fill*         0x200005ae        0x2 
 .bss.s_countryCode
                0x200005b0        0x2 ./source/usb_device_interface_0_cic_vcom.o
 *fill*         0x200005b2        0x2 
 .bss.s_usbCdcAcmInfo
                0x200005b4       0x12 ./source/usb_device_interface_0_cic_vcom.o
 *fill*         0x200005c6        0x2 
 .bss.s_currRecvBuf
                0x200005c8       0x40 ./source/usb_device_interface_0_cic_vcom.o
 .bss.s_recvSize
                0x20000608        0x4 ./source/usb_device_interface_0_cic_vcom.o
 .bss.s_UsbDeviceComposite
                0x2000060c        0x4 ./source/usb_device_interface_0_cic_vcom.o
 .bss.s_UsbInterface0CicVcom
                0x20000610        0x8 ./source/usb_device_interface_0_cic_vcom.o
 .bss.ringRx    0x20000618        0xc ./source/usbsss.o
                0x20000618                ringRx
 .bss.ringTx    0x20000624        0x7 ./source/usbsss.o
                0x20000624                ringTx
 *fill*         0x2000062b        0x1 
 .bss.espRx     0x2000062c        0xc ./source/usbsss.o
                0x2000062c                espRx
 .bss.espTx     0x20000638        0x7 ./source/usbsss.o
                0x20000638                espTx
 *fill*         0x2000063f        0x1 
 .bss.rxBuf     0x20000640      0x100 ./source/usbsss.o
                0x20000640                rxBuf
 .bss.txBuf     0x20000740      0x100 ./source/usbsss.o
                0x20000740                txBuf
 .bss.rxEspBuf  0x20000840      0x100 ./source/usbsss.o
                0x20000840                rxEspBuf
 .bss.txEspBuf  0x20000940      0x100 ./source/usbsss.o
                0x20000940                txEspBuf
 .bss.flag1     0x20000a40        0x1 ./source/usbsss.o
                0x20000a40                flag1
 *fill*         0x20000a41        0x3 
 .bss.flag2     0x20000a44        0x1 ./source/usbsss.o
                0x20000a44                flag2
 *fill*         0x20000a45        0x3 
 .bss.flag3     0x20000a48        0x1 ./source/usbsss.o
                0x20000a48                flag3
 *fill*         0x20000a49        0x3 
 .bss.PWM1      0x20000a4c        0x4 ./source/usbsss.o
                0x20000a4c                PWM1
 .bss.PWM2      0x20000a50        0x4 ./source/usbsss.o
                0x20000a50                PWM2
 .bss.bufADC    0x20000a54       0x24 ./source/usbsss.o
                0x20000a54                bufADC
 .bss.bufADCCAL
                0x20000a78       0x24 ./source/usbsss.o
                0x20000a78                bufADCCAL
 .bss.AUXTOSEND
                0x20000a9c       0x24 ./source/usbsss.o
                0x20000a9c                AUXTOSEND
 .bss.errorcito
                0x20000ac0        0x4 ./source/usbsss.o
                0x20000ac0                errorcito
 .bss.kp        0x20000ac4        0x4 ./source/usbsss.o
                0x20000ac4                kp
 .bss.kd        0x20000ac8        0x4 ./source/usbsss.o
                0x20000ac8                kd
 .bss.ki        0x20000acc        0x4 ./source/usbsss.o
                0x20000acc                ki
 .bss.espIP     0x20000ad0       0x14 ./source/usbsss.o
                0x20000ad0                espIP
 .bss.g_systickCounter
                0x20000ae4        0x4 ./source/usbsss.o
                0x20000ae4                g_systickCounter
 .bss.test      0x20000ae8      0x100 ./source/usbsss.o
                0x20000ae8                test
 .bss.Constante_Relacion
                0x20000be8       0x20 ./source/usbsss.o
                0x20000be8                Constante_Relacion
 .bss.integral  0x20000c08        0x4 ./source/usbsss.o
                0x20000c08                integral
 .bss.derivativo
                0x20000c0c        0x4 ./source/usbsss.o
                0x20000c0c                derivativo
 .bss.lastError
                0x20000c10        0x4 ./source/usbsss.o
                0x20000c10                lastError
 .bss.cuentapid
                0x20000c14        0x4 ./source/usbsss.o
                0x20000c14                cuentapid
 .bss.NUMERADOR
                0x20000c18        0x4 ./source/usbsss.o
                0x20000c18                NUMERADOR
 .bss.DENOMINADOR
                0x20000c1c        0x4 ./source/usbsss.o
                0x20000c1c                DENOMINADOR
 .bss.cuenta    0x20000c20        0x4 ./source/usbsss.o
                0x20000c20                cuenta
 .bss.fx2_x1    0x20000c24        0x4 ./source/usbsss.o
                0x20000c24                fx2_x1
 .bss.fx2_x3    0x20000c28        0x4 ./source/usbsss.o
                0x20000c28                fx2_x3
 .bss.x2_x1     0x20000c2c        0x4 ./source/usbsss.o
                0x20000c2c                x2_x1
 .bss.x2_x3     0x20000c30        0x4 ./source/usbsss.o
                0x20000c30                x2_x3
 .bss.x2_x1_Cuadrado
                0x20000c34        0x4 ./source/usbsss.o
                0x20000c34                x2_x1_Cuadrado
 .bss.x2_x3_Cuadrado
                0x20000c38        0x4 ./source/usbsss.o
                0x20000c38                x2_x3_Cuadrado
 .bss.valorsensormin
                0x20000c3c        0x4 ./source/usbsss.o