C:\Users\Lauta\Documents\MCUXpressoIDE_11.4.0_6224\workspace\usbsss\CMSIS/core_cm4.h:1809:22:__NVIC_SetPriority	16	static
C:\Users\Lauta\Documents\MCUXpressoIDE_11.4.0_6224\workspace\usbsss\CMSIS/core_cm4.h:2017:26:SysTick_Config	16	static
C:\Users\Lauta\Documents\MCUXpressoIDE_11.4.0_6224\workspace\usbsss\drivers/fsl_gpio.h:221:20:GPIO_PortToggle	16	static
C:\Users\Lauta\Documents\MCUXpressoIDE_11.4.0_6224\workspace\usbsss\drivers/fsl_uart.h:653:20:UART_WriteByte	16	static
C:\Users\Lauta\Documents\MCUXpressoIDE_11.4.0_6224\workspace\usbsss\drivers/fsl_uart.h:667:23:UART_ReadByte	16	static
C:\Users\Lauta\Documents\MCUXpressoIDE_11.4.0_6224\workspace\usbsss\drivers/fsl_pit.h:207:24:PIT_GetStatusFlags	16	static
C:\Users\Lauta\Documents\MCUXpressoIDE_11.4.0_6224\workspace\usbsss\drivers/fsl_pit.h:220:20:PIT_ClearStatusFlags	24	static
C:\Users\Lauta\Documents\MCUXpressoIDE_11.4.0_6224\workspace\usbsss\drivers/fsl_ftm.h:700:20:FTM_StartTimer	24	static
C:\Users\Lauta\Documents\MCUXpressoIDE_11.4.0_6224\workspace\usbsss\drivers/fsl_ftm.h:714:20:FTM_StopTimer	16	static
C:\Users\Lauta\Documents\MCUXpressoIDE_11.4.0_6224\workspace\usbsss\drivers/fsl_adc16.h:491:24:ADC16_GetChannelConversionValue	16	static
../source/usbsss.c:261:6:SysTick_Handler	4	static
../source/usbsss.c:267:6:Delay_ms	16	static
../source/usbsss.c:275:5:main	8	static
../source/usbsss.c:424:6:resetESP	8	static
../source/usbsss.c:443:6:CommandUdp	24	static
../source/usbsss.c:679:6:initESP	16	static
../source/usbsss.c:785:9:BusyESP	16	static
../source/usbsss.c:800:6:DecoEsp	8	static
../source/usbsss.c:1261:6:RecibirComandoESP	16	static
../source/usbsss.c:1334:6:ESP_UART3_SEND	8	static
../source/usbsss.c:1340:6:BanderasComandos	8	static
../source/usbsss.c:1361:6:LeerCabecera	16	static
../source/usbsss.c:1446:6:RecibirDatos	16	static
../source/usbsss.c:1469:6:EnviarDatos	24	static
../source/usbsss.c:1513:6:UART3_RX_TX_IRQHandler	24	static
../source/usbsss.c:1548:6:ADC0_IRQHandler	8	static
../source/usbsss.c:1569:6:ADC1_IRQHandler	8	static
../source/usbsss.c:1596:6:PIT1_IRQHandler	16	static
../source/usbsss.c:1656:6:PIT0_IRQHandler	16	static
