D:\Lauta\Documents\MCUXpressoIDE_11.4.0_6224\workspace\usbsss\CMSIS/core_cm4.h:1809:22:__NVIC_SetPriority	16	static
D:\Lauta\Documents\MCUXpressoIDE_11.4.0_6224\workspace\usbsss\CMSIS/core_cm4.h:2017:26:SysTick_Config	16	static
D:\Lauta\Documents\MCUXpressoIDE_11.4.0_6224\workspace\usbsss\drivers/fsl_gpio.h:221:20:GPIO_PortToggle	16	static
D:\Lauta\Documents\MCUXpressoIDE_11.4.0_6224\workspace\usbsss\drivers/fsl_uart.h:653:20:UART_WriteByte	16	static
D:\Lauta\Documents\MCUXpressoIDE_11.4.0_6224\workspace\usbsss\drivers/fsl_uart.h:667:23:UART_ReadByte	16	static
D:\Lauta\Documents\MCUXpressoIDE_11.4.0_6224\workspace\usbsss\drivers/fsl_pit.h:207:24:PIT_GetStatusFlags	16	static
D:\Lauta\Documents\MCUXpressoIDE_11.4.0_6224\workspace\usbsss\drivers/fsl_pit.h:220:20:PIT_ClearStatusFlags	24	static
D:\Lauta\Documents\MCUXpressoIDE_11.4.0_6224\workspace\usbsss\drivers/fsl_ftm.h:700:20:FTM_StartTimer	24	static
D:\Lauta\Documents\MCUXpressoIDE_11.4.0_6224\workspace\usbsss\drivers/fsl_ftm.h:714:20:FTM_StopTimer	16	static
D:\Lauta\Documents\MCUXpressoIDE_11.4.0_6224\workspace\usbsss\drivers/fsl_adc16.h:491:24:ADC16_GetChannelConversionValue	16	static
../source/usbsss.c:282:6:SysTick_Handler	4	static
../source/usbsss.c:288:6:Delay_ms	16	static
../source/usbsss.c:296:5:main	8	static
../source/usbsss.c:476:6:StopLinea	16	static
../source/usbsss.c:506:6:CalcularPID	24	static
../source/usbsss.c:593:6:CalibrarValores	16	static
../source/usbsss.c:600:6:EncontrarLinea	56	static
../source/usbsss.c:640:6:resetESP	8	static
../source/usbsss.c:659:6:CommandUdp	24	static
../source/usbsss.c:916:6:ADC_Calibracion	16	static
../source/usbsss.c:937:6:initESP	16	static
../source/usbsss.c:1043:9:BusyESP	16	static
../source/usbsss.c:1058:6:DecoEsp	8	static
../source/usbsss.c:1519:6:RecibirComandoESP	16	static
../source/usbsss.c:1620:6:ESP_UART3_SEND	8	static
../source/usbsss.c:1626:6:BanderasComandos	8	static
../source/usbsss.c:1647:6:LeerCabecera	16	static
../source/usbsss.c:1732:6:RecibirDatos	16	static
../source/usbsss.c:1755:6:EnviarDatos	24	static
../source/usbsss.c:1799:6:UART3_RX_TX_IRQHandler	24	static
../source/usbsss.c:1834:6:ADC0_IRQHandler	8	static
../source/usbsss.c:1855:6:ADC1_IRQHandler	8	static
../source/usbsss.c:1882:6:PIT1_IRQHandler	16	static
../source/usbsss.c:1942:6:PIT0_IRQHandler	16	static
