D:\Lauta\Documents\MCUXpressoIDE_11.4.0_6224\workspace\usbsss\CMSIS/core_cm4.h:1809:22:__NVIC_SetPriority	16	static
D:\Lauta\Documents\MCUXpressoIDE_11.4.0_6224\workspace\usbsss\CMSIS/core_cm4.h:2017:26:SysTick_Config	16	static
D:\Lauta\Documents\MCUXpressoIDE_11.4.0_6224\workspace\usbsss\drivers/fsl_gpio.h:221:20:GPIO_PortToggle	16	static
D:\Lauta\Documents\MCUXpressoIDE_11.4.0_6224\workspace\usbsss\drivers/fsl_uart.h:653:20:UART_WriteByte	16	static
D:\Lauta\Documents\MCUXpressoIDE_11.4.0_6224\workspace\usbsss\drivers/fsl_uart.h:667:23:UART_ReadByte	16	static
D:\Lauta\Documents\MCUXpressoIDE_11.4.0_6224\workspace\usbsss\drivers/fsl_pit.h:207:24:PIT_GetStatusFlags	16	static
D:\Lauta\Documents\MCUXpressoIDE_11.4.0_6224\workspace\usbsss\drivers/fsl_pit.h:220:20:PIT_ClearStatusFlags	24	static
../source/usbsss.c:225:6:SysTick_Handler	4	static
../source/usbsss.c:231:6:Delay_ms	16	static
../source/usbsss.c:239:5:main	8	static
../source/usbsss.c:329:6:resetESP	8	static
../source/usbsss.c:348:6:CommandUdp	16	static
../source/usbsss.c:380:6:initESP	8	static
../source/usbsss.c:458:9:BusyESP	16	static
../source/usbsss.c:473:6:DecoEsp	16	static
../source/usbsss.c:731:6:ESP_UART3_SEND	8	static
../source/usbsss.c:737:6:BanderasComandos	8	static
../source/usbsss.c:758:6:LeerCabecera	16	static
../source/usbsss.c:841:6:RecibirDatos	16	static
../source/usbsss.c:864:6:EnviarDatos	24	static
../source/usbsss.c:908:6:UART3_RX_TX_IRQHandler	24	static
../source/usbsss.c:942:6:PIT0_IRQHandler	16	static
