D:\Lauta\Documents\MCUXpressoIDE_11.4.0_6224\workspace\usbsss\drivers/fsl_uart.h:653:20:UART_WriteByte	16	static
D:\Lauta\Documents\MCUXpressoIDE_11.4.0_6224\workspace\usbsss\drivers/fsl_uart.h:667:23:UART_ReadByte	16	static
D:\Lauta\Documents\MCUXpressoIDE_11.4.0_6224\workspace\usbsss\drivers/fsl_pit.h:207:24:PIT_GetStatusFlags	16	static
D:\Lauta\Documents\MCUXpressoIDE_11.4.0_6224\workspace\usbsss\drivers/fsl_pit.h:220:20:PIT_ClearStatusFlags	24	static
../source/usbsss.c:181:5:main	8	static
../source/usbsss.c:241:6:initESP	8	static
../source/usbsss.c:272:6:DecoEsp	4	static
../source/usbsss.c:359:6:ESP_UART3_SEND	8	static
../source/usbsss.c:365:6:BanderasComandos	8	static
../source/usbsss.c:386:6:LeerCabecera	16	static
../source/usbsss.c:469:6:RecibirDatos	16	static
../source/usbsss.c:492:6:EnviarDatos	24	static
../source/usbsss.c:536:6:UART3_RX_TX_IRQHandler	24	static
../source/usbsss.c:569:6:PIT0_IRQHandler	16	static
