C:\Users\Lauta\Documents\MCUXpressoIDE_11.4.0_6224\workspace\usbsss\CMSIS/core_cm4.h:1809:22:__NVIC_SetPriority	16	static
C:\Users\Lauta\Documents\MCUXpressoIDE_11.4.0_6224\workspace\usbsss\CMSIS/core_cm4.h:2017:26:SysTick_Config	16	static
C:\Users\Lauta\Documents\MCUXpressoIDE_11.4.0_6224\workspace\usbsss\drivers/fsl_gpio.h:221:20:GPIO_PortToggle	16	static
C:\Users\Lauta\Documents\MCUXpressoIDE_11.4.0_6224\workspace\usbsss\drivers/fsl_uart.h:653:20:UART_WriteByte	16	static
C:\Users\Lauta\Documents\MCUXpressoIDE_11.4.0_6224\workspace\usbsss\drivers/fsl_uart.h:667:23:UART_ReadByte	16	static
C:\Users\Lauta\Documents\MCUXpressoIDE_11.4.0_6224\workspace\usbsss\drivers/fsl_pit.h:207:24:PIT_GetStatusFlags	16	static
C:\Users\Lauta\Documents\MCUXpressoIDE_11.4.0_6224\workspace\usbsss\drivers/fsl_pit.h:220:20:PIT_ClearStatusFlags	24	static
C:\Users\Lauta\Documents\MCUXpressoIDE_11.4.0_6224\workspace\usbsss\drivers/fsl_ftm.h:700:20:FTM_StartTimer	24	static
C:\Users\Lauta\Documents\MCUXpressoIDE_11.4.0_6224\workspace\usbsss\drivers/fsl_ftm.h:714:20:FTM_StopTimer	16	static
C:\Users\Lauta\Documents\MCUXpressoIDE_11.4.0_6224\workspace\usbsss\drivers/fsl_adc16.h:491:24:ADC16_GetChannelConversionValue	16	static
../source/usbsss.c:270:6:SysTick_Handler	4	static
../source/usbsss.c:276:6:Delay_ms	16	static
../source/usbsss.c:284:5:main	8	static
../source/usbsss.c:443:6:EncontrarLinea	48	static
../source/usbsss.c:478:6:resetESP	8	static
../source/usbsss.c:497:6:CommandUdp	32	static
../source/usbsss.c:749:6:ADC_Calibracion	16	static
../source/usbsss.c:759:6:initESP	16	static
../source/usbsss.c:865:9:BusyESP	16	static
../source/usbsss.c:880:6:DecoEsp	8	static
../source/usbsss.c:1341:6:RecibirComandoESP	16	static
../source/usbsss.c:1421:6:ESP_UART3_SEND	8	static
../source/usbsss.c:1427:6:BanderasComandos	8	static
../source/usbsss.c:1448:6:LeerCabecera	16	static
../source/usbsss.c:1533:6:RecibirDatos	16	static
../source/usbsss.c:1556:6:EnviarDatos	24	static
../source/usbsss.c:1600:6:UART3_RX_TX_IRQHandler	24	static
../source/usbsss.c:1635:6:ADC0_IRQHandler	8	static
../source/usbsss.c:1656:6:ADC1_IRQHandler	8	static
../source/usbsss.c:1683:6:PIT1_IRQHandler	16	static
../source/usbsss.c:1743:6:PIT0_IRQHandler	16	static
