D:\Lauta\Documents\MCUXpressoIDE_11.4.0_6224\workspace\usbsss\CMSIS/core_cm4.h:1809:22:__NVIC_SetPriority	16	static
D:\Lauta\Documents\MCUXpressoIDE_11.4.0_6224\workspace\usbsss\CMSIS/core_cm4.h:2017:26:SysTick_Config	16	static
D:\Lauta\Documents\MCUXpressoIDE_11.4.0_6224\workspace\usbsss\drivers/fsl_gpio.h:221:20:GPIO_PortToggle	16	static
D:\Lauta\Documents\MCUXpressoIDE_11.4.0_6224\workspace\usbsss\drivers/fsl_uart.h:653:20:UART_WriteByte	16	static
D:\Lauta\Documents\MCUXpressoIDE_11.4.0_6224\workspace\usbsss\drivers/fsl_uart.h:667:23:UART_ReadByte	16	static
D:\Lauta\Documents\MCUXpressoIDE_11.4.0_6224\workspace\usbsss\drivers/fsl_pit.h:207:24:PIT_GetStatusFlags	16	static
D:\Lauta\Documents\MCUXpressoIDE_11.4.0_6224\workspace\usbsss\drivers/fsl_pit.h:220:20:PIT_ClearStatusFlags	24	static
D:\Lauta\Documents\MCUXpressoIDE_11.4.0_6224\workspace\usbsss\drivers/fsl_ftm.h:700:20:FTM_StartTimer	24	static
D:\Lauta\Documents\MCUXpressoIDE_11.4.0_6224\workspace\usbsss\drivers/fsl_ftm.h:714:20:FTM_StopTimer	16	static
D:\Lauta\Documents\MCUXpressoIDE_11.4.0_6224\workspace\usbsss\drivers/fsl_adc16.h:491:24:ADC16_GetChannelConversionValue	16	static
../source/usbsss.c:276:6:SysTick_Handler	4	static
../source/usbsss.c:282:6:Delay_ms	16	static
../source/usbsss.c:290:5:main	8	static
../source/usbsss.c:470:6:StopLinea	16	static
../source/usbsss.c:500:6:CalcularPID	24	static
../source/usbsss.c:550:6:CalibrarValores	16	static
../source/usbsss.c:557:6:EncontrarLinea	56	static
../source/usbsss.c:597:6:resetESP	8	static
../source/usbsss.c:616:6:CommandUdp	24	static
../source/usbsss.c:873:6:ADC_Calibracion	16	static
../source/usbsss.c:894:6:initESP	16	static
../source/usbsss.c:1000:9:BusyESP	16	static
../source/usbsss.c:1015:6:DecoEsp	8	static
../source/usbsss.c:1476:6:RecibirComandoESP	16	static
../source/usbsss.c:1577:6:ESP_UART3_SEND	8	static
../source/usbsss.c:1583:6:BanderasComandos	8	static
../source/usbsss.c:1604:6:LeerCabecera	16	static
../source/usbsss.c:1689:6:RecibirDatos	16	static
../source/usbsss.c:1712:6:EnviarDatos	24	static
../source/usbsss.c:1756:6:UART3_RX_TX_IRQHandler	24	static
../source/usbsss.c:1791:6:ADC0_IRQHandler	8	static
../source/usbsss.c:1812:6:ADC1_IRQHandler	8	static
../source/usbsss.c:1839:6:PIT1_IRQHandler	16	static
../source/usbsss.c:1899:6:PIT0_IRQHandler	16	static
