D:\Lauta\Documents\MCUXpressoIDE_11.4.0_6224\workspace\usbsss\drivers/fsl_uart.h:653:20:UART_WriteByte	16	static
D:\Lauta\Documents\MCUXpressoIDE_11.4.0_6224\workspace\usbsss\drivers/fsl_uart.h:667:23:UART_ReadByte	16	static
../source/usbsss.c:180:5:main	8	static
../source/usbsss.c:238:6:initEsp	8	static
../source/usbsss.c:261:6:DecoEsp	4	static
../source/usbsss.c:284:6:ESP_UART3_SEND	8	static
../source/usbsss.c:290:6:BanderasComandos	8	static
../source/usbsss.c:311:6:LeerCabecera	16	static
../source/usbsss.c:394:6:RecibirDatos	16	static
../source/usbsss.c:417:6:EnviarDatos	24	static
../source/usbsss.c:461:6:UART3_RX_TX_IRQHandler	24	static
